[0.014s] Invoking command in '/home/david/limbo/build/limbo_simulation': CMAKE_PREFIX_PATH=${CMAKE_PREFIX_PATH}:/opt/ros/jazzy DEBUGINFOD_URLS=https://debuginfod.ubuntu.com /usr/bin/cmake --build /home/david/limbo/build/limbo_simulation -- -j12 -l12
[0.032s] -- Found ament_cmake: 2.5.6 (/opt/ros/jazzy/share/ament_cmake/cmake)
[0.220s] -- Found ament_lint_auto: 0.17.5 (/opt/ros/jazzy/share/ament_lint_auto/cmake)
[0.312s] -- Added test 'lint_cmake' to check CMake code style
[0.313s] -- Added test 'xmllint' to check XML markup files
[0.314s] -- Configuring done (0.3s)
[0.317s] -- Generating done (0.0s)
[0.319s] -- Build files have been written to: /home/david/limbo/build/limbo_simulation
[0.339s] Invoked command in '/home/david/limbo/build/limbo_simulation' returned '0': CMAKE_PREFIX_PATH=${CMAKE_PREFIX_PATH}:/opt/ros/jazzy DEBUGINFOD_URLS=https://debuginfod.ubuntu.com /usr/bin/cmake --build /home/david/limbo/build/limbo_simulation -- -j12 -l12
[0.340s] Invoking command in '/home/david/limbo/build/limbo_simulation': CMAKE_PREFIX_PATH=${CMAKE_PREFIX_PATH}:/opt/ros/jazzy DEBUGINFOD_URLS=https://debuginfod.ubuntu.com /usr/bin/cmake --install /home/david/limbo/build/limbo_simulation
[0.346s] -- Install configuration: ""
[0.347s] -- Installing: /home/david/limbo/install/limbo_simulation/share/limbo_simulation/worlds
[0.347s] -- Installing: /home/david/limbo/install/limbo_simulation/share/limbo_simulation/config
[0.347s] -- Installing: /home/david/limbo/install/limbo_simulation/share/limbo_simulation/launch
[0.348s] -- Up-to-date: /home/david/limbo/install/limbo_simulation/share/ament_index/resource_index/package_run_dependencies/limbo_simulation
[0.348s] -- Up-to-date: /home/david/limbo/install/limbo_simulation/share/ament_index/resource_index/parent_prefix_path/limbo_simulation
[0.350s] -- Up-to-date: /home/david/limbo/install/limbo_simulation/share/limbo_simulation/environment/ament_prefix_path.sh
[0.350s] -- Up-to-date: /home/david/limbo/install/limbo_simulation/share/limbo_simulation/environment/ament_prefix_path.dsv
[0.350s] -- Up-to-date: /home/david/limbo/install/limbo_simulation/share/limbo_simulation/environment/path.sh
[0.351s] -- Up-to-date: /home/david/limbo/install/limbo_simulation/share/limbo_simulation/environment/path.dsv
[0.351s] -- Up-to-date: /home/david/limbo/install/limbo_simulation/share/limbo_simulation/local_setup.bash
[0.352s] -- Up-to-date: /home/david/limbo/install/limbo_simulation/share/limbo_simulation/local_setup.sh
[0.352s] -- Up-to-date: /home/david/limbo/install/limbo_simulation/share/limbo_simulation/local_setup.zsh
[0.353s] -- Up-to-date: /home/david/limbo/install/limbo_simulation/share/limbo_simulation/local_setup.dsv
[0.353s] -- Up-to-date: /home/david/limbo/install/limbo_simulation/share/limbo_simulation/package.dsv
[0.353s] -- Up-to-date: /home/david/limbo/install/limbo_simulation/share/ament_index/resource_index/packages/limbo_simulation
[0.353s] -- Up-to-date: /home/david/limbo/install/limbo_simulation/share/limbo_simulation/cmake/limbo_simulationConfig.cmake
[0.353s] -- Up-to-date: /home/david/limbo/install/limbo_simulation/share/limbo_simulation/cmake/limbo_simulationConfig-version.cmake
[0.353s] -- Up-to-date: /home/david/limbo/install/limbo_simulation/share/limbo_simulation/package.xml
[0.371s] Invoked command in '/home/david/limbo/build/limbo_simulation' returned '0': CMAKE_PREFIX_PATH=${CMAKE_PREFIX_PATH}:/opt/ros/jazzy DEBUGINFOD_URLS=https://debuginfod.ubuntu.com /usr/bin/cmake --install /home/david/limbo/build/limbo_simulation
