[0.012s] Invoking command in '/home/david/limbo/build/limbo_simulation': CMAKE_PREFIX_PATH=${CMAKE_PREFIX_PATH}:/opt/ros/jazzy DEBUGINFOD_URLS=https://debuginfod.ubuntu.com /usr/bin/cmake /home/david/limbo/src/limbo_simulation -DCMAKE_INSTALL_PREFIX=/home/david/limbo/install/limbo_simulation
[0.385s] -- The C compiler identification is GNU 13.3.0
[0.626s] -- The CXX compiler identification is GNU 13.3.0
[0.656s] -- Detecting C compiler ABI info
[0.775s] -- Detecting C compiler ABI info - done
[0.790s] -- Check for working C compiler: /usr/bin/cc - skipped
[0.790s] -- Detecting C compile features
[0.791s] -- Detecting C compile features - done
[0.798s] -- Detecting CXX compiler ABI info
[0.878s] -- Detecting CXX compiler ABI info - done
[0.886s] -- Check for working CXX compiler: /usr/bin/c++ - skipped
[0.886s] -- Detecting CXX compile features
[0.887s] -- Detecting CXX compile features - done
[0.924s] -- Found ament_cmake: 2.5.6 (/opt/ros/jazzy/share/ament_cmake/cmake)
[1.075s] -- Found Python3: /usr/bin/python3 (found version "3.12.3") found components: Interpreter 
[1.258s] -- Found ament_lint_auto: 0.17.5 (/opt/ros/jazzy/share/ament_lint_auto/cmake)
[1.398s] -- Added test 'lint_cmake' to check CMake code style
[1.401s] -- Added test 'xmllint' to check XML markup files
[1.405s] -- Configuring done (1.3s)
[1.411s] -- Generating done (0.0s)
[1.416s] -- Build files have been written to: /home/david/limbo/build/limbo_simulation
[1.427s] Invoked command in '/home/david/limbo/build/limbo_simulation' returned '0': CMAKE_PREFIX_PATH=${CMAKE_PREFIX_PATH}:/opt/ros/jazzy DEBUGINFOD_URLS=https://debuginfod.ubuntu.com /usr/bin/cmake /home/david/limbo/src/limbo_simulation -DCMAKE_INSTALL_PREFIX=/home/david/limbo/install/limbo_simulation
[1.428s] Invoking command in '/home/david/limbo/build/limbo_simulation': CMAKE_PREFIX_PATH=${CMAKE_PREFIX_PATH}:/opt/ros/jazzy DEBUGINFOD_URLS=https://debuginfod.ubuntu.com /usr/bin/cmake --build /home/david/limbo/build/limbo_simulation -- -j12 -l12
[1.464s] Invoked command in '/home/david/limbo/build/limbo_simulation' returned '0': CMAKE_PREFIX_PATH=${CMAKE_PREFIX_PATH}:/opt/ros/jazzy DEBUGINFOD_URLS=https://debuginfod.ubuntu.com /usr/bin/cmake --build /home/david/limbo/build/limbo_simulation -- -j12 -l12
[1.465s] Invoking command in '/home/david/limbo/build/limbo_simulation': CMAKE_PREFIX_PATH=${CMAKE_PREFIX_PATH}:/opt/ros/jazzy DEBUGINFOD_URLS=https://debuginfod.ubuntu.com /usr/bin/cmake --install /home/david/limbo/build/limbo_simulation
[1.474s] -- Install configuration: ""
[1.474s] -- Installing: /home/david/limbo/install/limbo_simulation/share/ament_index/resource_index/package_run_dependencies/limbo_simulation
[1.474s] -- Installing: /home/david/limbo/install/limbo_simulation/share/ament_index/resource_index/parent_prefix_path/limbo_simulation
[1.474s] -- Installing: /home/david/limbo/install/limbo_simulation/share/limbo_simulation/environment/ament_prefix_path.sh
[1.474s] -- Installing: /home/david/limbo/install/limbo_simulation/share/limbo_simulation/environment/ament_prefix_path.dsv
[1.474s] -- Installing: /home/david/limbo/install/limbo_simulation/share/limbo_simulation/environment/path.sh
[1.474s] -- Installing: /home/david/limbo/install/limbo_simulation/share/limbo_simulation/environment/path.dsv
[1.474s] -- Installing: /home/david/limbo/install/limbo_simulation/share/limbo_simulation/local_setup.bash
[1.474s] -- Installing: /home/david/limbo/install/limbo_simulation/share/limbo_simulation/local_setup.sh
[1.474s] -- Installing: /home/david/limbo/install/limbo_simulation/share/limbo_simulation/local_setup.zsh
[1.474s] -- Installing: /home/david/limbo/install/limbo_simulation/share/limbo_simulation/local_setup.dsv
[1.474s] -- Installing: /home/david/limbo/install/limbo_simulation/share/limbo_simulation/package.dsv
[1.474s] -- Installing: /home/david/limbo/install/limbo_simulation/share/ament_index/resource_index/packages/limbo_simulation
[1.475s] -- Installing: /home/david/limbo/install/limbo_simulation/share/limbo_simulation/cmake/limbo_simulationConfig.cmake
[1.475s] -- Installing: /home/david/limbo/install/limbo_simulation/share/limbo_simulation/cmake/limbo_simulationConfig-version.cmake
[1.475s] -- Installing: /home/david/limbo/install/limbo_simulation/share/limbo_simulation/package.xml
[1.534s] Invoked command in '/home/david/limbo/build/limbo_simulation' returned '0': CMAKE_PREFIX_PATH=${CMAKE_PREFIX_PATH}:/opt/ros/jazzy DEBUGINFOD_URLS=https://debuginfod.ubuntu.com /usr/bin/cmake --install /home/david/limbo/build/limbo_simulation
