[0.879s] DEBUG:colcon:Command line arguments: ['/usr/bin/colcon', 'build']
[0.879s] DEBUG:colcon:Parsed command line arguments: Namespace(log_base=None, log_level=None, verb_name='build', build_base='build', install_base='install', merge_install=False, symlink_install=False, test_result_base=None, continue_on_error=False, executor='parallel', parallel_workers=12, event_handlers=None, ignore_user_meta=False, metas=['./colcon.meta'], base_paths=['.'], packages_ignore=None, packages_ignore_regex=None, paths=None, packages_up_to=None, packages_up_to_regex=None, packages_above=None, packages_above_and_dependencies=None, packages_above_depth=None, packages_select_by_dep=None, packages_skip_by_dep=None, packages_skip_up_to=None, packages_select_build_failed=False, packages_skip_build_finished=False, packages_select_test_failures=False, packages_skip_test_passed=False, packages_select=None, packages_skip=None, packages_select_regex=None, packages_skip_regex=None, packages_start=None, packages_end=None, allow_overriding=[], cmake_args=None, cmake_target=None, cmake_target_skip_unavailable=False, cmake_clean_cache=False, cmake_clean_first=False, cmake_force_configure=False, ament_cmake_args=None, catkin_cmake_args=None, catkin_skip_building_tests=False, mixin_files=None, mixin=None, verb_parser=<colcon_mixin.mixin.mixin_argument.MixinArgumentDecorator object at 0x7d3a12b85ac0>, verb_extension=<colcon_core.verb.build.BuildVerb object at 0x7d3a12b856d0>, main=<bound method BuildVerb.main of <colcon_core.verb.build.BuildVerb object at 0x7d3a12b856d0>>, mixin_verb=('build',))
[1.010s] Level 1:colcon.colcon_core.package_discovery:discover_packages(colcon_meta) check parameters
[1.010s] Level 1:colcon.colcon_core.package_discovery:discover_packages(recursive) check parameters
[1.010s] Level 1:colcon.colcon_core.package_discovery:discover_packages(ignore) check parameters
[1.010s] Level 1:colcon.colcon_core.package_discovery:discover_packages(path) check parameters
[1.010s] Level 1:colcon.colcon_core.package_discovery:discover_packages(colcon_meta) discover
[1.010s] Level 1:colcon.colcon_core.package_discovery:discover_packages(recursive) discover
[1.010s] INFO:colcon.colcon_core.package_discovery:Crawling recursively for packages in '/home/david/limbo'
[1.010s] Level 1:colcon.colcon_core.package_identification:_identify(.) by extensions ['ignore', 'ignore_ament_install']
[1.010s] Level 1:colcon.colcon_core.package_identification:_identify(.) by extension 'ignore'
[1.010s] Level 1:colcon.colcon_core.package_identification:_identify(.) by extension 'ignore_ament_install'
[1.011s] Level 1:colcon.colcon_core.package_identification:_identify(.) by extensions ['colcon_pkg']
[1.011s] Level 1:colcon.colcon_core.package_identification:_identify(.) by extension 'colcon_pkg'
[1.011s] Level 1:colcon.colcon_core.package_identification:_identify(.) by extensions ['colcon_meta']
[1.011s] Level 1:colcon.colcon_core.package_identification:_identify(.) by extension 'colcon_meta'
[1.011s] Level 1:colcon.colcon_core.package_identification:_identify(.) by extensions ['ros']
[1.011s] Level 1:colcon.colcon_core.package_identification:_identify(.) by extension 'ros'
[1.047s] Level 1:colcon.colcon_core.package_identification:_identify(.) by extensions ['cmake', 'python']
[1.047s] Level 1:colcon.colcon_core.package_identification:_identify(.) by extension 'cmake'
[1.047s] Level 1:colcon.colcon_core.package_identification:_identify(.) by extension 'python'
[1.047s] Level 1:colcon.colcon_core.package_identification:_identify(.) by extensions ['python_setup_py']
[1.047s] Level 1:colcon.colcon_core.package_identification:_identify(.) by extension 'python_setup_py'
[1.047s] Level 1:colcon.colcon_core.package_identification:_identify(build) by extensions ['ignore', 'ignore_ament_install']
[1.047s] Level 1:colcon.colcon_core.package_identification:_identify(build) by extension 'ignore'
[1.047s] Level 1:colcon.colcon_core.package_identification:_identify(build) ignored
[1.048s] Level 1:colcon.colcon_core.package_identification:_identify(install) by extensions ['ignore', 'ignore_ament_install']
[1.048s] Level 1:colcon.colcon_core.package_identification:_identify(install) by extension 'ignore'
[1.048s] Level 1:colcon.colcon_core.package_identification:_identify(install) ignored
[1.048s] Level 1:colcon.colcon_core.package_identification:_identify(log) by extensions ['ignore', 'ignore_ament_install']
[1.048s] Level 1:colcon.colcon_core.package_identification:_identify(log) by extension 'ignore'
[1.048s] Level 1:colcon.colcon_core.package_identification:_identify(log) ignored
[1.048s] Level 1:colcon.colcon_core.package_identification:_identify(src) by extensions ['ignore', 'ignore_ament_install']
[1.048s] Level 1:colcon.colcon_core.package_identification:_identify(src) by extension 'ignore'
[1.048s] Level 1:colcon.colcon_core.package_identification:_identify(src) by extension 'ignore_ament_install'
[1.048s] Level 1:colcon.colcon_core.package_identification:_identify(src) by extensions ['colcon_pkg']
[1.048s] Level 1:colcon.colcon_core.package_identification:_identify(src) by extension 'colcon_pkg'
[1.048s] Level 1:colcon.colcon_core.package_identification:_identify(src) by extensions ['colcon_meta']
[1.048s] Level 1:colcon.colcon_core.package_identification:_identify(src) by extension 'colcon_meta'
[1.048s] Level 1:colcon.colcon_core.package_identification:_identify(src) by extensions ['ros']
[1.048s] Level 1:colcon.colcon_core.package_identification:_identify(src) by extension 'ros'
[1.048s] Level 1:colcon.colcon_core.package_identification:_identify(src) by extensions ['cmake', 'python']
[1.048s] Level 1:colcon.colcon_core.package_identification:_identify(src) by extension 'cmake'
[1.048s] Level 1:colcon.colcon_core.package_identification:_identify(src) by extension 'python'
[1.048s] Level 1:colcon.colcon_core.package_identification:_identify(src) by extensions ['python_setup_py']
[1.048s] Level 1:colcon.colcon_core.package_identification:_identify(src) by extension 'python_setup_py'
[1.049s] Level 1:colcon.colcon_core.package_identification:_identify(src/build) by extensions ['ignore', 'ignore_ament_install']
[1.049s] Level 1:colcon.colcon_core.package_identification:_identify(src/build) by extension 'ignore'
[1.049s] Level 1:colcon.colcon_core.package_identification:_identify(src/build) ignored
[1.049s] Level 1:colcon.colcon_core.package_identification:_identify(src/install) by extensions ['ignore', 'ignore_ament_install']
[1.049s] Level 1:colcon.colcon_core.package_identification:_identify(src/install) by extension 'ignore'
[1.049s] Level 1:colcon.colcon_core.package_identification:_identify(src/install) ignored
[1.049s] Level 1:colcon.colcon_core.package_identification:_identify(src/limbo_bringup) by extensions ['ignore', 'ignore_ament_install']
[1.049s] Level 1:colcon.colcon_core.package_identification:_identify(src/limbo_bringup) by extension 'ignore'
[1.049s] Level 1:colcon.colcon_core.package_identification:_identify(src/limbo_bringup) by extension 'ignore_ament_install'
[1.049s] Level 1:colcon.colcon_core.package_identification:_identify(src/limbo_bringup) by extensions ['colcon_pkg']
[1.049s] Level 1:colcon.colcon_core.package_identification:_identify(src/limbo_bringup) by extension 'colcon_pkg'
[1.049s] Level 1:colcon.colcon_core.package_identification:_identify(src/limbo_bringup) by extensions ['colcon_meta']
[1.049s] Level 1:colcon.colcon_core.package_identification:_identify(src/limbo_bringup) by extension 'colcon_meta'
[1.049s] Level 1:colcon.colcon_core.package_identification:_identify(src/limbo_bringup) by extensions ['ros']
[1.049s] Level 1:colcon.colcon_core.package_identification:_identify(src/limbo_bringup) by extension 'ros'
[1.053s] DEBUG:colcon.colcon_core.package_identification:Package 'src/limbo_bringup' with type 'ros.ament_cmake' and name 'limbo_bringup'
[1.053s] Level 1:colcon.colcon_core.package_identification:_identify(src/limbo_description) by extensions ['ignore', 'ignore_ament_install']
[1.053s] Level 1:colcon.colcon_core.package_identification:_identify(src/limbo_description) by extension 'ignore'
[1.053s] Level 1:colcon.colcon_core.package_identification:_identify(src/limbo_description) by extension 'ignore_ament_install'
[1.053s] Level 1:colcon.colcon_core.package_identification:_identify(src/limbo_description) by extensions ['colcon_pkg']
[1.053s] Level 1:colcon.colcon_core.package_identification:_identify(src/limbo_description) by extension 'colcon_pkg'
[1.053s] Level 1:colcon.colcon_core.package_identification:_identify(src/limbo_description) by extensions ['colcon_meta']
[1.053s] Level 1:colcon.colcon_core.package_identification:_identify(src/limbo_description) by extension 'colcon_meta'
[1.053s] Level 1:colcon.colcon_core.package_identification:_identify(src/limbo_description) by extensions ['ros']
[1.053s] Level 1:colcon.colcon_core.package_identification:_identify(src/limbo_description) by extension 'ros'
[1.054s] DEBUG:colcon.colcon_core.package_identification:Package 'src/limbo_description' with type 'ros.ament_cmake' and name 'limbo_description'
[1.054s] Level 1:colcon.colcon_core.package_identification:_identify(src/limbo_navigation) by extensions ['ignore', 'ignore_ament_install']
[1.054s] Level 1:colcon.colcon_core.package_identification:_identify(src/limbo_navigation) by extension 'ignore'
[1.054s] Level 1:colcon.colcon_core.package_identification:_identify(src/limbo_navigation) by extension 'ignore_ament_install'
[1.054s] Level 1:colcon.colcon_core.package_identification:_identify(src/limbo_navigation) by extensions ['colcon_pkg']
[1.054s] Level 1:colcon.colcon_core.package_identification:_identify(src/limbo_navigation) by extension 'colcon_pkg'
[1.054s] Level 1:colcon.colcon_core.package_identification:_identify(src/limbo_navigation) by extensions ['colcon_meta']
[1.054s] Level 1:colcon.colcon_core.package_identification:_identify(src/limbo_navigation) by extension 'colcon_meta'
[1.054s] Level 1:colcon.colcon_core.package_identification:_identify(src/limbo_navigation) by extensions ['ros']
[1.054s] Level 1:colcon.colcon_core.package_identification:_identify(src/limbo_navigation) by extension 'ros'
[1.054s] DEBUG:colcon.colcon_core.package_identification:Package 'src/limbo_navigation' with type 'ros.ament_cmake' and name 'limbo_navigation'
[1.054s] Level 1:colcon.colcon_core.package_identification:_identify(src/limbo_simulation) by extensions ['ignore', 'ignore_ament_install']
[1.054s] Level 1:colcon.colcon_core.package_identification:_identify(src/limbo_simulation) by extension 'ignore'
[1.055s] Level 1:colcon.colcon_core.package_identification:_identify(src/limbo_simulation) by extension 'ignore_ament_install'
[1.055s] Level 1:colcon.colcon_core.package_identification:_identify(src/limbo_simulation) by extensions ['colcon_pkg']
[1.055s] Level 1:colcon.colcon_core.package_identification:_identify(src/limbo_simulation) by extension 'colcon_pkg'
[1.055s] Level 1:colcon.colcon_core.package_identification:_identify(src/limbo_simulation) by extensions ['colcon_meta']
[1.055s] Level 1:colcon.colcon_core.package_identification:_identify(src/limbo_simulation) by extension 'colcon_meta'
[1.055s] Level 1:colcon.colcon_core.package_identification:_identify(src/limbo_simulation) by extensions ['ros']
[1.055s] Level 1:colcon.colcon_core.package_identification:_identify(src/limbo_simulation) by extension 'ros'
[1.055s] DEBUG:colcon.colcon_core.package_identification:Package 'src/limbo_simulation' with type 'ros.ament_cmake' and name 'limbo_simulation'
[1.055s] Level 1:colcon.colcon_core.package_identification:_identify(src/log) by extensions ['ignore', 'ignore_ament_install']
[1.055s] Level 1:colcon.colcon_core.package_identification:_identify(src/log) by extension 'ignore'
[1.055s] Level 1:colcon.colcon_core.package_identification:_identify(src/log) ignored
[1.055s] Level 1:colcon.colcon_core.package_discovery:discover_packages(recursive) using defaults
[1.055s] Level 1:colcon.colcon_core.package_discovery:discover_packages(ignore) discover
[1.055s] Level 1:colcon.colcon_core.package_discovery:discover_packages(ignore) using defaults
[1.055s] Level 1:colcon.colcon_core.package_discovery:discover_packages(path) discover
[1.055s] Level 1:colcon.colcon_core.package_discovery:discover_packages(path) using defaults
[1.092s] Level 1:colcon.colcon_core.package_discovery:discover_packages(prefix_path) check parameters
[1.092s] Level 1:colcon.colcon_core.package_discovery:discover_packages(prefix_path) discover
[1.100s] DEBUG:colcon.colcon_installed_package_information.package_discovery:Found 4 installed packages in /home/david/limbo/install
[1.101s] DEBUG:colcon.colcon_installed_package_information.package_discovery:Found 403 installed packages in /opt/ros/jazzy
[1.103s] Level 1:colcon.colcon_core.package_discovery:discover_packages(prefix_path) using defaults
[1.158s] Level 5:colcon.colcon_core.verb:set package 'limbo_bringup' build argument 'cmake_args' from command line to 'None'
[1.158s] Level 5:colcon.colcon_core.verb:set package 'limbo_bringup' build argument 'cmake_target' from command line to 'None'
[1.158s] Level 5:colcon.colcon_core.verb:set package 'limbo_bringup' build argument 'cmake_target_skip_unavailable' from command line to 'False'
[1.158s] Level 5:colcon.colcon_core.verb:set package 'limbo_bringup' build argument 'cmake_clean_cache' from command line to 'False'
[1.158s] Level 5:colcon.colcon_core.verb:set package 'limbo_bringup' build argument 'cmake_clean_first' from command line to 'False'
[1.158s] Level 5:colcon.colcon_core.verb:set package 'limbo_bringup' build argument 'cmake_force_configure' from command line to 'False'
[1.158s] Level 5:colcon.colcon_core.verb:set package 'limbo_bringup' build argument 'ament_cmake_args' from command line to 'None'
[1.158s] Level 5:colcon.colcon_core.verb:set package 'limbo_bringup' build argument 'catkin_cmake_args' from command line to 'None'
[1.158s] Level 5:colcon.colcon_core.verb:set package 'limbo_bringup' build argument 'catkin_skip_building_tests' from command line to 'False'
[1.158s] DEBUG:colcon.colcon_core.verb:Building package 'limbo_bringup' with the following arguments: {'ament_cmake_args': None, 'build_base': '/home/david/limbo/build/limbo_bringup', 'catkin_cmake_args': None, 'catkin_skip_building_tests': False, 'cmake_args': None, 'cmake_clean_cache': False, 'cmake_clean_first': False, 'cmake_force_configure': False, 'cmake_target': None, 'cmake_target_skip_unavailable': False, 'install_base': '/home/david/limbo/install/limbo_bringup', 'merge_install': False, 'path': '/home/david/limbo/src/limbo_bringup', 'symlink_install': False, 'test_result_base': None}
[1.158s] Level 5:colcon.colcon_core.verb:set package 'limbo_description' build argument 'cmake_args' from command line to 'None'
[1.158s] Level 5:colcon.colcon_core.verb:set package 'limbo_description' build argument 'cmake_target' from command line to 'None'
[1.158s] Level 5:colcon.colcon_core.verb:set package 'limbo_description' build argument 'cmake_target_skip_unavailable' from command line to 'False'
[1.158s] Level 5:colcon.colcon_core.verb:set package 'limbo_description' build argument 'cmake_clean_cache' from command line to 'False'
[1.158s] Level 5:colcon.colcon_core.verb:set package 'limbo_description' build argument 'cmake_clean_first' from command line to 'False'
[1.158s] Level 5:colcon.colcon_core.verb:set package 'limbo_description' build argument 'cmake_force_configure' from command line to 'False'
[1.158s] Level 5:colcon.colcon_core.verb:set package 'limbo_description' build argument 'ament_cmake_args' from command line to 'None'
[1.158s] Level 5:colcon.colcon_core.verb:set package 'limbo_description' build argument 'catkin_cmake_args' from command line to 'None'
[1.158s] Level 5:colcon.colcon_core.verb:set package 'limbo_description' build argument 'catkin_skip_building_tests' from command line to 'False'
[1.159s] DEBUG:colcon.colcon_core.verb:Building package 'limbo_description' with the following arguments: {'ament_cmake_args': None, 'build_base': '/home/david/limbo/build/limbo_description', 'catkin_cmake_args': None, 'catkin_skip_building_tests': False, 'cmake_args': None, 'cmake_clean_cache': False, 'cmake_clean_first': False, 'cmake_force_configure': False, 'cmake_target': None, 'cmake_target_skip_unavailable': False, 'install_base': '/home/david/limbo/install/limbo_description', 'merge_install': False, 'path': '/home/david/limbo/src/limbo_description', 'symlink_install': False, 'test_result_base': None}
[1.159s] Level 5:colcon.colcon_core.verb:set package 'limbo_navigation' build argument 'cmake_args' from command line to 'None'
[1.159s] Level 5:colcon.colcon_core.verb:set package 'limbo_navigation' build argument 'cmake_target' from command line to 'None'
[1.159s] Level 5:colcon.colcon_core.verb:set package 'limbo_navigation' build argument 'cmake_target_skip_unavailable' from command line to 'False'
[1.159s] Level 5:colcon.colcon_core.verb:set package 'limbo_navigation' build argument 'cmake_clean_cache' from command line to 'False'
[1.159s] Level 5:colcon.colcon_core.verb:set package 'limbo_navigation' build argument 'cmake_clean_first' from command line to 'False'
[1.159s] Level 5:colcon.colcon_core.verb:set package 'limbo_navigation' build argument 'cmake_force_configure' from command line to 'False'
[1.159s] Level 5:colcon.colcon_core.verb:set package 'limbo_navigation' build argument 'ament_cmake_args' from command line to 'None'
[1.159s] Level 5:colcon.colcon_core.verb:set package 'limbo_navigation' build argument 'catkin_cmake_args' from command line to 'None'
[1.159s] Level 5:colcon.colcon_core.verb:set package 'limbo_navigation' build argument 'catkin_skip_building_tests' from command line to 'False'
[1.159s] DEBUG:colcon.colcon_core.verb:Building package 'limbo_navigation' with the following arguments: {'ament_cmake_args': None, 'build_base': '/home/david/limbo/build/limbo_navigation', 'catkin_cmake_args': None, 'catkin_skip_building_tests': False, 'cmake_args': None, 'cmake_clean_cache': False, 'cmake_clean_first': False, 'cmake_force_configure': False, 'cmake_target': None, 'cmake_target_skip_unavailable': False, 'install_base': '/home/david/limbo/install/limbo_navigation', 'merge_install': False, 'path': '/home/david/limbo/src/limbo_navigation', 'symlink_install': False, 'test_result_base': None}
[1.159s] Level 5:colcon.colcon_core.verb:set package 'limbo_simulation' build argument 'cmake_args' from command line to 'None'
[1.159s] Level 5:colcon.colcon_core.verb:set package 'limbo_simulation' build argument 'cmake_target' from command line to 'None'
[1.159s] Level 5:colcon.colcon_core.verb:set package 'limbo_simulation' build argument 'cmake_target_skip_unavailable' from command line to 'False'
[1.159s] Level 5:colcon.colcon_core.verb:set package 'limbo_simulation' build argument 'cmake_clean_cache' from command line to 'False'
[1.159s] Level 5:colcon.colcon_core.verb:set package 'limbo_simulation' build argument 'cmake_clean_first' from command line to 'False'
[1.159s] Level 5:colcon.colcon_core.verb:set package 'limbo_simulation' build argument 'cmake_force_configure' from command line to 'False'
[1.159s] Level 5:colcon.colcon_core.verb:set package 'limbo_simulation' build argument 'ament_cmake_args' from command line to 'None'
[1.159s] Level 5:colcon.colcon_core.verb:set package 'limbo_simulation' build argument 'catkin_cmake_args' from command line to 'None'
[1.159s] Level 5:colcon.colcon_core.verb:set package 'limbo_simulation' build argument 'catkin_skip_building_tests' from command line to 'False'
[1.159s] DEBUG:colcon.colcon_core.verb:Building package 'limbo_simulation' with the following arguments: {'ament_cmake_args': None, 'build_base': '/home/david/limbo/build/limbo_simulation', 'catkin_cmake_args': None, 'catkin_skip_building_tests': False, 'cmake_args': None, 'cmake_clean_cache': False, 'cmake_clean_first': False, 'cmake_force_configure': False, 'cmake_target': None, 'cmake_target_skip_unavailable': False, 'install_base': '/home/david/limbo/install/limbo_simulation', 'merge_install': False, 'path': '/home/david/limbo/src/limbo_simulation', 'symlink_install': False, 'test_result_base': None}
[1.159s] INFO:colcon.colcon_core.executor:Executing jobs using 'parallel' executor
[1.161s] DEBUG:colcon.colcon_parallel_executor.executor.parallel:run_until_complete
[1.161s] INFO:colcon.colcon_ros.task.ament_cmake.build:Building ROS package in '/home/david/limbo/src/limbo_bringup' with build type 'ament_cmake'
[1.161s] INFO:colcon.colcon_cmake.task.cmake.build:Building CMake package in '/home/david/limbo/src/limbo_bringup'
[1.181s] INFO:colcon.colcon_core.plugin_system:Skipping extension 'colcon_core.shell.bat': Not used on non-Windows systems
[1.181s] INFO:colcon.colcon_core.shell:Skip shell extension 'powershell' for command environment: Not usable outside of PowerShell
[1.181s] DEBUG:colcon.colcon_core.shell:Skip shell extension 'dsv' for command environment
[1.186s] INFO:colcon.colcon_ros.task.ament_cmake.build:Building ROS package in '/home/david/limbo/src/limbo_description' with build type 'ament_cmake'
[1.186s] INFO:colcon.colcon_cmake.task.cmake.build:Building CMake package in '/home/david/limbo/src/limbo_description'
[1.186s] INFO:colcon.colcon_core.shell:Skip shell extension 'powershell' for command environment: Not usable outside of PowerShell
[1.186s] DEBUG:colcon.colcon_core.shell:Skip shell extension 'dsv' for command environment
[1.189s] INFO:colcon.colcon_ros.task.ament_cmake.build:Building ROS package in '/home/david/limbo/src/limbo_navigation' with build type 'ament_cmake'
[1.189s] INFO:colcon.colcon_cmake.task.cmake.build:Building CMake package in '/home/david/limbo/src/limbo_navigation'
[1.189s] INFO:colcon.colcon_core.shell:Skip shell extension 'powershell' for command environment: Not usable outside of PowerShell
[1.189s] DEBUG:colcon.colcon_core.shell:Skip shell extension 'dsv' for command environment
[1.192s] INFO:colcon.colcon_ros.task.ament_cmake.build:Building ROS package in '/home/david/limbo/src/limbo_simulation' with build type 'ament_cmake'
[1.192s] INFO:colcon.colcon_cmake.task.cmake.build:Building CMake package in '/home/david/limbo/src/limbo_simulation'
[1.193s] INFO:colcon.colcon_core.shell:Skip shell extension 'powershell' for command environment: Not usable outside of PowerShell
[1.193s] DEBUG:colcon.colcon_core.shell:Skip shell extension 'dsv' for command environment
[1.201s] DEBUG:colcon.colcon_core.event_handler.log_command:Invoking command in '/home/david/limbo/build/limbo_bringup': CMAKE_PREFIX_PATH=${CMAKE_PREFIX_PATH}:/opt/ros/jazzy DEBUGINFOD_URLS=https://debuginfod.ubuntu.com /usr/bin/cmake --build /home/david/limbo/build/limbo_bringup -- -j12 -l12
[1.209s] DEBUG:colcon.colcon_core.event_handler.log_command:Invoking command in '/home/david/limbo/build/limbo_description': CMAKE_PREFIX_PATH=${CMAKE_PREFIX_PATH}:/opt/ros/jazzy DEBUGINFOD_URLS=https://debuginfod.ubuntu.com /usr/bin/cmake --build /home/david/limbo/build/limbo_description -- -j12 -l12
[1.213s] DEBUG:colcon.colcon_core.event_handler.log_command:Invoking command in '/home/david/limbo/build/limbo_navigation': CMAKE_PREFIX_PATH=${CMAKE_PREFIX_PATH}:/opt/ros/jazzy DEBUGINFOD_URLS=https://debuginfod.ubuntu.com /usr/bin/cmake --build /home/david/limbo/build/limbo_navigation -- -j12 -l12
[1.217s] DEBUG:colcon.colcon_core.event_handler.log_command:Invoking command in '/home/david/limbo/build/limbo_simulation': CMAKE_PREFIX_PATH=${CMAKE_PREFIX_PATH}:/opt/ros/jazzy DEBUGINFOD_URLS=https://debuginfod.ubuntu.com /usr/bin/cmake --build /home/david/limbo/build/limbo_simulation -- -j12 -l12
[1.355s] DEBUG:colcon.colcon_core.event_handler.log_command:Invoked command in '/home/david/limbo/build/limbo_bringup' returned '0': CMAKE_PREFIX_PATH=${CMAKE_PREFIX_PATH}:/opt/ros/jazzy DEBUGINFOD_URLS=https://debuginfod.ubuntu.com /usr/bin/cmake --build /home/david/limbo/build/limbo_bringup -- -j12 -l12
[1.367s] DEBUG:colcon.colcon_core.event_handler.log_command:Invoking command in '/home/david/limbo/build/limbo_bringup': CMAKE_PREFIX_PATH=${CMAKE_PREFIX_PATH}:/opt/ros/jazzy DEBUGINFOD_URLS=https://debuginfod.ubuntu.com /usr/bin/cmake --install /home/david/limbo/build/limbo_bringup
[1.369s] DEBUG:colcon.colcon_core.event_handler.log_command:Invoked command in '/home/david/limbo/build/limbo_description' returned '0': CMAKE_PREFIX_PATH=${CMAKE_PREFIX_PATH}:/opt/ros/jazzy DEBUGINFOD_URLS=https://debuginfod.ubuntu.com /usr/bin/cmake --build /home/david/limbo/build/limbo_description -- -j12 -l12
[1.371s] DEBUG:colcon.colcon_core.event_handler.log_command:Invoking command in '/home/david/limbo/build/limbo_description': CMAKE_PREFIX_PATH=${CMAKE_PREFIX_PATH}:/opt/ros/jazzy DEBUGINFOD_URLS=https://debuginfod.ubuntu.com /usr/bin/cmake --install /home/david/limbo/build/limbo_description
[1.372s] DEBUG:colcon.colcon_core.event_handler.log_command:Invoked command in '/home/david/limbo/build/limbo_navigation' returned '0': CMAKE_PREFIX_PATH=${CMAKE_PREFIX_PATH}:/opt/ros/jazzy DEBUGINFOD_URLS=https://debuginfod.ubuntu.com /usr/bin/cmake --build /home/david/limbo/build/limbo_navigation -- -j12 -l12
[1.374s] DEBUG:colcon.colcon_core.event_handler.log_command:Invoking command in '/home/david/limbo/build/limbo_navigation': CMAKE_PREFIX_PATH=${CMAKE_PREFIX_PATH}:/opt/ros/jazzy DEBUGINFOD_URLS=https://debuginfod.ubuntu.com /usr/bin/cmake --install /home/david/limbo/build/limbo_navigation
[1.380s] Level 1:colcon.colcon_core.environment:create_environment_scripts_only(limbo_bringup)
[1.384s] DEBUG:colcon.colcon_core.event_handler.log_command:Invoked command in '/home/david/limbo/build/limbo_bringup' returned '0': CMAKE_PREFIX_PATH=${CMAKE_PREFIX_PATH}:/opt/ros/jazzy DEBUGINFOD_URLS=https://debuginfod.ubuntu.com /usr/bin/cmake --install /home/david/limbo/build/limbo_bringup
[1.398s] Level 1:colcon.colcon_core.environment:checking '/home/david/limbo/install/limbo_bringup' for CMake module files
[1.399s] Level 1:colcon.colcon_core.environment:checking '/home/david/limbo/install/limbo_bringup' for CMake config files
[1.399s] Level 1:colcon.colcon_core.shell:create_environment_hook('limbo_bringup', 'cmake_prefix_path')
[1.399s] INFO:colcon.colcon_core.shell:Creating environment hook '/home/david/limbo/install/limbo_bringup/share/limbo_bringup/hook/cmake_prefix_path.ps1'
[1.401s] INFO:colcon.colcon_core.shell:Creating environment descriptor '/home/david/limbo/install/limbo_bringup/share/limbo_bringup/hook/cmake_prefix_path.dsv'
[1.402s] INFO:colcon.colcon_core.shell:Creating environment hook '/home/david/limbo/install/limbo_bringup/share/limbo_bringup/hook/cmake_prefix_path.sh'
[1.404s] Level 1:colcon.colcon_core.environment:checking '/home/david/limbo/install/limbo_bringup/bin'
[1.404s] Level 1:colcon.colcon_core.environment:checking '/home/david/limbo/install/limbo_bringup/lib/pkgconfig/limbo_bringup.pc'
[1.404s] Level 1:colcon.colcon_core.environment:checking '/home/david/limbo/install/limbo_bringup/lib/python3.12/site-packages'
[1.405s] Level 1:colcon.colcon_core.environment:checking '/home/david/limbo/install/limbo_bringup/bin'
[1.405s] INFO:colcon.colcon_core.shell:Creating package script '/home/david/limbo/install/limbo_bringup/share/limbo_bringup/package.ps1'
[1.406s] INFO:colcon.colcon_core.shell:Creating package descriptor '/home/david/limbo/install/limbo_bringup/share/limbo_bringup/package.dsv'
[1.407s] INFO:colcon.colcon_core.shell:Creating package script '/home/david/limbo/install/limbo_bringup/share/limbo_bringup/package.sh'
[1.409s] INFO:colcon.colcon_core.shell:Creating package script '/home/david/limbo/install/limbo_bringup/share/limbo_bringup/package.bash'
[1.411s] INFO:colcon.colcon_core.shell:Creating package script '/home/david/limbo/install/limbo_bringup/share/limbo_bringup/package.zsh'
[1.413s] Level 1:colcon.colcon_core.environment:create_file_with_runtime_dependencies(/home/david/limbo/install/limbo_bringup/share/colcon-core/packages/limbo_bringup)
[1.413s] Level 1:colcon.colcon_core.environment:create_environment_scripts_only(limbo_bringup)
[1.413s] Level 1:colcon.colcon_core.environment:checking '/home/david/limbo/install/limbo_bringup' for CMake module files
[1.414s] Level 1:colcon.colcon_core.environment:checking '/home/david/limbo/install/limbo_bringup' for CMake config files
[1.414s] Level 1:colcon.colcon_core.shell:create_environment_hook('limbo_bringup', 'cmake_prefix_path')
[1.414s] INFO:colcon.colcon_core.shell:Creating environment hook '/home/david/limbo/install/limbo_bringup/share/limbo_bringup/hook/cmake_prefix_path.ps1'
[1.414s] INFO:colcon.colcon_core.shell:Creating environment descriptor '/home/david/limbo/install/limbo_bringup/share/limbo_bringup/hook/cmake_prefix_path.dsv'
[1.415s] INFO:colcon.colcon_core.shell:Creating environment hook '/home/david/limbo/install/limbo_bringup/share/limbo_bringup/hook/cmake_prefix_path.sh'
[1.415s] Level 1:colcon.colcon_core.environment:checking '/home/david/limbo/install/limbo_bringup/bin'
[1.416s] Level 1:colcon.colcon_core.environment:checking '/home/david/limbo/install/limbo_bringup/lib/pkgconfig/limbo_bringup.pc'
[1.416s] Level 1:colcon.colcon_core.environment:checking '/home/david/limbo/install/limbo_bringup/lib/python3.12/site-packages'
[1.416s] Level 1:colcon.colcon_core.environment:checking '/home/david/limbo/install/limbo_bringup/bin'
[1.416s] INFO:colcon.colcon_core.shell:Creating package script '/home/david/limbo/install/limbo_bringup/share/limbo_bringup/package.ps1'
[1.417s] INFO:colcon.colcon_core.shell:Creating package descriptor '/home/david/limbo/install/limbo_bringup/share/limbo_bringup/package.dsv'
[1.417s] INFO:colcon.colcon_core.shell:Creating package script '/home/david/limbo/install/limbo_bringup/share/limbo_bringup/package.sh'
[1.418s] INFO:colcon.colcon_core.shell:Creating package script '/home/david/limbo/install/limbo_bringup/share/limbo_bringup/package.bash'
[1.419s] INFO:colcon.colcon_core.shell:Creating package script '/home/david/limbo/install/limbo_bringup/share/limbo_bringup/package.zsh'
[1.419s] Level 1:colcon.colcon_core.environment:create_file_with_runtime_dependencies(/home/david/limbo/install/limbo_bringup/share/colcon-core/packages/limbo_bringup)
[1.421s] Level 1:colcon.colcon_core.environment:create_environment_scripts_only(limbo_description)
[1.421s] Level 1:colcon.colcon_core.environment:checking '/home/david/limbo/install/limbo_description' for CMake module files
[1.422s] DEBUG:colcon.colcon_core.event_handler.log_command:Invoked command in '/home/david/limbo/build/limbo_description' returned '0': CMAKE_PREFIX_PATH=${CMAKE_PREFIX_PATH}:/opt/ros/jazzy DEBUGINFOD_URLS=https://debuginfod.ubuntu.com /usr/bin/cmake --install /home/david/limbo/build/limbo_description
[1.422s] Level 1:colcon.colcon_core.environment:checking '/home/david/limbo/install/limbo_description' for CMake config files
[1.422s] Level 1:colcon.colcon_core.shell:create_environment_hook('limbo_description', 'cmake_prefix_path')
[1.423s] INFO:colcon.colcon_core.shell:Creating environment hook '/home/david/limbo/install/limbo_description/share/limbo_description/hook/cmake_prefix_path.ps1'
[1.424s] INFO:colcon.colcon_core.shell:Creating environment descriptor '/home/david/limbo/install/limbo_description/share/limbo_description/hook/cmake_prefix_path.dsv'
[1.424s] INFO:colcon.colcon_core.shell:Creating environment hook '/home/david/limbo/install/limbo_description/share/limbo_description/hook/cmake_prefix_path.sh'
[1.425s] Level 1:colcon.colcon_core.environment:checking '/home/david/limbo/install/limbo_description/bin'
[1.425s] Level 1:colcon.colcon_core.environment:checking '/home/david/limbo/install/limbo_description/lib/pkgconfig/limbo_description.pc'
[1.425s] Level 1:colcon.colcon_core.environment:checking '/home/david/limbo/install/limbo_description/lib/python3.12/site-packages'
[1.425s] Level 1:colcon.colcon_core.environment:checking '/home/david/limbo/install/limbo_description/bin'
[1.426s] INFO:colcon.colcon_core.shell:Creating package script '/home/david/limbo/install/limbo_description/share/limbo_description/package.ps1'
[1.426s] INFO:colcon.colcon_core.shell:Creating package descriptor '/home/david/limbo/install/limbo_description/share/limbo_description/package.dsv'
[1.427s] INFO:colcon.colcon_core.shell:Creating package script '/home/david/limbo/install/limbo_description/share/limbo_description/package.sh'
[1.428s] INFO:colcon.colcon_core.shell:Creating package script '/home/david/limbo/install/limbo_description/share/limbo_description/package.bash'
[1.428s] INFO:colcon.colcon_core.shell:Creating package script '/home/david/limbo/install/limbo_description/share/limbo_description/package.zsh'
[1.429s] Level 1:colcon.colcon_core.environment:create_file_with_runtime_dependencies(/home/david/limbo/install/limbo_description/share/colcon-core/packages/limbo_description)
[1.429s] Level 1:colcon.colcon_core.environment:create_environment_scripts_only(limbo_description)
[1.429s] Level 1:colcon.colcon_core.environment:checking '/home/david/limbo/install/limbo_description' for CMake module files
[1.430s] Level 1:colcon.colcon_core.environment:checking '/home/david/limbo/install/limbo_description' for CMake config files
[1.430s] Level 1:colcon.colcon_core.shell:create_environment_hook('limbo_description', 'cmake_prefix_path')
[1.430s] INFO:colcon.colcon_core.shell:Creating environment hook '/home/david/limbo/install/limbo_description/share/limbo_description/hook/cmake_prefix_path.ps1'
[1.430s] INFO:colcon.colcon_core.shell:Creating environment descriptor '/home/david/limbo/install/limbo_description/share/limbo_description/hook/cmake_prefix_path.dsv'
[1.431s] INFO:colcon.colcon_core.shell:Creating environment hook '/home/david/limbo/install/limbo_description/share/limbo_description/hook/cmake_prefix_path.sh'
[1.432s] Level 1:colcon.colcon_core.environment:checking '/home/david/limbo/install/limbo_description/bin'
[1.432s] Level 1:colcon.colcon_core.environment:checking '/home/david/limbo/install/limbo_description/lib/pkgconfig/limbo_description.pc'
[1.432s] Level 1:colcon.colcon_core.environment:checking '/home/david/limbo/install/limbo_description/lib/python3.12/site-packages'
[1.432s] Level 1:colcon.colcon_core.environment:checking '/home/david/limbo/install/limbo_description/bin'
[1.433s] INFO:colcon.colcon_core.shell:Creating package script '/home/david/limbo/install/limbo_description/share/limbo_description/package.ps1'
[1.433s] INFO:colcon.colcon_core.shell:Creating package descriptor '/home/david/limbo/install/limbo_description/share/limbo_description/package.dsv'
[1.434s] INFO:colcon.colcon_core.shell:Creating package script '/home/david/limbo/install/limbo_description/share/limbo_description/package.sh'
[1.434s] INFO:colcon.colcon_core.shell:Creating package script '/home/david/limbo/install/limbo_description/share/limbo_description/package.bash'
[1.435s] INFO:colcon.colcon_core.shell:Creating package script '/home/david/limbo/install/limbo_description/share/limbo_description/package.zsh'
[1.435s] Level 1:colcon.colcon_core.environment:create_file_with_runtime_dependencies(/home/david/limbo/install/limbo_description/share/colcon-core/packages/limbo_description)
[1.436s] Level 1:colcon.colcon_core.environment:create_environment_scripts_only(limbo_navigation)
[1.436s] Level 1:colcon.colcon_core.environment:checking '/home/david/limbo/install/limbo_navigation' for CMake module files
[1.437s] Level 1:colcon.colcon_core.environment:checking '/home/david/limbo/install/limbo_navigation' for CMake config files
[1.437s] Level 1:colcon.colcon_core.shell:create_environment_hook('limbo_navigation', 'cmake_prefix_path')
[1.437s] INFO:colcon.colcon_core.shell:Creating environment hook '/home/david/limbo/install/limbo_navigation/share/limbo_navigation/hook/cmake_prefix_path.ps1'
[1.438s] DEBUG:colcon.colcon_core.event_handler.log_command:Invoked command in '/home/david/limbo/build/limbo_navigation' returned '0': CMAKE_PREFIX_PATH=${CMAKE_PREFIX_PATH}:/opt/ros/jazzy DEBUGINFOD_URLS=https://debuginfod.ubuntu.com /usr/bin/cmake --install /home/david/limbo/build/limbo_navigation
[1.438s] INFO:colcon.colcon_core.shell:Creating environment descriptor '/home/david/limbo/install/limbo_navigation/share/limbo_navigation/hook/cmake_prefix_path.dsv'
[1.438s] INFO:colcon.colcon_core.shell:Creating environment hook '/home/david/limbo/install/limbo_navigation/share/limbo_navigation/hook/cmake_prefix_path.sh'
[1.439s] Level 1:colcon.colcon_core.environment:checking '/home/david/limbo/install/limbo_navigation/bin'
[1.439s] Level 1:colcon.colcon_core.environment:checking '/home/david/limbo/install/limbo_navigation/lib/pkgconfig/limbo_navigation.pc'
[1.440s] Level 1:colcon.colcon_core.environment:checking '/home/david/limbo/install/limbo_navigation/lib/python3.12/site-packages'
[1.440s] Level 1:colcon.colcon_core.environment:checking '/home/david/limbo/install/limbo_navigation/bin'
[1.440s] INFO:colcon.colcon_core.shell:Creating package script '/home/david/limbo/install/limbo_navigation/share/limbo_navigation/package.ps1'
[1.441s] INFO:colcon.colcon_core.shell:Creating package descriptor '/home/david/limbo/install/limbo_navigation/share/limbo_navigation/package.dsv'
[1.442s] INFO:colcon.colcon_core.shell:Creating package script '/home/david/limbo/install/limbo_navigation/share/limbo_navigation/package.sh'
[1.443s] INFO:colcon.colcon_core.shell:Creating package script '/home/david/limbo/install/limbo_navigation/share/limbo_navigation/package.bash'
[1.443s] INFO:colcon.colcon_core.shell:Creating package script '/home/david/limbo/install/limbo_navigation/share/limbo_navigation/package.zsh'
[1.444s] Level 1:colcon.colcon_core.environment:create_file_with_runtime_dependencies(/home/david/limbo/install/limbo_navigation/share/colcon-core/packages/limbo_navigation)
[1.444s] Level 1:colcon.colcon_core.environment:create_environment_scripts_only(limbo_navigation)
[1.444s] Level 1:colcon.colcon_core.environment:checking '/home/david/limbo/install/limbo_navigation' for CMake module files
[1.445s] Level 1:colcon.colcon_core.environment:checking '/home/david/limbo/install/limbo_navigation' for CMake config files
[1.445s] Level 1:colcon.colcon_core.shell:create_environment_hook('limbo_navigation', 'cmake_prefix_path')
[1.445s] INFO:colcon.colcon_core.shell:Creating environment hook '/home/david/limbo/install/limbo_navigation/share/limbo_navigation/hook/cmake_prefix_path.ps1'
[1.445s] INFO:colcon.colcon_core.shell:Creating environment descriptor '/home/david/limbo/install/limbo_navigation/share/limbo_navigation/hook/cmake_prefix_path.dsv'
[1.446s] INFO:colcon.colcon_core.shell:Creating environment hook '/home/david/limbo/install/limbo_navigation/share/limbo_navigation/hook/cmake_prefix_path.sh'
[1.446s] Level 1:colcon.colcon_core.environment:checking '/home/david/limbo/install/limbo_navigation/bin'
[1.446s] Level 1:colcon.colcon_core.environment:checking '/home/david/limbo/install/limbo_navigation/lib/pkgconfig/limbo_navigation.pc'
[1.447s] Level 1:colcon.colcon_core.environment:checking '/home/david/limbo/install/limbo_navigation/lib/python3.12/site-packages'
[1.447s] Level 1:colcon.colcon_core.environment:checking '/home/david/limbo/install/limbo_navigation/bin'
[1.447s] INFO:colcon.colcon_core.shell:Creating package script '/home/david/limbo/install/limbo_navigation/share/limbo_navigation/package.ps1'
[1.448s] INFO:colcon.colcon_core.shell:Creating package descriptor '/home/david/limbo/install/limbo_navigation/share/limbo_navigation/package.dsv'
[1.448s] INFO:colcon.colcon_core.shell:Creating package script '/home/david/limbo/install/limbo_navigation/share/limbo_navigation/package.sh'
[1.449s] INFO:colcon.colcon_core.shell:Creating package script '/home/david/limbo/install/limbo_navigation/share/limbo_navigation/package.bash'
[1.449s] INFO:colcon.colcon_core.shell:Creating package script '/home/david/limbo/install/limbo_navigation/share/limbo_navigation/package.zsh'
[1.450s] Level 1:colcon.colcon_core.environment:create_file_with_runtime_dependencies(/home/david/limbo/install/limbo_navigation/share/colcon-core/packages/limbo_navigation)
[1.853s] DEBUG:colcon.colcon_core.event_handler.log_command:Invoked command in '/home/david/limbo/build/limbo_simulation' returned '0': CMAKE_PREFIX_PATH=${CMAKE_PREFIX_PATH}:/opt/ros/jazzy DEBUGINFOD_URLS=https://debuginfod.ubuntu.com /usr/bin/cmake --build /home/david/limbo/build/limbo_simulation -- -j12 -l12
[1.854s] DEBUG:colcon.colcon_core.event_handler.log_command:Invoking command in '/home/david/limbo/build/limbo_simulation': CMAKE_PREFIX_PATH=${CMAKE_PREFIX_PATH}:/opt/ros/jazzy DEBUGINFOD_URLS=https://debuginfod.ubuntu.com /usr/bin/cmake --install /home/david/limbo/build/limbo_simulation
[1.906s] Level 1:colcon.colcon_core.environment:create_environment_scripts_only(limbo_simulation)
[1.906s] Level 1:colcon.colcon_core.environment:checking '/home/david/limbo/install/limbo_simulation' for CMake module files
[1.906s] DEBUG:colcon.colcon_core.event_handler.log_command:Invoked command in '/home/david/limbo/build/limbo_simulation' returned '0': CMAKE_PREFIX_PATH=${CMAKE_PREFIX_PATH}:/opt/ros/jazzy DEBUGINFOD_URLS=https://debuginfod.ubuntu.com /usr/bin/cmake --install /home/david/limbo/build/limbo_simulation
[1.907s] Level 1:colcon.colcon_core.environment:checking '/home/david/limbo/install/limbo_simulation' for CMake config files
[1.907s] Level 1:colcon.colcon_core.shell:create_environment_hook('limbo_simulation', 'cmake_prefix_path')
[1.907s] INFO:colcon.colcon_core.shell:Creating environment hook '/home/david/limbo/install/limbo_simulation/share/limbo_simulation/hook/cmake_prefix_path.ps1'
[1.907s] INFO:colcon.colcon_core.shell:Creating environment descriptor '/home/david/limbo/install/limbo_simulation/share/limbo_simulation/hook/cmake_prefix_path.dsv'
[1.908s] INFO:colcon.colcon_core.shell:Creating environment hook '/home/david/limbo/install/limbo_simulation/share/limbo_simulation/hook/cmake_prefix_path.sh'
[1.909s] Level 1:colcon.colcon_core.environment:checking '/home/david/limbo/install/limbo_simulation/bin'
[1.909s] Level 1:colcon.colcon_core.environment:checking '/home/david/limbo/install/limbo_simulation/lib/pkgconfig/limbo_simulation.pc'
[1.909s] Level 1:colcon.colcon_core.environment:checking '/home/david/limbo/install/limbo_simulation/lib/python3.12/site-packages'
[1.909s] Level 1:colcon.colcon_core.environment:checking '/home/david/limbo/install/limbo_simulation/bin'
[1.909s] INFO:colcon.colcon_core.shell:Creating package script '/home/david/limbo/install/limbo_simulation/share/limbo_simulation/package.ps1'
[1.910s] INFO:colcon.colcon_core.shell:Creating package descriptor '/home/david/limbo/install/limbo_simulation/share/limbo_simulation/package.dsv'
[1.911s] INFO:colcon.colcon_core.shell:Creating package script '/home/david/limbo/install/limbo_simulation/share/limbo_simulation/package.sh'
[1.911s] INFO:colcon.colcon_core.shell:Creating package script '/home/david/limbo/install/limbo_simulation/share/limbo_simulation/package.bash'
[1.912s] INFO:colcon.colcon_core.shell:Creating package script '/home/david/limbo/install/limbo_simulation/share/limbo_simulation/package.zsh'
[1.912s] Level 1:colcon.colcon_core.environment:create_file_with_runtime_dependencies(/home/david/limbo/install/limbo_simulation/share/colcon-core/packages/limbo_simulation)
[1.912s] Level 1:colcon.colcon_core.environment:create_environment_scripts_only(limbo_simulation)
[1.913s] Level 1:colcon.colcon_core.environment:checking '/home/david/limbo/install/limbo_simulation' for CMake module files
[1.913s] Level 1:colcon.colcon_core.environment:checking '/home/david/limbo/install/limbo_simulation' for CMake config files
[1.913s] Level 1:colcon.colcon_core.shell:create_environment_hook('limbo_simulation', 'cmake_prefix_path')
[1.913s] INFO:colcon.colcon_core.shell:Creating environment hook '/home/david/limbo/install/limbo_simulation/share/limbo_simulation/hook/cmake_prefix_path.ps1'
[1.914s] INFO:colcon.colcon_core.shell:Creating environment descriptor '/home/david/limbo/install/limbo_simulation/share/limbo_simulation/hook/cmake_prefix_path.dsv'
[1.914s] INFO:colcon.colcon_core.shell:Creating environment hook '/home/david/limbo/install/limbo_simulation/share/limbo_simulation/hook/cmake_prefix_path.sh'
[1.915s] Level 1:colcon.colcon_core.environment:checking '/home/david/limbo/install/limbo_simulation/bin'
[1.915s] Level 1:colcon.colcon_core.environment:checking '/home/david/limbo/install/limbo_simulation/lib/pkgconfig/limbo_simulation.pc'
[1.915s] Level 1:colcon.colcon_core.environment:checking '/home/david/limbo/install/limbo_simulation/lib/python3.12/site-packages'
[1.915s] Level 1:colcon.colcon_core.environment:checking '/home/david/limbo/install/limbo_simulation/bin'
[1.915s] INFO:colcon.colcon_core.shell:Creating package script '/home/david/limbo/install/limbo_simulation/share/limbo_simulation/package.ps1'
[1.916s] INFO:colcon.colcon_core.shell:Creating package descriptor '/home/david/limbo/install/limbo_simulation/share/limbo_simulation/package.dsv'
[1.917s] INFO:colcon.colcon_core.shell:Creating package script '/home/david/limbo/install/limbo_simulation/share/limbo_simulation/package.sh'
[1.918s] INFO:colcon.colcon_core.shell:Creating package script '/home/david/limbo/install/limbo_simulation/share/limbo_simulation/package.bash'
[1.918s] INFO:colcon.colcon_core.shell:Creating package script '/home/david/limbo/install/limbo_simulation/share/limbo_simulation/package.zsh'
[1.919s] Level 1:colcon.colcon_core.environment:create_file_with_runtime_dependencies(/home/david/limbo/install/limbo_simulation/share/colcon-core/packages/limbo_simulation)
[1.919s] DEBUG:colcon.colcon_parallel_executor.executor.parallel:closing loop
[1.919s] DEBUG:colcon.colcon_parallel_executor.executor.parallel:loop closed
[1.920s] DEBUG:colcon.colcon_parallel_executor.executor.parallel:run_until_complete finished with '0'
[1.920s] DEBUG:colcon.colcon_core.event_reactor:joining thread
[1.930s] INFO:colcon.colcon_core.plugin_system:Skipping extension 'colcon_notification.desktop_notification.terminal_notifier': Not used on non-Darwin systems
[1.930s] INFO:colcon.colcon_core.plugin_system:Skipping extension 'colcon_notification.desktop_notification.win32': Not used on non-Windows systems
[1.930s] INFO:colcon.colcon_notification.desktop_notification:Sending desktop notification using 'notify2'
[1.942s] DEBUG:colcon.colcon_core.event_reactor:joined thread
[1.942s] INFO:colcon.colcon_core.shell:Creating prefix script '/home/david/limbo/install/local_setup.ps1'
[1.944s] INFO:colcon.colcon_core.shell:Creating prefix util module '/home/david/limbo/install/_local_setup_util_ps1.py'
[1.946s] INFO:colcon.colcon_core.shell:Creating prefix chain script '/home/david/limbo/install/setup.ps1'
[1.948s] INFO:colcon.colcon_core.shell:Creating prefix script '/home/david/limbo/install/local_setup.sh'
[1.949s] INFO:colcon.colcon_core.shell:Creating prefix util module '/home/david/limbo/install/_local_setup_util_sh.py'
[1.950s] INFO:colcon.colcon_core.shell:Creating prefix chain script '/home/david/limbo/install/setup.sh'
[1.952s] INFO:colcon.colcon_core.shell:Creating prefix script '/home/david/limbo/install/local_setup.bash'
[1.953s] INFO:colcon.colcon_core.shell:Creating prefix chain script '/home/david/limbo/install/setup.bash'
[1.955s] INFO:colcon.colcon_core.shell:Creating prefix script '/home/david/limbo/install/local_setup.zsh'
[1.956s] INFO:colcon.colcon_core.shell:Creating prefix chain script '/home/david/limbo/install/setup.zsh'
