[0.015s] Invoking command in '/home/david/limbo/build/limbo_navigation': CMAKE_PREFIX_PATH=${CMAKE_PREFIX_PATH}:/opt/ros/jazzy DEBUGINFOD_URLS=https://debuginfod.ubuntu.com /usr/bin/cmake --build /home/david/limbo/build/limbo_navigation -- -j12 -l12
[0.033s] -- Found ament_cmake: 2.5.6 (/opt/ros/jazzy/share/ament_cmake/cmake)
[0.222s] -- Found ament_lint_auto: 0.17.5 (/opt/ros/jazzy/share/ament_lint_auto/cmake)
[0.314s] -- Added test 'lint_cmake' to check CMake code style
[0.316s] -- Added test 'xmllint' to check XML markup files
[0.317s] -- Configuring done (0.3s)
[0.321s] -- Generating done (0.0s)
[0.325s] -- Build files have been written to: /home/david/limbo/build/limbo_navigation
[0.345s] Invoked command in '/home/david/limbo/build/limbo_navigation' returned '0': CMAKE_PREFIX_PATH=${CMAKE_PREFIX_PATH}:/opt/ros/jazzy DEBUGINFOD_URLS=https://debuginfod.ubuntu.com /usr/bin/cmake --build /home/david/limbo/build/limbo_navigation -- -j12 -l12
[0.346s] Invoking command in '/home/david/limbo/build/limbo_navigation': CMAKE_PREFIX_PATH=${CMAKE_PREFIX_PATH}:/opt/ros/jazzy DEBUGINFOD_URLS=https://debuginfod.ubuntu.com /usr/bin/cmake --install /home/david/limbo/build/limbo_navigation
[0.358s] -- Install configuration: ""
[0.358s] -- Installing: /home/david/limbo/install/limbo_navigation/share/limbo_navigation/config
[0.358s] -- Installing: /home/david/limbo/install/limbo_navigation/share/limbo_navigation/maps
[0.358s] -- Installing: /home/david/limbo/install/limbo_navigation/share/limbo_navigation/launch
[0.359s] -- Installing: /home/david/limbo/install/limbo_navigation/share/limbo_navigation/rviz
[0.359s] -- Up-to-date: /home/david/limbo/install/limbo_navigation/share/ament_index/resource_index/package_run_dependencies/limbo_navigation
[0.359s] -- Up-to-date: /home/david/limbo/install/limbo_navigation/share/ament_index/resource_index/parent_prefix_path/limbo_navigation
[0.359s] -- Up-to-date: /home/david/limbo/install/limbo_navigation/share/limbo_navigation/environment/ament_prefix_path.sh
[0.359s] -- Up-to-date: /home/david/limbo/install/limbo_navigation/share/limbo_navigation/environment/ament_prefix_path.dsv
[0.359s] -- Up-to-date: /home/david/limbo/install/limbo_navigation/share/limbo_navigation/environment/path.sh
[0.359s] -- Up-to-date: /home/david/limbo/install/limbo_navigation/share/limbo_navigation/environment/path.dsv
[0.359s] -- Up-to-date: /home/david/limbo/install/limbo_navigation/share/limbo_navigation/local_setup.bash
[0.360s] -- Up-to-date: /home/david/limbo/install/limbo_navigation/share/limbo_navigation/local_setup.sh
[0.360s] -- Up-to-date: /home/david/limbo/install/limbo_navigation/share/limbo_navigation/local_setup.zsh
[0.360s] -- Up-to-date: /home/david/limbo/install/limbo_navigation/share/limbo_navigation/local_setup.dsv
[0.360s] -- Up-to-date: /home/david/limbo/install/limbo_navigation/share/limbo_navigation/package.dsv
[0.360s] -- Up-to-date: /home/david/limbo/install/limbo_navigation/share/ament_index/resource_index/packages/limbo_navigation
[0.360s] -- Up-to-date: /home/david/limbo/install/limbo_navigation/share/limbo_navigation/cmake/limbo_navigationConfig.cmake
[0.360s] -- Up-to-date: /home/david/limbo/install/limbo_navigation/share/limbo_navigation/cmake/limbo_navigationConfig-version.cmake
[0.360s] -- Up-to-date: /home/david/limbo/install/limbo_navigation/share/limbo_navigation/package.xml
[0.391s] Invoked command in '/home/david/limbo/build/limbo_navigation' returned '0': CMAKE_PREFIX_PATH=${CMAKE_PREFIX_PATH}:/opt/ros/jazzy DEBUGINFOD_URLS=https://debuginfod.ubuntu.com /usr/bin/cmake --install /home/david/limbo/build/limbo_navigation
