[0.092s] DEBUG:colcon:Command line arguments: ['/usr/bin/colcon', 'build']
[0.092s] DEBUG:colcon:Parsed command line arguments: Namespace(log_base=None, log_level=None, verb_name='build', build_base='build', install_base='install', merge_install=False, symlink_install=False, test_result_base=None, continue_on_error=False, executor='parallel', parallel_workers=12, event_handlers=None, ignore_user_meta=False, metas=['./colcon.meta'], base_paths=['.'], packages_ignore=None, packages_ignore_regex=None, paths=None, packages_up_to=None, packages_up_to_regex=None, packages_above=None, packages_above_and_dependencies=None, packages_above_depth=None, packages_select_by_dep=None, packages_skip_by_dep=None, packages_skip_up_to=None, packages_select_build_failed=False, packages_skip_build_finished=False, packages_select_test_failures=False, packages_skip_test_passed=False, packages_select=None, packages_skip=None, packages_select_regex=None, packages_skip_regex=None, packages_start=None, packages_end=None, allow_overriding=[], cmake_args=None, cmake_target=None, cmake_target_skip_unavailable=False, cmake_clean_cache=False, cmake_clean_first=False, cmake_force_configure=False, ament_cmake_args=None, catkin_cmake_args=None, catkin_skip_building_tests=False, mixin_files=None, mixin=None, verb_parser=<colcon_mixin.mixin.mixin_argument.MixinArgumentDecorator object at 0x74573c089bb0>, verb_extension=<colcon_core.verb.build.BuildVerb object at 0x74573c089730>, main=<bound method BuildVerb.main of <colcon_core.verb.build.BuildVerb object at 0x74573c089730>>, mixin_verb=('build',))
[0.120s] Level 1:colcon.colcon_core.package_discovery:discover_packages(colcon_meta) check parameters
[0.120s] Level 1:colcon.colcon_core.package_discovery:discover_packages(recursive) check parameters
[0.120s] Level 1:colcon.colcon_core.package_discovery:discover_packages(ignore) check parameters
[0.120s] Level 1:colcon.colcon_core.package_discovery:discover_packages(path) check parameters
[0.120s] Level 1:colcon.colcon_core.package_discovery:discover_packages(colcon_meta) discover
[0.120s] Level 1:colcon.colcon_core.package_discovery:discover_packages(recursive) discover
[0.120s] INFO:colcon.colcon_core.package_discovery:Crawling recursively for packages in '/home/david/limbo'
[0.120s] Level 1:colcon.colcon_core.package_identification:_identify(.) by extensions ['ignore', 'ignore_ament_install']
[0.120s] Level 1:colcon.colcon_core.package_identification:_identify(.) by extension 'ignore'
[0.121s] Level 1:colcon.colcon_core.package_identification:_identify(.) by extension 'ignore_ament_install'
[0.121s] Level 1:colcon.colcon_core.package_identification:_identify(.) by extensions ['colcon_pkg']
[0.121s] Level 1:colcon.colcon_core.package_identification:_identify(.) by extension 'colcon_pkg'
[0.121s] Level 1:colcon.colcon_core.package_identification:_identify(.) by extensions ['colcon_meta']
[0.121s] Level 1:colcon.colcon_core.package_identification:_identify(.) by extension 'colcon_meta'
[0.121s] Level 1:colcon.colcon_core.package_identification:_identify(.) by extensions ['ros']
[0.121s] Level 1:colcon.colcon_core.package_identification:_identify(.) by extension 'ros'
[0.139s] Level 1:colcon.colcon_core.package_identification:_identify(.) by extensions ['cmake', 'python']
[0.139s] Level 1:colcon.colcon_core.package_identification:_identify(.) by extension 'cmake'
[0.139s] Level 1:colcon.colcon_core.package_identification:_identify(.) by extension 'python'
[0.140s] Level 1:colcon.colcon_core.package_identification:_identify(.) by extensions ['python_setup_py']
[0.140s] Level 1:colcon.colcon_core.package_identification:_identify(.) by extension 'python_setup_py'
[0.140s] Level 1:colcon.colcon_core.package_identification:_identify(build) by extensions ['ignore', 'ignore_ament_install']
[0.140s] Level 1:colcon.colcon_core.package_identification:_identify(build) by extension 'ignore'
[0.140s] Level 1:colcon.colcon_core.package_identification:_identify(build) ignored
[0.140s] Level 1:colcon.colcon_core.package_identification:_identify(install) by extensions ['ignore', 'ignore_ament_install']
[0.140s] Level 1:colcon.colcon_core.package_identification:_identify(install) by extension 'ignore'
[0.140s] Level 1:colcon.colcon_core.package_identification:_identify(install) ignored
[0.140s] Level 1:colcon.colcon_core.package_identification:_identify(log) by extensions ['ignore', 'ignore_ament_install']
[0.140s] Level 1:colcon.colcon_core.package_identification:_identify(log) by extension 'ignore'
[0.140s] Level 1:colcon.colcon_core.package_identification:_identify(log) ignored
[0.140s] Level 1:colcon.colcon_core.package_identification:_identify(src) by extensions ['ignore', 'ignore_ament_install']
[0.140s] Level 1:colcon.colcon_core.package_identification:_identify(src) by extension 'ignore'
[0.141s] Level 1:colcon.colcon_core.package_identification:_identify(src) by extension 'ignore_ament_install'
[0.141s] Level 1:colcon.colcon_core.package_identification:_identify(src) by extensions ['colcon_pkg']
[0.141s] Level 1:colcon.colcon_core.package_identification:_identify(src) by extension 'colcon_pkg'
[0.141s] Level 1:colcon.colcon_core.package_identification:_identify(src) by extensions ['colcon_meta']
[0.141s] Level 1:colcon.colcon_core.package_identification:_identify(src) by extension 'colcon_meta'
[0.141s] Level 1:colcon.colcon_core.package_identification:_identify(src) by extensions ['ros']
[0.141s] Level 1:colcon.colcon_core.package_identification:_identify(src) by extension 'ros'
[0.141s] Level 1:colcon.colcon_core.package_identification:_identify(src) by extensions ['cmake', 'python']
[0.141s] Level 1:colcon.colcon_core.package_identification:_identify(src) by extension 'cmake'
[0.141s] Level 1:colcon.colcon_core.package_identification:_identify(src) by extension 'python'
[0.141s] Level 1:colcon.colcon_core.package_identification:_identify(src) by extensions ['python_setup_py']
[0.141s] Level 1:colcon.colcon_core.package_identification:_identify(src) by extension 'python_setup_py'
[0.141s] Level 1:colcon.colcon_core.package_identification:_identify(src/build) by extensions ['ignore', 'ignore_ament_install']
[0.141s] Level 1:colcon.colcon_core.package_identification:_identify(src/build) by extension 'ignore'
[0.141s] Level 1:colcon.colcon_core.package_identification:_identify(src/build) ignored
[0.141s] Level 1:colcon.colcon_core.package_identification:_identify(src/install) by extensions ['ignore', 'ignore_ament_install']
[0.141s] Level 1:colcon.colcon_core.package_identification:_identify(src/install) by extension 'ignore'
[0.142s] Level 1:colcon.colcon_core.package_identification:_identify(src/install) ignored
[0.142s] Level 1:colcon.colcon_core.package_identification:_identify(src/limbo_bringup) by extensions ['ignore', 'ignore_ament_install']
[0.142s] Level 1:colcon.colcon_core.package_identification:_identify(src/limbo_bringup) by extension 'ignore'
[0.142s] Level 1:colcon.colcon_core.package_identification:_identify(src/limbo_bringup) by extension 'ignore_ament_install'
[0.142s] Level 1:colcon.colcon_core.package_identification:_identify(src/limbo_bringup) by extensions ['colcon_pkg']
[0.142s] Level 1:colcon.colcon_core.package_identification:_identify(src/limbo_bringup) by extension 'colcon_pkg'
[0.142s] Level 1:colcon.colcon_core.package_identification:_identify(src/limbo_bringup) by extensions ['colcon_meta']
[0.142s] Level 1:colcon.colcon_core.package_identification:_identify(src/limbo_bringup) by extension 'colcon_meta'
[0.142s] Level 1:colcon.colcon_core.package_identification:_identify(src/limbo_bringup) by extensions ['ros']
[0.142s] Level 1:colcon.colcon_core.package_identification:_identify(src/limbo_bringup) by extension 'ros'
[0.144s] DEBUG:colcon.colcon_core.package_identification:Package 'src/limbo_bringup' with type 'ros.ament_cmake' and name 'limbo_bringup'
[0.144s] Level 1:colcon.colcon_core.package_identification:_identify(src/limbo_description) by extensions ['ignore', 'ignore_ament_install']
[0.144s] Level 1:colcon.colcon_core.package_identification:_identify(src/limbo_description) by extension 'ignore'
[0.144s] Level 1:colcon.colcon_core.package_identification:_identify(src/limbo_description) by extension 'ignore_ament_install'
[0.144s] Level 1:colcon.colcon_core.package_identification:_identify(src/limbo_description) by extensions ['colcon_pkg']
[0.144s] Level 1:colcon.colcon_core.package_identification:_identify(src/limbo_description) by extension 'colcon_pkg'
[0.144s] Level 1:colcon.colcon_core.package_identification:_identify(src/limbo_description) by extensions ['colcon_meta']
[0.144s] Level 1:colcon.colcon_core.package_identification:_identify(src/limbo_description) by extension 'colcon_meta'
[0.144s] Level 1:colcon.colcon_core.package_identification:_identify(src/limbo_description) by extensions ['ros']
[0.144s] Level 1:colcon.colcon_core.package_identification:_identify(src/limbo_description) by extension 'ros'
[0.144s] DEBUG:colcon.colcon_core.package_identification:Package 'src/limbo_description' with type 'ros.ament_cmake' and name 'limbo_description'
[0.145s] Level 1:colcon.colcon_core.package_identification:_identify(src/limbo_navigation) by extensions ['ignore', 'ignore_ament_install']
[0.145s] Level 1:colcon.colcon_core.package_identification:_identify(src/limbo_navigation) by extension 'ignore'
[0.145s] Level 1:colcon.colcon_core.package_identification:_identify(src/limbo_navigation) by extension 'ignore_ament_install'
[0.145s] Level 1:colcon.colcon_core.package_identification:_identify(src/limbo_navigation) by extensions ['colcon_pkg']
[0.145s] Level 1:colcon.colcon_core.package_identification:_identify(src/limbo_navigation) by extension 'colcon_pkg'
[0.145s] Level 1:colcon.colcon_core.package_identification:_identify(src/limbo_navigation) by extensions ['colcon_meta']
[0.145s] Level 1:colcon.colcon_core.package_identification:_identify(src/limbo_navigation) by extension 'colcon_meta'
[0.145s] Level 1:colcon.colcon_core.package_identification:_identify(src/limbo_navigation) by extensions ['ros']
[0.145s] Level 1:colcon.colcon_core.package_identification:_identify(src/limbo_navigation) by extension 'ros'
[0.145s] DEBUG:colcon.colcon_core.package_identification:Package 'src/limbo_navigation' with type 'ros.ament_cmake' and name 'limbo_navigation'
[0.145s] Level 1:colcon.colcon_core.package_identification:_identify(src/limbo_simulation) by extensions ['ignore', 'ignore_ament_install']
[0.145s] Level 1:colcon.colcon_core.package_identification:_identify(src/limbo_simulation) by extension 'ignore'
[0.145s] Level 1:colcon.colcon_core.package_identification:_identify(src/limbo_simulation) by extension 'ignore_ament_install'
[0.145s] Level 1:colcon.colcon_core.package_identification:_identify(src/limbo_simulation) by extensions ['colcon_pkg']
[0.145s] Level 1:colcon.colcon_core.package_identification:_identify(src/limbo_simulation) by extension 'colcon_pkg'
[0.145s] Level 1:colcon.colcon_core.package_identification:_identify(src/limbo_simulation) by extensions ['colcon_meta']
[0.145s] Level 1:colcon.colcon_core.package_identification:_identify(src/limbo_simulation) by extension 'colcon_meta'
[0.146s] Level 1:colcon.colcon_core.package_identification:_identify(src/limbo_simulation) by extensions ['ros']
[0.146s] Level 1:colcon.colcon_core.package_identification:_identify(src/limbo_simulation) by extension 'ros'
[0.146s] DEBUG:colcon.colcon_core.package_identification:Package 'src/limbo_simulation' with type 'ros.ament_cmake' and name 'limbo_simulation'
[0.146s] Level 1:colcon.colcon_core.package_identification:_identify(src/log) by extensions ['ignore', 'ignore_ament_install']
[0.146s] Level 1:colcon.colcon_core.package_identification:_identify(src/log) by extension 'ignore'
[0.146s] Level 1:colcon.colcon_core.package_identification:_identify(src/log) ignored
[0.146s] Level 1:colcon.colcon_core.package_discovery:discover_packages(recursive) using defaults
[0.146s] Level 1:colcon.colcon_core.package_discovery:discover_packages(ignore) discover
[0.146s] Level 1:colcon.colcon_core.package_discovery:discover_packages(ignore) using defaults
[0.146s] Level 1:colcon.colcon_core.package_discovery:discover_packages(path) discover
[0.146s] Level 1:colcon.colcon_core.package_discovery:discover_packages(path) using defaults
[0.160s] Level 1:colcon.colcon_core.package_discovery:discover_packages(prefix_path) check parameters
[0.160s] Level 1:colcon.colcon_core.package_discovery:discover_packages(prefix_path) discover
[0.163s] DEBUG:colcon.colcon_installed_package_information.package_discovery:Found 402 installed packages in /opt/ros/jazzy
[0.165s] Level 1:colcon.colcon_core.package_discovery:discover_packages(prefix_path) using defaults
[0.213s] Level 5:colcon.colcon_core.verb:set package 'limbo_bringup' build argument 'cmake_args' from command line to 'None'
[0.213s] Level 5:colcon.colcon_core.verb:set package 'limbo_bringup' build argument 'cmake_target' from command line to 'None'
[0.213s] Level 5:colcon.colcon_core.verb:set package 'limbo_bringup' build argument 'cmake_target_skip_unavailable' from command line to 'False'
[0.213s] Level 5:colcon.colcon_core.verb:set package 'limbo_bringup' build argument 'cmake_clean_cache' from command line to 'False'
[0.213s] Level 5:colcon.colcon_core.verb:set package 'limbo_bringup' build argument 'cmake_clean_first' from command line to 'False'
[0.213s] Level 5:colcon.colcon_core.verb:set package 'limbo_bringup' build argument 'cmake_force_configure' from command line to 'False'
[0.213s] Level 5:colcon.colcon_core.verb:set package 'limbo_bringup' build argument 'ament_cmake_args' from command line to 'None'
[0.213s] Level 5:colcon.colcon_core.verb:set package 'limbo_bringup' build argument 'catkin_cmake_args' from command line to 'None'
[0.213s] Level 5:colcon.colcon_core.verb:set package 'limbo_bringup' build argument 'catkin_skip_building_tests' from command line to 'False'
[0.213s] DEBUG:colcon.colcon_core.verb:Building package 'limbo_bringup' with the following arguments: {'ament_cmake_args': None, 'build_base': '/home/david/limbo/build/limbo_bringup', 'catkin_cmake_args': None, 'catkin_skip_building_tests': False, 'cmake_args': None, 'cmake_clean_cache': False, 'cmake_clean_first': False, 'cmake_force_configure': False, 'cmake_target': None, 'cmake_target_skip_unavailable': False, 'install_base': '/home/david/limbo/install/limbo_bringup', 'merge_install': False, 'path': '/home/david/limbo/src/limbo_bringup', 'symlink_install': False, 'test_result_base': None}
[0.214s] Level 5:colcon.colcon_core.verb:set package 'limbo_description' build argument 'cmake_args' from command line to 'None'
[0.214s] Level 5:colcon.colcon_core.verb:set package 'limbo_description' build argument 'cmake_target' from command line to 'None'
[0.214s] Level 5:colcon.colcon_core.verb:set package 'limbo_description' build argument 'cmake_target_skip_unavailable' from command line to 'False'
[0.214s] Level 5:colcon.colcon_core.verb:set package 'limbo_description' build argument 'cmake_clean_cache' from command line to 'False'
[0.214s] Level 5:colcon.colcon_core.verb:set package 'limbo_description' build argument 'cmake_clean_first' from command line to 'False'
[0.214s] Level 5:colcon.colcon_core.verb:set package 'limbo_description' build argument 'cmake_force_configure' from command line to 'False'
[0.214s] Level 5:colcon.colcon_core.verb:set package 'limbo_description' build argument 'ament_cmake_args' from command line to 'None'
[0.214s] Level 5:colcon.colcon_core.verb:set package 'limbo_description' build argument 'catkin_cmake_args' from command line to 'None'
[0.214s] Level 5:colcon.colcon_core.verb:set package 'limbo_description' build argument 'catkin_skip_building_tests' from command line to 'False'
[0.214s] DEBUG:colcon.colcon_core.verb:Building package 'limbo_description' with the following arguments: {'ament_cmake_args': None, 'build_base': '/home/david/limbo/build/limbo_description', 'catkin_cmake_args': None, 'catkin_skip_building_tests': False, 'cmake_args': None, 'cmake_clean_cache': False, 'cmake_clean_first': False, 'cmake_force_configure': False, 'cmake_target': None, 'cmake_target_skip_unavailable': False, 'install_base': '/home/david/limbo/install/limbo_description', 'merge_install': False, 'path': '/home/david/limbo/src/limbo_description', 'symlink_install': False, 'test_result_base': None}
[0.214s] Level 5:colcon.colcon_core.verb:set package 'limbo_navigation' build argument 'cmake_args' from command line to 'None'
[0.214s] Level 5:colcon.colcon_core.verb:set package 'limbo_navigation' build argument 'cmake_target' from command line to 'None'
[0.214s] Level 5:colcon.colcon_core.verb:set package 'limbo_navigation' build argument 'cmake_target_skip_unavailable' from command line to 'False'
[0.214s] Level 5:colcon.colcon_core.verb:set package 'limbo_navigation' build argument 'cmake_clean_cache' from command line to 'False'
[0.214s] Level 5:colcon.colcon_core.verb:set package 'limbo_navigation' build argument 'cmake_clean_first' from command line to 'False'
[0.214s] Level 5:colcon.colcon_core.verb:set package 'limbo_navigation' build argument 'cmake_force_configure' from command line to 'False'
[0.214s] Level 5:colcon.colcon_core.verb:set package 'limbo_navigation' build argument 'ament_cmake_args' from command line to 'None'
[0.214s] Level 5:colcon.colcon_core.verb:set package 'limbo_navigation' build argument 'catkin_cmake_args' from command line to 'None'
[0.214s] Level 5:colcon.colcon_core.verb:set package 'limbo_navigation' build argument 'catkin_skip_building_tests' from command line to 'False'
[0.214s] DEBUG:colcon.colcon_core.verb:Building package 'limbo_navigation' with the following arguments: {'ament_cmake_args': None, 'build_base': '/home/david/limbo/build/limbo_navigation', 'catkin_cmake_args': None, 'catkin_skip_building_tests': False, 'cmake_args': None, 'cmake_clean_cache': False, 'cmake_clean_first': False, 'cmake_force_configure': False, 'cmake_target': None, 'cmake_target_skip_unavailable': False, 'install_base': '/home/david/limbo/install/limbo_navigation', 'merge_install': False, 'path': '/home/david/limbo/src/limbo_navigation', 'symlink_install': False, 'test_result_base': None}
[0.215s] Level 5:colcon.colcon_core.verb:set package 'limbo_simulation' build argument 'cmake_args' from command line to 'None'
[0.215s] Level 5:colcon.colcon_core.verb:set package 'limbo_simulation' build argument 'cmake_target' from command line to 'None'
[0.215s] Level 5:colcon.colcon_core.verb:set package 'limbo_simulation' build argument 'cmake_target_skip_unavailable' from command line to 'False'
[0.215s] Level 5:colcon.colcon_core.verb:set package 'limbo_simulation' build argument 'cmake_clean_cache' from command line to 'False'
[0.215s] Level 5:colcon.colcon_core.verb:set package 'limbo_simulation' build argument 'cmake_clean_first' from command line to 'False'
[0.215s] Level 5:colcon.colcon_core.verb:set package 'limbo_simulation' build argument 'cmake_force_configure' from command line to 'False'
[0.215s] Level 5:colcon.colcon_core.verb:set package 'limbo_simulation' build argument 'ament_cmake_args' from command line to 'None'
[0.215s] Level 5:colcon.colcon_core.verb:set package 'limbo_simulation' build argument 'catkin_cmake_args' from command line to 'None'
[0.215s] Level 5:colcon.colcon_core.verb:set package 'limbo_simulation' build argument 'catkin_skip_building_tests' from command line to 'False'
[0.215s] DEBUG:colcon.colcon_core.verb:Building package 'limbo_simulation' with the following arguments: {'ament_cmake_args': None, 'build_base': '/home/david/limbo/build/limbo_simulation', 'catkin_cmake_args': None, 'catkin_skip_building_tests': False, 'cmake_args': None, 'cmake_clean_cache': False, 'cmake_clean_first': False, 'cmake_force_configure': False, 'cmake_target': None, 'cmake_target_skip_unavailable': False, 'install_base': '/home/david/limbo/install/limbo_simulation', 'merge_install': False, 'path': '/home/david/limbo/src/limbo_simulation', 'symlink_install': False, 'test_result_base': None}
[0.215s] INFO:colcon.colcon_core.executor:Executing jobs using 'parallel' executor
[0.216s] DEBUG:colcon.colcon_parallel_executor.executor.parallel:run_until_complete
[0.216s] INFO:colcon.colcon_ros.task.ament_cmake.build:Building ROS package in '/home/david/limbo/src/limbo_bringup' with build type 'ament_cmake'
[0.217s] INFO:colcon.colcon_cmake.task.cmake.build:Building CMake package in '/home/david/limbo/src/limbo_bringup'
[0.219s] INFO:colcon.colcon_core.plugin_system:Skipping extension 'colcon_core.shell.bat': Not used on non-Windows systems
[0.219s] INFO:colcon.colcon_core.shell:Skip shell extension 'powershell' for command environment: Not usable outside of PowerShell
[0.219s] DEBUG:colcon.colcon_core.shell:Skip shell extension 'dsv' for command environment
[0.223s] INFO:colcon.colcon_ros.task.ament_cmake.build:Building ROS package in '/home/david/limbo/src/limbo_description' with build type 'ament_cmake'
[0.223s] INFO:colcon.colcon_cmake.task.cmake.build:Building CMake package in '/home/david/limbo/src/limbo_description'
[0.223s] INFO:colcon.colcon_core.shell:Skip shell extension 'powershell' for command environment: Not usable outside of PowerShell
[0.223s] DEBUG:colcon.colcon_core.shell:Skip shell extension 'dsv' for command environment
[0.226s] INFO:colcon.colcon_ros.task.ament_cmake.build:Building ROS package in '/home/david/limbo/src/limbo_navigation' with build type 'ament_cmake'
[0.227s] INFO:colcon.colcon_cmake.task.cmake.build:Building CMake package in '/home/david/limbo/src/limbo_navigation'
[0.227s] INFO:colcon.colcon_core.shell:Skip shell extension 'powershell' for command environment: Not usable outside of PowerShell
[0.227s] DEBUG:colcon.colcon_core.shell:Skip shell extension 'dsv' for command environment
[0.230s] INFO:colcon.colcon_ros.task.ament_cmake.build:Building ROS package in '/home/david/limbo/src/limbo_simulation' with build type 'ament_cmake'
[0.230s] INFO:colcon.colcon_cmake.task.cmake.build:Building CMake package in '/home/david/limbo/src/limbo_simulation'
[0.231s] INFO:colcon.colcon_core.shell:Skip shell extension 'powershell' for command environment: Not usable outside of PowerShell
[0.231s] DEBUG:colcon.colcon_core.shell:Skip shell extension 'dsv' for command environment
[0.237s] DEBUG:colcon.colcon_core.event_handler.log_command:Invoking command in '/home/david/limbo/build/limbo_bringup': CMAKE_PREFIX_PATH=${CMAKE_PREFIX_PATH}:/opt/ros/jazzy DEBUGINFOD_URLS=https://debuginfod.ubuntu.com /usr/bin/cmake --build /home/david/limbo/build/limbo_bringup -- -j12 -l12
[0.240s] DEBUG:colcon.colcon_core.event_handler.log_command:Invoking command in '/home/david/limbo/build/limbo_description': CMAKE_PREFIX_PATH=${CMAKE_PREFIX_PATH}:/opt/ros/jazzy DEBUGINFOD_URLS=https://debuginfod.ubuntu.com /usr/bin/cmake --build /home/david/limbo/build/limbo_description -- -j12 -l12
[0.242s] DEBUG:colcon.colcon_core.event_handler.log_command:Invoking command in '/home/david/limbo/build/limbo_navigation': CMAKE_PREFIX_PATH=${CMAKE_PREFIX_PATH}:/opt/ros/jazzy DEBUGINFOD_URLS=https://debuginfod.ubuntu.com /usr/bin/cmake --build /home/david/limbo/build/limbo_navigation -- -j12 -l12
[0.245s] DEBUG:colcon.colcon_core.event_handler.log_command:Invoking command in '/home/david/limbo/build/limbo_simulation': CMAKE_PREFIX_PATH=${CMAKE_PREFIX_PATH}:/opt/ros/jazzy DEBUGINFOD_URLS=https://debuginfod.ubuntu.com /usr/bin/cmake --build /home/david/limbo/build/limbo_simulation -- -j12 -l12
[0.562s] DEBUG:colcon.colcon_core.event_handler.log_command:Invoked command in '/home/david/limbo/build/limbo_description' returned '0': CMAKE_PREFIX_PATH=${CMAKE_PREFIX_PATH}:/opt/ros/jazzy DEBUGINFOD_URLS=https://debuginfod.ubuntu.com /usr/bin/cmake --build /home/david/limbo/build/limbo_description -- -j12 -l12
[0.569s] DEBUG:colcon.colcon_core.event_handler.log_command:Invoking command in '/home/david/limbo/build/limbo_description': CMAKE_PREFIX_PATH=${CMAKE_PREFIX_PATH}:/opt/ros/jazzy DEBUGINFOD_URLS=https://debuginfod.ubuntu.com /usr/bin/cmake --install /home/david/limbo/build/limbo_description
[0.570s] DEBUG:colcon.colcon_core.event_handler.log_command:Invoked command in '/home/david/limbo/build/limbo_simulation' returned '0': CMAKE_PREFIX_PATH=${CMAKE_PREFIX_PATH}:/opt/ros/jazzy DEBUGINFOD_URLS=https://debuginfod.ubuntu.com /usr/bin/cmake --build /home/david/limbo/build/limbo_simulation -- -j12 -l12
[0.571s] DEBUG:colcon.colcon_core.event_handler.log_command:Invoking command in '/home/david/limbo/build/limbo_simulation': CMAKE_PREFIX_PATH=${CMAKE_PREFIX_PATH}:/opt/ros/jazzy DEBUGINFOD_URLS=https://debuginfod.ubuntu.com /usr/bin/cmake --install /home/david/limbo/build/limbo_simulation
[0.572s] DEBUG:colcon.colcon_core.event_handler.log_command:Invoked command in '/home/david/limbo/build/limbo_navigation' returned '0': CMAKE_PREFIX_PATH=${CMAKE_PREFIX_PATH}:/opt/ros/jazzy DEBUGINFOD_URLS=https://debuginfod.ubuntu.com /usr/bin/cmake --build /home/david/limbo/build/limbo_navigation -- -j12 -l12
[0.573s] DEBUG:colcon.colcon_core.event_handler.log_command:Invoking command in '/home/david/limbo/build/limbo_navigation': CMAKE_PREFIX_PATH=${CMAKE_PREFIX_PATH}:/opt/ros/jazzy DEBUGINFOD_URLS=https://debuginfod.ubuntu.com /usr/bin/cmake --install /home/david/limbo/build/limbo_navigation
[0.573s] DEBUG:colcon.colcon_core.event_handler.log_command:Invoked command in '/home/david/limbo/build/limbo_bringup' returned '0': CMAKE_PREFIX_PATH=${CMAKE_PREFIX_PATH}:/opt/ros/jazzy DEBUGINFOD_URLS=https://debuginfod.ubuntu.com /usr/bin/cmake --build /home/david/limbo/build/limbo_bringup -- -j12 -l12
[0.574s] DEBUG:colcon.colcon_core.event_handler.log_command:Invoking command in '/home/david/limbo/build/limbo_bringup': CMAKE_PREFIX_PATH=${CMAKE_PREFIX_PATH}:/opt/ros/jazzy DEBUGINFOD_URLS=https://debuginfod.ubuntu.com /usr/bin/cmake --install /home/david/limbo/build/limbo_bringup
[0.580s] Level 1:colcon.colcon_core.environment:create_environment_scripts_only(limbo_description)
[0.583s] Level 1:colcon.colcon_core.environment:checking '/home/david/limbo/install/limbo_description' for CMake module files
[0.584s] Level 1:colcon.colcon_core.environment:checking '/home/david/limbo/install/limbo_description' for CMake config files
[0.585s] Level 1:colcon.colcon_core.shell:create_environment_hook('limbo_description', 'cmake_prefix_path')
[0.585s] INFO:colcon.colcon_core.shell:Creating environment hook '/home/david/limbo/install/limbo_description/share/limbo_description/hook/cmake_prefix_path.ps1'
[0.586s] INFO:colcon.colcon_core.shell:Creating environment descriptor '/home/david/limbo/install/limbo_description/share/limbo_description/hook/cmake_prefix_path.dsv'
[0.587s] INFO:colcon.colcon_core.shell:Creating environment hook '/home/david/limbo/install/limbo_description/share/limbo_description/hook/cmake_prefix_path.sh'
[0.588s] DEBUG:colcon.colcon_core.event_handler.log_command:Invoked command in '/home/david/limbo/build/limbo_description' returned '0': CMAKE_PREFIX_PATH=${CMAKE_PREFIX_PATH}:/opt/ros/jazzy DEBUGINFOD_URLS=https://debuginfod.ubuntu.com /usr/bin/cmake --install /home/david/limbo/build/limbo_description
[0.588s] Level 1:colcon.colcon_core.environment:checking '/home/david/limbo/install/limbo_description/bin'
[0.588s] Level 1:colcon.colcon_core.environment:checking '/home/david/limbo/install/limbo_description/lib/pkgconfig/limbo_description.pc'
[0.588s] Level 1:colcon.colcon_core.environment:checking '/home/david/limbo/install/limbo_description/lib/python3.12/site-packages'
[0.588s] Level 1:colcon.colcon_core.environment:checking '/home/david/limbo/install/limbo_description/bin'
[0.589s] INFO:colcon.colcon_core.shell:Creating package script '/home/david/limbo/install/limbo_description/share/limbo_description/package.ps1'
[0.590s] INFO:colcon.colcon_core.shell:Creating package descriptor '/home/david/limbo/install/limbo_description/share/limbo_description/package.dsv'
[0.591s] INFO:colcon.colcon_core.shell:Creating package script '/home/david/limbo/install/limbo_description/share/limbo_description/package.sh'
[0.592s] INFO:colcon.colcon_core.shell:Creating package script '/home/david/limbo/install/limbo_description/share/limbo_description/package.bash'
[0.593s] INFO:colcon.colcon_core.shell:Creating package script '/home/david/limbo/install/limbo_description/share/limbo_description/package.zsh'
[0.593s] Level 1:colcon.colcon_core.environment:create_file_with_runtime_dependencies(/home/david/limbo/install/limbo_description/share/colcon-core/packages/limbo_description)
[0.594s] Level 1:colcon.colcon_core.environment:create_environment_scripts_only(limbo_description)
[0.594s] Level 1:colcon.colcon_core.environment:checking '/home/david/limbo/install/limbo_description' for CMake module files
[0.594s] Level 1:colcon.colcon_core.environment:checking '/home/david/limbo/install/limbo_description' for CMake config files
[0.594s] Level 1:colcon.colcon_core.shell:create_environment_hook('limbo_description', 'cmake_prefix_path')
[0.594s] INFO:colcon.colcon_core.shell:Creating environment hook '/home/david/limbo/install/limbo_description/share/limbo_description/hook/cmake_prefix_path.ps1'
[0.595s] INFO:colcon.colcon_core.shell:Creating environment descriptor '/home/david/limbo/install/limbo_description/share/limbo_description/hook/cmake_prefix_path.dsv'
[0.596s] INFO:colcon.colcon_core.shell:Creating environment hook '/home/david/limbo/install/limbo_description/share/limbo_description/hook/cmake_prefix_path.sh'
[0.597s] Level 1:colcon.colcon_core.environment:checking '/home/david/limbo/install/limbo_description/bin'
[0.597s] Level 1:colcon.colcon_core.environment:checking '/home/david/limbo/install/limbo_description/lib/pkgconfig/limbo_description.pc'
[0.597s] Level 1:colcon.colcon_core.environment:checking '/home/david/limbo/install/limbo_description/lib/python3.12/site-packages'
[0.597s] Level 1:colcon.colcon_core.environment:checking '/home/david/limbo/install/limbo_description/bin'
[0.597s] INFO:colcon.colcon_core.shell:Creating package script '/home/david/limbo/install/limbo_description/share/limbo_description/package.ps1'
[0.598s] INFO:colcon.colcon_core.shell:Creating package descriptor '/home/david/limbo/install/limbo_description/share/limbo_description/package.dsv'
[0.599s] INFO:colcon.colcon_core.shell:Creating package script '/home/david/limbo/install/limbo_description/share/limbo_description/package.sh'
[0.600s] INFO:colcon.colcon_core.shell:Creating package script '/home/david/limbo/install/limbo_description/share/limbo_description/package.bash'
[0.600s] INFO:colcon.colcon_core.shell:Creating package script '/home/david/limbo/install/limbo_description/share/limbo_description/package.zsh'
[0.601s] Level 1:colcon.colcon_core.environment:create_file_with_runtime_dependencies(/home/david/limbo/install/limbo_description/share/colcon-core/packages/limbo_description)
[0.601s] Level 1:colcon.colcon_core.environment:create_environment_scripts_only(limbo_simulation)
[0.601s] Level 1:colcon.colcon_core.environment:checking '/home/david/limbo/install/limbo_simulation' for CMake module files
[0.601s] Level 1:colcon.colcon_core.environment:checking '/home/david/limbo/install/limbo_simulation' for CMake config files
[0.602s] DEBUG:colcon.colcon_core.event_handler.log_command:Invoked command in '/home/david/limbo/build/limbo_simulation' returned '0': CMAKE_PREFIX_PATH=${CMAKE_PREFIX_PATH}:/opt/ros/jazzy DEBUGINFOD_URLS=https://debuginfod.ubuntu.com /usr/bin/cmake --install /home/david/limbo/build/limbo_simulation
[0.602s] Level 1:colcon.colcon_core.shell:create_environment_hook('limbo_simulation', 'cmake_prefix_path')
[0.602s] INFO:colcon.colcon_core.shell:Creating environment hook '/home/david/limbo/install/limbo_simulation/share/limbo_simulation/hook/cmake_prefix_path.ps1'
[0.603s] INFO:colcon.colcon_core.shell:Creating environment descriptor '/home/david/limbo/install/limbo_simulation/share/limbo_simulation/hook/cmake_prefix_path.dsv'
[0.604s] INFO:colcon.colcon_core.shell:Creating environment hook '/home/david/limbo/install/limbo_simulation/share/limbo_simulation/hook/cmake_prefix_path.sh'
[0.604s] Level 1:colcon.colcon_core.environment:checking '/home/david/limbo/install/limbo_simulation/bin'
[0.605s] Level 1:colcon.colcon_core.environment:checking '/home/david/limbo/install/limbo_simulation/lib/pkgconfig/limbo_simulation.pc'
[0.605s] Level 1:colcon.colcon_core.environment:checking '/home/david/limbo/install/limbo_simulation/lib/python3.12/site-packages'
[0.605s] Level 1:colcon.colcon_core.environment:checking '/home/david/limbo/install/limbo_simulation/bin'
[0.605s] INFO:colcon.colcon_core.shell:Creating package script '/home/david/limbo/install/limbo_simulation/share/limbo_simulation/package.ps1'
[0.606s] INFO:colcon.colcon_core.shell:Creating package descriptor '/home/david/limbo/install/limbo_simulation/share/limbo_simulation/package.dsv'
[0.607s] INFO:colcon.colcon_core.shell:Creating package script '/home/david/limbo/install/limbo_simulation/share/limbo_simulation/package.sh'
[0.608s] INFO:colcon.colcon_core.shell:Creating package script '/home/david/limbo/install/limbo_simulation/share/limbo_simulation/package.bash'
[0.608s] INFO:colcon.colcon_core.shell:Creating package script '/home/david/limbo/install/limbo_simulation/share/limbo_simulation/package.zsh'
[0.609s] Level 1:colcon.colcon_core.environment:create_file_with_runtime_dependencies(/home/david/limbo/install/limbo_simulation/share/colcon-core/packages/limbo_simulation)
[0.609s] Level 1:colcon.colcon_core.environment:create_environment_scripts_only(limbo_simulation)
[0.609s] Level 1:colcon.colcon_core.environment:checking '/home/david/limbo/install/limbo_simulation' for CMake module files
[0.610s] Level 1:colcon.colcon_core.environment:checking '/home/david/limbo/install/limbo_simulation' for CMake config files
[0.610s] Level 1:colcon.colcon_core.shell:create_environment_hook('limbo_simulation', 'cmake_prefix_path')
[0.610s] INFO:colcon.colcon_core.shell:Creating environment hook '/home/david/limbo/install/limbo_simulation/share/limbo_simulation/hook/cmake_prefix_path.ps1'
[0.611s] INFO:colcon.colcon_core.shell:Creating environment descriptor '/home/david/limbo/install/limbo_simulation/share/limbo_simulation/hook/cmake_prefix_path.dsv'
[0.612s] INFO:colcon.colcon_core.shell:Creating environment hook '/home/david/limbo/install/limbo_simulation/share/limbo_simulation/hook/cmake_prefix_path.sh'
[0.612s] Level 1:colcon.colcon_core.environment:checking '/home/david/limbo/install/limbo_simulation/bin'
[0.612s] Level 1:colcon.colcon_core.environment:checking '/home/david/limbo/install/limbo_simulation/lib/pkgconfig/limbo_simulation.pc'
[0.613s] Level 1:colcon.colcon_core.environment:checking '/home/david/limbo/install/limbo_simulation/lib/python3.12/site-packages'
[0.613s] Level 1:colcon.colcon_core.environment:checking '/home/david/limbo/install/limbo_simulation/bin'
[0.613s] INFO:colcon.colcon_core.shell:Creating package script '/home/david/limbo/install/limbo_simulation/share/limbo_simulation/package.ps1'
[0.614s] INFO:colcon.colcon_core.shell:Creating package descriptor '/home/david/limbo/install/limbo_simulation/share/limbo_simulation/package.dsv'
[0.614s] INFO:colcon.colcon_core.shell:Creating package script '/home/david/limbo/install/limbo_simulation/share/limbo_simulation/package.sh'
[0.615s] INFO:colcon.colcon_core.shell:Creating package script '/home/david/limbo/install/limbo_simulation/share/limbo_simulation/package.bash'
[0.615s] INFO:colcon.colcon_core.shell:Creating package script '/home/david/limbo/install/limbo_simulation/share/limbo_simulation/package.zsh'
[0.616s] Level 1:colcon.colcon_core.environment:create_file_with_runtime_dependencies(/home/david/limbo/install/limbo_simulation/share/colcon-core/packages/limbo_simulation)
[0.617s] Level 1:colcon.colcon_core.environment:create_environment_scripts_only(limbo_navigation)
[0.617s] Level 1:colcon.colcon_core.environment:checking '/home/david/limbo/install/limbo_navigation' for CMake module files
[0.618s] DEBUG:colcon.colcon_core.event_handler.log_command:Invoked command in '/home/david/limbo/build/limbo_navigation' returned '0': CMAKE_PREFIX_PATH=${CMAKE_PREFIX_PATH}:/opt/ros/jazzy DEBUGINFOD_URLS=https://debuginfod.ubuntu.com /usr/bin/cmake --install /home/david/limbo/build/limbo_navigation
[0.618s] Level 1:colcon.colcon_core.environment:checking '/home/david/limbo/install/limbo_navigation' for CMake config files
[0.618s] Level 1:colcon.colcon_core.shell:create_environment_hook('limbo_navigation', 'cmake_prefix_path')
[0.618s] INFO:colcon.colcon_core.shell:Creating environment hook '/home/david/limbo/install/limbo_navigation/share/limbo_navigation/hook/cmake_prefix_path.ps1'
[0.619s] INFO:colcon.colcon_core.shell:Creating environment descriptor '/home/david/limbo/install/limbo_navigation/share/limbo_navigation/hook/cmake_prefix_path.dsv'
[0.619s] INFO:colcon.colcon_core.shell:Creating environment hook '/home/david/limbo/install/limbo_navigation/share/limbo_navigation/hook/cmake_prefix_path.sh'
[0.620s] Level 1:colcon.colcon_core.environment:checking '/home/david/limbo/install/limbo_navigation/bin'
[0.620s] Level 1:colcon.colcon_core.environment:checking '/home/david/limbo/install/limbo_navigation/lib/pkgconfig/limbo_navigation.pc'
[0.620s] Level 1:colcon.colcon_core.environment:checking '/home/david/limbo/install/limbo_navigation/lib/python3.12/site-packages'
[0.620s] Level 1:colcon.colcon_core.environment:checking '/home/david/limbo/install/limbo_navigation/bin'
[0.621s] INFO:colcon.colcon_core.shell:Creating package script '/home/david/limbo/install/limbo_navigation/share/limbo_navigation/package.ps1'
[0.621s] INFO:colcon.colcon_core.shell:Creating package descriptor '/home/david/limbo/install/limbo_navigation/share/limbo_navigation/package.dsv'
[0.622s] INFO:colcon.colcon_core.shell:Creating package script '/home/david/limbo/install/limbo_navigation/share/limbo_navigation/package.sh'
[0.622s] INFO:colcon.colcon_core.shell:Creating package script '/home/david/limbo/install/limbo_navigation/share/limbo_navigation/package.bash'
[0.623s] INFO:colcon.colcon_core.shell:Creating package script '/home/david/limbo/install/limbo_navigation/share/limbo_navigation/package.zsh'
[0.623s] Level 1:colcon.colcon_core.environment:create_file_with_runtime_dependencies(/home/david/limbo/install/limbo_navigation/share/colcon-core/packages/limbo_navigation)
[0.624s] Level 1:colcon.colcon_core.environment:create_environment_scripts_only(limbo_navigation)
[0.624s] Level 1:colcon.colcon_core.environment:checking '/home/david/limbo/install/limbo_navigation' for CMake module files
[0.624s] Level 1:colcon.colcon_core.environment:checking '/home/david/limbo/install/limbo_navigation' for CMake config files
[0.624s] Level 1:colcon.colcon_core.shell:create_environment_hook('limbo_navigation', 'cmake_prefix_path')
[0.624s] INFO:colcon.colcon_core.shell:Creating environment hook '/home/david/limbo/install/limbo_navigation/share/limbo_navigation/hook/cmake_prefix_path.ps1'
[0.625s] INFO:colcon.colcon_core.shell:Creating environment descriptor '/home/david/limbo/install/limbo_navigation/share/limbo_navigation/hook/cmake_prefix_path.dsv'
[0.625s] INFO:colcon.colcon_core.shell:Creating environment hook '/home/david/limbo/install/limbo_navigation/share/limbo_navigation/hook/cmake_prefix_path.sh'
[0.626s] Level 1:colcon.colcon_core.environment:checking '/home/david/limbo/install/limbo_navigation/bin'
[0.626s] Level 1:colcon.colcon_core.environment:checking '/home/david/limbo/install/limbo_navigation/lib/pkgconfig/limbo_navigation.pc'
[0.626s] Level 1:colcon.colcon_core.environment:checking '/home/david/limbo/install/limbo_navigation/lib/python3.12/site-packages'
[0.626s] Level 1:colcon.colcon_core.environment:checking '/home/david/limbo/install/limbo_navigation/bin'
[0.626s] INFO:colcon.colcon_core.shell:Creating package script '/home/david/limbo/install/limbo_navigation/share/limbo_navigation/package.ps1'
[0.627s] INFO:colcon.colcon_core.shell:Creating package descriptor '/home/david/limbo/install/limbo_navigation/share/limbo_navigation/package.dsv'
[0.628s] INFO:colcon.colcon_core.shell:Creating package script '/home/david/limbo/install/limbo_navigation/share/limbo_navigation/package.sh'
[0.628s] INFO:colcon.colcon_core.shell:Creating package script '/home/david/limbo/install/limbo_navigation/share/limbo_navigation/package.bash'
[0.629s] INFO:colcon.colcon_core.shell:Creating package script '/home/david/limbo/install/limbo_navigation/share/limbo_navigation/package.zsh'
[0.629s] Level 1:colcon.colcon_core.environment:create_file_with_runtime_dependencies(/home/david/limbo/install/limbo_navigation/share/colcon-core/packages/limbo_navigation)
[0.629s] Level 1:colcon.colcon_core.environment:create_environment_scripts_only(limbo_bringup)
[0.630s] Level 1:colcon.colcon_core.environment:checking '/home/david/limbo/install/limbo_bringup' for CMake module files
[0.630s] Level 1:colcon.colcon_core.environment:checking '/home/david/limbo/install/limbo_bringup' for CMake config files
[0.630s] Level 1:colcon.colcon_core.shell:create_environment_hook('limbo_bringup', 'cmake_prefix_path')
[0.630s] INFO:colcon.colcon_core.shell:Creating environment hook '/home/david/limbo/install/limbo_bringup/share/limbo_bringup/hook/cmake_prefix_path.ps1'
[0.631s] DEBUG:colcon.colcon_core.event_handler.log_command:Invoked command in '/home/david/limbo/build/limbo_bringup' returned '0': CMAKE_PREFIX_PATH=${CMAKE_PREFIX_PATH}:/opt/ros/jazzy DEBUGINFOD_URLS=https://debuginfod.ubuntu.com /usr/bin/cmake --install /home/david/limbo/build/limbo_bringup
[0.631s] INFO:colcon.colcon_core.shell:Creating environment descriptor '/home/david/limbo/install/limbo_bringup/share/limbo_bringup/hook/cmake_prefix_path.dsv'
[0.632s] INFO:colcon.colcon_core.shell:Creating environment hook '/home/david/limbo/install/limbo_bringup/share/limbo_bringup/hook/cmake_prefix_path.sh'
[0.632s] Level 1:colcon.colcon_core.environment:checking '/home/david/limbo/install/limbo_bringup/bin'
[0.632s] Level 1:colcon.colcon_core.environment:checking '/home/david/limbo/install/limbo_bringup/lib/pkgconfig/limbo_bringup.pc'
[0.633s] Level 1:colcon.colcon_core.environment:checking '/home/david/limbo/install/limbo_bringup/lib/python3.12/site-packages'
[0.633s] Level 1:colcon.colcon_core.environment:checking '/home/david/limbo/install/limbo_bringup/bin'
[0.633s] INFO:colcon.colcon_core.shell:Creating package script '/home/david/limbo/install/limbo_bringup/share/limbo_bringup/package.ps1'
[0.634s] INFO:colcon.colcon_core.shell:Creating package descriptor '/home/david/limbo/install/limbo_bringup/share/limbo_bringup/package.dsv'
[0.634s] INFO:colcon.colcon_core.shell:Creating package script '/home/david/limbo/install/limbo_bringup/share/limbo_bringup/package.sh'
[0.635s] INFO:colcon.colcon_core.shell:Creating package script '/home/david/limbo/install/limbo_bringup/share/limbo_bringup/package.bash'
[0.635s] INFO:colcon.colcon_core.shell:Creating package script '/home/david/limbo/install/limbo_bringup/share/limbo_bringup/package.zsh'
[0.636s] Level 1:colcon.colcon_core.environment:create_file_with_runtime_dependencies(/home/david/limbo/install/limbo_bringup/share/colcon-core/packages/limbo_bringup)
[0.636s] Level 1:colcon.colcon_core.environment:create_environment_scripts_only(limbo_bringup)
[0.636s] Level 1:colcon.colcon_core.environment:checking '/home/david/limbo/install/limbo_bringup' for CMake module files
[0.637s] Level 1:colcon.colcon_core.environment:checking '/home/david/limbo/install/limbo_bringup' for CMake config files
[0.637s] Level 1:colcon.colcon_core.shell:create_environment_hook('limbo_bringup', 'cmake_prefix_path')
[0.637s] INFO:colcon.colcon_core.shell:Creating environment hook '/home/david/limbo/install/limbo_bringup/share/limbo_bringup/hook/cmake_prefix_path.ps1'
[0.637s] INFO:colcon.colcon_core.shell:Creating environment descriptor '/home/david/limbo/install/limbo_bringup/share/limbo_bringup/hook/cmake_prefix_path.dsv'
[0.638s] INFO:colcon.colcon_core.shell:Creating environment hook '/home/david/limbo/install/limbo_bringup/share/limbo_bringup/hook/cmake_prefix_path.sh'
[0.638s] Level 1:colcon.colcon_core.environment:checking '/home/david/limbo/install/limbo_bringup/bin'
[0.638s] Level 1:colcon.colcon_core.environment:checking '/home/david/limbo/install/limbo_bringup/lib/pkgconfig/limbo_bringup.pc'
[0.639s] Level 1:colcon.colcon_core.environment:checking '/home/david/limbo/install/limbo_bringup/lib/python3.12/site-packages'
[0.639s] Level 1:colcon.colcon_core.environment:checking '/home/david/limbo/install/limbo_bringup/bin'
[0.639s] INFO:colcon.colcon_core.shell:Creating package script '/home/david/limbo/install/limbo_bringup/share/limbo_bringup/package.ps1'
[0.640s] INFO:colcon.colcon_core.shell:Creating package descriptor '/home/david/limbo/install/limbo_bringup/share/limbo_bringup/package.dsv'
[0.640s] INFO:colcon.colcon_core.shell:Creating package script '/home/david/limbo/install/limbo_bringup/share/limbo_bringup/package.sh'
[0.641s] INFO:colcon.colcon_core.shell:Creating package script '/home/david/limbo/install/limbo_bringup/share/limbo_bringup/package.bash'
[0.641s] INFO:colcon.colcon_core.shell:Creating package script '/home/david/limbo/install/limbo_bringup/share/limbo_bringup/package.zsh'
[0.642s] Level 1:colcon.colcon_core.environment:create_file_with_runtime_dependencies(/home/david/limbo/install/limbo_bringup/share/colcon-core/packages/limbo_bringup)
[0.642s] DEBUG:colcon.colcon_parallel_executor.executor.parallel:closing loop
[0.642s] DEBUG:colcon.colcon_parallel_executor.executor.parallel:loop closed
[0.642s] DEBUG:colcon.colcon_parallel_executor.executor.parallel:run_until_complete finished with '0'
[0.643s] DEBUG:colcon.colcon_core.event_reactor:joining thread
[0.647s] INFO:colcon.colcon_core.plugin_system:Skipping extension 'colcon_notification.desktop_notification.terminal_notifier': Not used on non-Darwin systems
[0.647s] INFO:colcon.colcon_core.plugin_system:Skipping extension 'colcon_notification.desktop_notification.win32': Not used on non-Windows systems
[0.647s] INFO:colcon.colcon_notification.desktop_notification:Sending desktop notification using 'notify2'
[0.663s] DEBUG:colcon.colcon_core.event_reactor:joined thread
[0.663s] INFO:colcon.colcon_core.shell:Creating prefix script '/home/david/limbo/install/local_setup.ps1'
[0.664s] INFO:colcon.colcon_core.shell:Creating prefix util module '/home/david/limbo/install/_local_setup_util_ps1.py'
[0.666s] INFO:colcon.colcon_core.shell:Creating prefix chain script '/home/david/limbo/install/setup.ps1'
[0.667s] INFO:colcon.colcon_core.shell:Creating prefix script '/home/david/limbo/install/local_setup.sh'
[0.669s] INFO:colcon.colcon_core.shell:Creating prefix util module '/home/david/limbo/install/_local_setup_util_sh.py'
[0.670s] INFO:colcon.colcon_core.shell:Creating prefix chain script '/home/david/limbo/install/setup.sh'
[0.671s] INFO:colcon.colcon_core.shell:Creating prefix script '/home/david/limbo/install/local_setup.bash'
[0.672s] INFO:colcon.colcon_core.shell:Creating prefix chain script '/home/david/limbo/install/setup.bash'
[0.673s] INFO:colcon.colcon_core.shell:Creating prefix script '/home/david/limbo/install/local_setup.zsh'
[0.673s] INFO:colcon.colcon_core.shell:Creating prefix chain script '/home/david/limbo/install/setup.zsh'
