[0.015s] Invoking command in '/home/david/limbo/build/limbo_simulation': CMAKE_PREFIX_PATH=${CMAKE_PREFIX_PATH}:/opt/ros/jazzy DEBUGINFOD_URLS=https://debuginfod.ubuntu.com /usr/bin/cmake --build /home/david/limbo/build/limbo_simulation -- -j12 -l12
[0.047s] Invoked command in '/home/david/limbo/build/limbo_simulation' returned '0': CMAKE_PREFIX_PATH=${CMAKE_PREFIX_PATH}:/opt/ros/jazzy DEBUGINFOD_URLS=https://debuginfod.ubuntu.com /usr/bin/cmake --build /home/david/limbo/build/limbo_simulation -- -j12 -l12
[0.048s] Invoking command in '/home/david/limbo/build/limbo_simulation': CMAKE_PREFIX_PATH=${CMAKE_PREFIX_PATH}:/opt/ros/jazzy DEBUGINFOD_URLS=https://debuginfod.ubuntu.com /usr/bin/cmake --install /home/david/limbo/build/limbo_simulation
[0.065s] -- Install configuration: ""
[0.065s] -- Up-to-date: /home/david/limbo/install/limbo_simulation/share/limbo_simulation/worlds
[0.065s] -- Up-to-date: /home/david/limbo/install/limbo_simulation/share/limbo_simulation/config
[0.065s] -- Up-to-date: /home/david/limbo/install/limbo_simulation/share/limbo_simulation/config/bridge.yaml
[0.066s] -- Up-to-date: /home/david/limbo/install/limbo_simulation/share/limbo_simulation/launch
[0.066s] -- Up-to-date: /home/david/limbo/install/limbo_simulation/share/limbo_simulation/launch/gazebo.launch.py
[0.066s] -- Up-to-date: /home/david/limbo/install/limbo_simulation/share/ament_index/resource_index/package_run_dependencies/limbo_simulation
[0.067s] -- Up-to-date: /home/david/limbo/install/limbo_simulation/share/ament_index/resource_index/parent_prefix_path/limbo_simulation
[0.067s] -- Up-to-date: /home/david/limbo/install/limbo_simulation/share/limbo_simulation/environment/ament_prefix_path.sh
[0.067s] -- Up-to-date: /home/david/limbo/install/limbo_simulation/share/limbo_simulation/environment/ament_prefix_path.dsv
[0.067s] -- Up-to-date: /home/david/limbo/install/limbo_simulation/share/limbo_simulation/environment/path.sh
[0.068s] -- Up-to-date: /home/david/limbo/install/limbo_simulation/share/limbo_simulation/environment/path.dsv
[0.068s] -- Up-to-date: /home/david/limbo/install/limbo_simulation/share/limbo_simulation/local_setup.bash
[0.068s] -- Up-to-date: /home/david/limbo/install/limbo_simulation/share/limbo_simulation/local_setup.sh
[0.068s] -- Up-to-date: /home/david/limbo/install/limbo_simulation/share/limbo_simulation/local_setup.zsh
[0.069s] -- Up-to-date: /home/david/limbo/install/limbo_simulation/share/limbo_simulation/local_setup.dsv
[0.069s] -- Installing: /home/david/limbo/install/limbo_simulation/share/limbo_simulation/package.dsv
[0.069s] -- Up-to-date: /home/david/limbo/install/limbo_simulation/share/ament_index/resource_index/packages/limbo_simulation
[0.069s] -- Up-to-date: /home/david/limbo/install/limbo_simulation/share/limbo_simulation/cmake/limbo_simulationConfig.cmake
[0.070s] -- Up-to-date: /home/david/limbo/install/limbo_simulation/share/limbo_simulation/cmake/limbo_simulationConfig-version.cmake
[0.070s] -- Up-to-date: /home/david/limbo/install/limbo_simulation/share/limbo_simulation/package.xml
[0.095s] Invoked command in '/home/david/limbo/build/limbo_simulation' returned '0': CMAKE_PREFIX_PATH=${CMAKE_PREFIX_PATH}:/opt/ros/jazzy DEBUGINFOD_URLS=https://debuginfod.ubuntu.com /usr/bin/cmake --install /home/david/limbo/build/limbo_simulation
