[0.024s] Invoking command in '/home/david/limbo/build/limbo_simulation': CMAKE_PREFIX_PATH=${CMAKE_PREFIX_PATH}:/opt/ros/jazzy DEBUGINFOD_URLS=https://debuginfod.ubuntu.com /usr/bin/cmake --build /home/david/limbo/build/limbo_simulation -- -j12 -l12
[0.180s] -- Found ament_cmake: 2.5.6 (/opt/ros/jazzy/share/ament_cmake/cmake)
[0.468s] -- Found ament_lint_auto: 0.17.5 (/opt/ros/jazzy/share/ament_lint_auto/cmake)
[0.582s] -- Added test 'flake8' to check Python code syntax and style conventions
[0.582s] -- Configured 'flake8' exclude dirs and/or files: 
[0.588s] -- Added test 'lint_cmake' to check CMake code style
[0.590s] -- Added test 'pep257' to check Python code against some of the docstring style conventions in PEP 257
[0.601s] -- Added test 'xmllint' to check XML markup files
[0.610s] -- Configuring done (0.5s)
[0.640s] -- Generating done (0.0s)
[0.645s] -- Build files have been written to: /home/david/limbo/build/limbo_simulation
[0.660s] Invoked command in '/home/david/limbo/build/limbo_simulation' returned '0': CMAKE_PREFIX_PATH=${CMAKE_PREFIX_PATH}:/opt/ros/jazzy DEBUGINFOD_URLS=https://debuginfod.ubuntu.com /usr/bin/cmake --build /home/david/limbo/build/limbo_simulation -- -j12 -l12
[0.661s] Invoking command in '/home/david/limbo/build/limbo_simulation': CMAKE_PREFIX_PATH=${CMAKE_PREFIX_PATH}:/opt/ros/jazzy DEBUGINFOD_URLS=https://debuginfod.ubuntu.com /usr/bin/cmake --install /home/david/limbo/build/limbo_simulation
[0.667s] -- Install configuration: ""
[0.667s] -- Up-to-date: /home/david/limbo/install/limbo_simulation/share/limbo_simulation/worlds
[0.667s] -- Installing: /home/david/limbo/install/limbo_simulation/share/limbo_simulation/worlds/bookstore_world.sdf
[0.667s] -- Installing: /home/david/limbo/install/limbo_simulation/share/limbo_simulation/worlds/bookstore_world.sdf.xacro
[0.667s] -- Up-to-date: /home/david/limbo/install/limbo_simulation/share/limbo_simulation/config
[0.667s] -- Up-to-date: /home/david/limbo/install/limbo_simulation/share/limbo_simulation/config/bridge.yaml
[0.667s] -- Up-to-date: /home/david/limbo/install/limbo_simulation/share/limbo_simulation/launch
[0.667s] -- Installing: /home/david/limbo/install/limbo_simulation/share/limbo_simulation/launch/gazebo.launch.py
[0.667s] -- Installing: /home/david/limbo/install/limbo_simulation/share/limbo_simulation/models
[0.667s] -- Installing: /home/david/limbo/install/limbo_simulation/share/limbo_simulation/models/aws_robomaker_retail_BookC_01
[0.667s] -- Installing: /home/david/limbo/install/limbo_simulation/share/limbo_simulation/models/aws_robomaker_retail_BookC_01/materials
[0.668s] -- Installing: /home/david/limbo/install/limbo_simulation/share/limbo_simulation/models/aws_robomaker_retail_BookC_01/materials/textures
[0.668s] -- Installing: /home/david/limbo/install/limbo_simulation/share/limbo_simulation/models/aws_robomaker_retail_BookC_01/materials/textures/aws_BookC_01.png
[0.668s] -- Installing: /home/david/limbo/install/limbo_simulation/share/limbo_simulation/models/aws_robomaker_retail_BookC_01/meshes
[0.668s] -- Installing: /home/david/limbo/install/limbo_simulation/share/limbo_simulation/models/aws_robomaker_retail_BookC_01/meshes/aws_BookC_01_visual.DAE
[0.668s] -- Installing: /home/david/limbo/install/limbo_simulation/share/limbo_simulation/models/aws_robomaker_retail_BookC_01/meshes/aws_BookC_01_collision.DAE
[0.668s] -- Installing: /home/david/limbo/install/limbo_simulation/share/limbo_simulation/models/aws_robomaker_retail_BookC_01/model.config
[0.668s] -- Installing: /home/david/limbo/install/limbo_simulation/share/limbo_simulation/models/aws_robomaker_retail_BookC_01/model.sdf
[0.668s] -- Installing: /home/david/limbo/install/limbo_simulation/share/limbo_simulation/models/aws_robomaker_retail_InfoDesk_01
[0.668s] -- Installing: /home/david/limbo/install/limbo_simulation/share/limbo_simulation/models/aws_robomaker_retail_InfoDesk_01/materials
[0.668s] -- Installing: /home/david/limbo/install/limbo_simulation/share/limbo_simulation/models/aws_robomaker_retail_InfoDesk_01/materials/textures
[0.669s] -- Installing: /home/david/limbo/install/limbo_simulation/share/limbo_simulation/models/aws_robomaker_retail_InfoDesk_01/materials/textures/aws_InfoDesk_01.png
[0.669s] -- Installing: /home/david/limbo/install/limbo_simulation/share/limbo_simulation/models/aws_robomaker_retail_InfoDesk_01/meshes
[0.669s] -- Installing: /home/david/limbo/install/limbo_simulation/share/limbo_simulation/models/aws_robomaker_retail_InfoDesk_01/meshes/aws_InfoDesk_01_collision.DAE
[0.669s] -- Installing: /home/david/limbo/install/limbo_simulation/share/limbo_simulation/models/aws_robomaker_retail_InfoDesk_01/meshes/aws_InfoDesk_01_visual.DAE
[0.669s] -- Installing: /home/david/limbo/install/limbo_simulation/share/limbo_simulation/models/aws_robomaker_retail_InfoDesk_01/model.config
[0.669s] -- Installing: /home/david/limbo/install/limbo_simulation/share/limbo_simulation/models/aws_robomaker_retail_InfoDesk_01/model.sdf
[0.669s] -- Installing: /home/david/limbo/install/limbo_simulation/share/limbo_simulation/models/aws_robomaker_retail_Holder_01
[0.669s] -- Installing: /home/david/limbo/install/limbo_simulation/share/limbo_simulation/models/aws_robomaker_retail_Holder_01/materials
[0.669s] -- Installing: /home/david/limbo/install/limbo_simulation/share/limbo_simulation/models/aws_robomaker_retail_Holder_01/materials/textures
[0.669s] -- Installing: /home/david/limbo/install/limbo_simulation/share/limbo_simulation/models/aws_robomaker_retail_Holder_01/materials/textures/aws_Holder_01.png
[0.669s] -- Installing: /home/david/limbo/install/limbo_simulation/share/limbo_simulation/models/aws_robomaker_retail_Holder_01/meshes
[0.669s] -- Installing: /home/david/limbo/install/limbo_simulation/share/limbo_simulation/models/aws_robomaker_retail_Holder_01/meshes/aws_Holder_01_collision.DAE
[0.669s] -- Installing: /home/david/limbo/install/limbo_simulation/share/limbo_simulation/models/aws_robomaker_retail_Holder_01/meshes/aws_Holder_01_visual.DAE
[0.670s] -- Installing: /home/david/limbo/install/limbo_simulation/share/limbo_simulation/models/aws_robomaker_retail_Holder_01/model.config
[0.670s] -- Installing: /home/david/limbo/install/limbo_simulation/share/limbo_simulation/models/aws_robomaker_retail_Holder_01/model.sdf
[0.670s] -- Installing: /home/david/limbo/install/limbo_simulation/share/limbo_simulation/models/aws_robomaker_retail_BookD_01
[0.670s] -- Installing: /home/david/limbo/install/limbo_simulation/share/limbo_simulation/models/aws_robomaker_retail_BookD_01/materials
[0.670s] -- Installing: /home/david/limbo/install/limbo_simulation/share/limbo_simulation/models/aws_robomaker_retail_BookD_01/materials/textures
[0.670s] -- Installing: /home/david/limbo/install/limbo_simulation/share/limbo_simulation/models/aws_robomaker_retail_BookD_01/materials/textures/aws_BookD_01.png
[0.670s] -- Installing: /home/david/limbo/install/limbo_simulation/share/limbo_simulation/models/aws_robomaker_retail_BookD_01/meshes
[0.670s] -- Installing: /home/david/limbo/install/limbo_simulation/share/limbo_simulation/models/aws_robomaker_retail_BookD_01/meshes/aws_BookD_01_visual.DAE
[0.670s] -- Installing: /home/david/limbo/install/limbo_simulation/share/limbo_simulation/models/aws_robomaker_retail_BookD_01/meshes/aws_BookD_01_collision.DAE
[0.670s] -- Installing: /home/david/limbo/install/limbo_simulation/share/limbo_simulation/models/aws_robomaker_retail_BookD_01/model.config
[0.670s] -- Installing: /home/david/limbo/install/limbo_simulation/share/limbo_simulation/models/aws_robomaker_retail_BookD_01/model.sdf
[0.671s] -- Installing: /home/david/limbo/install/limbo_simulation/share/limbo_simulation/models/aws_robomaker_retail_SecurityCamera_01
[0.671s] -- Installing: /home/david/limbo/install/limbo_simulation/share/limbo_simulation/models/aws_robomaker_retail_SecurityCamera_01/materials
[0.671s] -- Installing: /home/david/limbo/install/limbo_simulation/share/limbo_simulation/models/aws_robomaker_retail_SecurityCamera_01/materials/textures
[0.671s] -- Installing: /home/david/limbo/install/limbo_simulation/share/limbo_simulation/models/aws_robomaker_retail_SecurityCamera_01/materials/textures/aws_SecurityCamera_01.png
[0.671s] -- Installing: /home/david/limbo/install/limbo_simulation/share/limbo_simulation/models/aws_robomaker_retail_SecurityCamera_01/meshes
[0.671s] -- Installing: /home/david/limbo/install/limbo_simulation/share/limbo_simulation/models/aws_robomaker_retail_SecurityCamera_01/meshes/aws_SecurityCamera_01_visual.DAE
[0.671s] -- Installing: /home/david/limbo/install/limbo_simulation/share/limbo_simulation/models/aws_robomaker_retail_SecurityCamera_01/meshes/aws_SecurityCamera_01_collision.DAE
[0.671s] -- Installing: /home/david/limbo/install/limbo_simulation/share/limbo_simulation/models/aws_robomaker_retail_SecurityCamera_01/model.config
[0.671s] -- Installing: /home/david/limbo/install/limbo_simulation/share/limbo_simulation/models/aws_robomaker_retail_SecurityCamera_01/model.sdf
[0.671s] -- Installing: /home/david/limbo/install/limbo_simulation/share/limbo_simulation/models/aws_robomaker_retail_RetailShopWall_01
[0.671s] -- Installing: /home/david/limbo/install/limbo_simulation/share/limbo_simulation/models/aws_robomaker_retail_RetailShopWall_01/materials
[0.672s] -- Installing: /home/david/limbo/install/limbo_simulation/share/limbo_simulation/models/aws_robomaker_retail_RetailShopWall_01/materials/textures
[0.672s] -- Installing: /home/david/limbo/install/limbo_simulation/share/limbo_simulation/models/aws_robomaker_retail_RetailShopWall_01/materials/textures/aws_RetailShopWall_01.png
[0.672s] -- Installing: /home/david/limbo/install/limbo_simulation/share/limbo_simulation/models/aws_robomaker_retail_RetailShopWall_01/meshes
[0.672s] -- Installing: /home/david/limbo/install/limbo_simulation/share/limbo_simulation/models/aws_robomaker_retail_RetailShopWall_01/meshes/aws_RetailShopWall_01_collision.DAE
[0.672s] -- Installing: /home/david/limbo/install/limbo_simulation/share/limbo_simulation/models/aws_robomaker_retail_RetailShopWall_01/meshes/aws_RetailShopWall_01_visual.DAE
[0.672s] -- Installing: /home/david/limbo/install/limbo_simulation/share/limbo_simulation/models/aws_robomaker_retail_RetailShopWall_01/model.config
[0.672s] -- Installing: /home/david/limbo/install/limbo_simulation/share/limbo_simulation/models/aws_robomaker_retail_RetailShopWall_01/model.sdf
[0.672s] -- Installing: /home/david/limbo/install/limbo_simulation/share/limbo_simulation/models/aws_robomaker_retail_MagicCube_01
[0.672s] -- Installing: /home/david/limbo/install/limbo_simulation/share/limbo_simulation/models/aws_robomaker_retail_MagicCube_01/materials
[0.672s] -- Installing: /home/david/limbo/install/limbo_simulation/share/limbo_simulation/models/aws_robomaker_retail_MagicCube_01/materials/textures
[0.672s] -- Installing: /home/david/limbo/install/limbo_simulation/share/limbo_simulation/models/aws_robomaker_retail_MagicCube_01/materials/textures/aws_MagicCube_01.png
[0.672s] -- Installing: /home/david/limbo/install/limbo_simulation/share/limbo_simulation/models/aws_robomaker_retail_MagicCube_01/meshes
[0.672s] -- Installing: /home/david/limbo/install/limbo_simulation/share/limbo_simulation/models/aws_robomaker_retail_MagicCube_01/meshes/aws_MagicCube_01_collision.DAE
[0.672s] -- Installing: /home/david/limbo/install/limbo_simulation/share/limbo_simulation/models/aws_robomaker_retail_MagicCube_01/meshes/aws_MagicCube_01_visual.DAE
[0.673s] -- Installing: /home/david/limbo/install/limbo_simulation/share/limbo_simulation/models/aws_robomaker_retail_MagicCube_01/model.config
[0.673s] -- Installing: /home/david/limbo/install/limbo_simulation/share/limbo_simulation/models/aws_robomaker_retail_MagicCube_01/model.sdf
[0.673s] -- Installing: /home/david/limbo/install/limbo_simulation/share/limbo_simulation/models/aws_robomaker_retail_DeskB_01
[0.673s] -- Installing: /home/david/limbo/install/limbo_simulation/share/limbo_simulation/models/aws_robomaker_retail_DeskB_01/materials
[0.673s] -- Installing: /home/david/limbo/install/limbo_simulation/share/limbo_simulation/models/aws_robomaker_retail_DeskB_01/materials/textures
[0.673s] -- Installing: /home/david/limbo/install/limbo_simulation/share/limbo_simulation/models/aws_robomaker_retail_DeskB_01/materials/textures/aws_DeskB_01.png
[0.673s] -- Installing: /home/david/limbo/install/limbo_simulation/share/limbo_simulation/models/aws_robomaker_retail_DeskB_01/meshes
[0.673s] -- Installing: /home/david/limbo/install/limbo_simulation/share/limbo_simulation/models/aws_robomaker_retail_DeskB_01/meshes/aws_DeskB_01_collision.DAE
[0.674s] -- Installing: /home/david/limbo/install/limbo_simulation/share/limbo_simulation/models/aws_robomaker_retail_DeskB_01/meshes/aws_DeskB_01_visual.DAE
[0.674s] -- Installing: /home/david/limbo/install/limbo_simulation/share/limbo_simulation/models/aws_robomaker_retail_DeskB_01/model.config
[0.674s] -- Installing: /home/david/limbo/install/limbo_simulation/share/limbo_simulation/models/aws_robomaker_retail_DeskB_01/model.sdf
[0.674s] -- Installing: /home/david/limbo/install/limbo_simulation/share/limbo_simulation/models/aws_robomaker_retail_TabletB_01
[0.674s] -- Installing: /home/david/limbo/install/limbo_simulation/share/limbo_simulation/models/aws_robomaker_retail_TabletB_01/materials
[0.674s] -- Installing: /home/david/limbo/install/limbo_simulation/share/limbo_simulation/models/aws_robomaker_retail_TabletB_01/materials/textures
[0.674s] -- Installing: /home/david/limbo/install/limbo_simulation/share/limbo_simulation/models/aws_robomaker_retail_TabletB_01/materials/textures/aws_TabletB_01.png
[0.674s] -- Installing: /home/david/limbo/install/limbo_simulation/share/limbo_simulation/models/aws_robomaker_retail_TabletB_01/meshes
[0.674s] -- Installing: /home/david/limbo/install/limbo_simulation/share/limbo_simulation/models/aws_robomaker_retail_TabletB_01/meshes/aws_TabletB_01_collision.DAE
[0.674s] -- Installing: /home/david/limbo/install/limbo_simulation/share/limbo_simulation/models/aws_robomaker_retail_TabletB_01/meshes/aws_TabletB_01_visual.DAE
[0.674s] -- Installing: /home/david/limbo/install/limbo_simulation/share/limbo_simulation/models/aws_robomaker_retail_TabletB_01/model.config
[0.674s] -- Installing: /home/david/limbo/install/limbo_simulation/share/limbo_simulation/models/aws_robomaker_retail_TabletB_01/model.sdf
[0.675s] -- Installing: /home/david/limbo/install/limbo_simulation/share/limbo_simulation/models/aws_robomaker_retail_Computer_01
[0.675s] -- Installing: /home/david/limbo/install/limbo_simulation/share/limbo_simulation/models/aws_robomaker_retail_Computer_01/materials
[0.675s] -- Installing: /home/david/limbo/install/limbo_simulation/share/limbo_simulation/models/aws_robomaker_retail_Computer_01/materials/textures
[0.675s] -- Installing: /home/david/limbo/install/limbo_simulation/share/limbo_simulation/models/aws_robomaker_retail_Computer_01/materials/textures/aws_Computer_01.png
[0.675s] -- Installing: /home/david/limbo/install/limbo_simulation/share/limbo_simulation/models/aws_robomaker_retail_Computer_01/meshes
[0.675s] -- Installing: /home/david/limbo/install/limbo_simulation/share/limbo_simulation/models/aws_robomaker_retail_Computer_01/meshes/aws_Computer_01_visual.DAE
[0.675s] -- Installing: /home/david/limbo/install/limbo_simulation/share/limbo_simulation/models/aws_robomaker_retail_Computer_01/meshes/aws_Computer_01_collision.DAE
[0.675s] -- Installing: /home/david/limbo/install/limbo_simulation/share/limbo_simulation/models/aws_robomaker_retail_Computer_01/model.config
[0.675s] -- Installing: /home/david/limbo/install/limbo_simulation/share/limbo_simulation/models/aws_robomaker_retail_Computer_01/model.sdf
[0.675s] -- Installing: /home/david/limbo/install/limbo_simulation/share/limbo_simulation/models/aws_robomaker_retail_Horologe_01
[0.675s] -- Installing: /home/david/limbo/install/limbo_simulation/share/limbo_simulation/models/aws_robomaker_retail_Horologe_01/materials
[0.675s] -- Installing: /home/david/limbo/install/limbo_simulation/share/limbo_simulation/models/aws_robomaker_retail_Horologe_01/materials/textures
[0.675s] -- Installing: /home/david/limbo/install/limbo_simulation/share/limbo_simulation/models/aws_robomaker_retail_Horologe_01/materials/textures/aws_Horologe_01.png
[0.679s] -- Installing: /home/david/limbo/install/limbo_simulation/share/limbo_simulation/models/aws_robomaker_retail_Horologe_01/meshes
[0.679s] -- Installing: /home/david/limbo/install/limbo_simulation/share/limbo_simulation/models/aws_robomaker_retail_Horologe_01/meshes/aws_Horologe_01_collision.DAE
[0.679s] -- Installing: /home/david/limbo/install/limbo_simulation/share/limbo_simulation/models/aws_robomaker_retail_Horologe_01/meshes/aws_Horologe_01_visual.DAE
[0.679s] -- Installing: /home/david/limbo/install/limbo_simulation/share/limbo_simulation/models/aws_robomaker_retail_Horologe_01/model.config
[0.679s] -- Installing: /home/david/limbo/install/limbo_simulation/share/limbo_simulation/models/aws_robomaker_retail_Horologe_01/model.sdf
[0.679s] -- Installing: /home/david/limbo/install/limbo_simulation/share/limbo_simulation/models/aws_robomaker_retail_DoorB_01
[0.679s] -- Installing: /home/david/limbo/install/limbo_simulation/share/limbo_simulation/models/aws_robomaker_retail_DoorB_01/materials
[0.679s] -- Installing: /home/david/limbo/install/limbo_simulation/share/limbo_simulation/models/aws_robomaker_retail_DoorB_01/materials/textures
[0.679s] -- Installing: /home/david/limbo/install/limbo_simulation/share/limbo_simulation/models/aws_robomaker_retail_DoorB_01/materials/textures/aws_DoorB_01.png
[0.679s] -- Installing: /home/david/limbo/install/limbo_simulation/share/limbo_simulation/models/aws_robomaker_retail_DoorB_01/meshes
[0.679s] -- Installing: /home/david/limbo/install/limbo_simulation/share/limbo_simulation/models/aws_robomaker_retail_DoorB_01/meshes/aws_DoorB_01_collision.DAE
[0.680s] -- Installing: /home/david/limbo/install/limbo_simulation/share/limbo_simulation/models/aws_robomaker_retail_DoorB_01/meshes/aws_DoorB_01_visual.DAE
[0.680s] -- Installing: /home/david/limbo/install/limbo_simulation/share/limbo_simulation/models/aws_robomaker_retail_DoorB_01/model.config
[0.680s] -- Installing: /home/david/limbo/install/limbo_simulation/share/limbo_simulation/models/aws_robomaker_retail_DoorB_01/model.sdf
[0.680s] -- Installing: /home/david/limbo/install/limbo_simulation/share/limbo_simulation/models/aws_robomaker_retail_ColumnA_01
[0.680s] -- Installing: /home/david/limbo/install/limbo_simulation/share/limbo_simulation/models/aws_robomaker_retail_ColumnA_01/materials
[0.680s] -- Installing: /home/david/limbo/install/limbo_simulation/share/limbo_simulation/models/aws_robomaker_retail_ColumnA_01/materials/textures
[0.680s] -- Installing: /home/david/limbo/install/limbo_simulation/share/limbo_simulation/models/aws_robomaker_retail_ColumnA_01/materials/textures/aws_ColumnA_01.png
[0.681s] -- Installing: /home/david/limbo/install/limbo_simulation/share/limbo_simulation/models/aws_robomaker_retail_ColumnA_01/meshes
[0.681s] -- Installing: /home/david/limbo/install/limbo_simulation/share/limbo_simulation/models/aws_robomaker_retail_ColumnA_01/meshes/aws_ColumnA_01_visual.DAE
[0.681s] -- Installing: /home/david/limbo/install/limbo_simulation/share/limbo_simulation/models/aws_robomaker_retail_ColumnA_01/meshes/aws_ColumnA_01_collision.DAE
[0.681s] -- Installing: /home/david/limbo/install/limbo_simulation/share/limbo_simulation/models/aws_robomaker_retail_ColumnA_01/model.config
[0.681s] -- Installing: /home/david/limbo/install/limbo_simulation/share/limbo_simulation/models/aws_robomaker_retail_ColumnA_01/model.sdf
[0.681s] -- Installing: /home/david/limbo/install/limbo_simulation/share/limbo_simulation/models/aws_robomaker_retail_RetailShopFloor_01
[0.682s] -- Installing: /home/david/limbo/install/limbo_simulation/share/limbo_simulation/models/aws_robomaker_retail_RetailShopFloor_01/materials
[0.682s] -- Installing: /home/david/limbo/install/limbo_simulation/share/limbo_simulation/models/aws_robomaker_retail_RetailShopFloor_01/materials/textures
[0.682s] -- Installing: /home/david/limbo/install/limbo_simulation/share/limbo_simulation/models/aws_robomaker_retail_RetailShopFloor_01/materials/textures/aws_RetailShopFloor_01.png
[0.682s] -- Installing: /home/david/limbo/install/limbo_simulation/share/limbo_simulation/models/aws_robomaker_retail_RetailShopFloor_01/meshes
[0.682s] -- Installing: /home/david/limbo/install/limbo_simulation/share/limbo_simulation/models/aws_robomaker_retail_RetailShopFloor_01/meshes/aws_RetailShopFloor_01_visual.DAE
[0.682s] -- Installing: /home/david/limbo/install/limbo_simulation/share/limbo_simulation/models/aws_robomaker_retail_RetailShopFloor_01/meshes/aws_RetailShopFloor_01_collision.DAE
[0.682s] -- Installing: /home/david/limbo/install/limbo_simulation/share/limbo_simulation/models/aws_robomaker_retail_RetailShopFloor_01/model.config
[0.682s] -- Installing: /home/david/limbo/install/limbo_simulation/share/limbo_simulation/models/aws_robomaker_retail_RetailShopFloor_01/model.sdf
[0.682s] -- Installing: /home/david/limbo/install/limbo_simulation/share/limbo_simulation/models/aws_robomaker_retail_SmartSpeakerSmall_01
[0.682s] -- Installing: /home/david/limbo/install/limbo_simulation/share/limbo_simulation/models/aws_robomaker_retail_SmartSpeakerSmall_01/materials
[0.682s] -- Installing: /home/david/limbo/install/limbo_simulation/share/limbo_simulation/models/aws_robomaker_retail_SmartSpeakerSmall_01/materials/textures
[0.682s] -- Installing: /home/david/limbo/install/limbo_simulation/share/limbo_simulation/models/aws_robomaker_retail_SmartSpeakerSmall_01/materials/textures/aws_SmartSpeakerSmall_01.png
[0.682s] -- Installing: /home/david/limbo/install/limbo_simulation/share/limbo_simulation/models/aws_robomaker_retail_SmartSpeakerSmall_01/meshes
[0.683s] -- Installing: /home/david/limbo/install/limbo_simulation/share/limbo_simulation/models/aws_robomaker_retail_SmartSpeakerSmall_01/meshes/aws_SmartSpeakerSmall_01_collision.DAE
[0.683s] -- Installing: /home/david/limbo/install/limbo_simulation/share/limbo_simulation/models/aws_robomaker_retail_SmartSpeakerSmall_01/meshes/aws_SmartSpeakerSmall_01_visual.DAE
[0.683s] -- Installing: /home/david/limbo/install/limbo_simulation/share/limbo_simulation/models/aws_robomaker_retail_SmartSpeakerSmall_01/model.config
[0.683s] -- Installing: /home/david/limbo/install/limbo_simulation/share/limbo_simulation/models/aws_robomaker_retail_SmartSpeakerSmall_01/model.sdf
[0.683s] -- Installing: /home/david/limbo/install/limbo_simulation/share/limbo_simulation/models/aws_robomaker_retail_Bicycle_01
[0.683s] -- Installing: /home/david/limbo/install/limbo_simulation/share/limbo_simulation/models/aws_robomaker_retail_Bicycle_01/materials
[0.683s] -- Installing: /home/david/limbo/install/limbo_simulation/share/limbo_simulation/models/aws_robomaker_retail_Bicycle_01/materials/textures
[0.683s] -- Installing: /home/david/limbo/install/limbo_simulation/share/limbo_simulation/models/aws_robomaker_retail_Bicycle_01/materials/textures/aws_Bicycle_01.png
[0.683s] -- Installing: /home/david/limbo/install/limbo_simulation/share/limbo_simulation/models/aws_robomaker_retail_Bicycle_01/meshes
[0.683s] -- Installing: /home/david/limbo/install/limbo_simulation/share/limbo_simulation/models/aws_robomaker_retail_Bicycle_01/meshes/aws_Bicycle_01_collision.DAE
[0.683s] -- Installing: /home/david/limbo/install/limbo_simulation/share/limbo_simulation/models/aws_robomaker_retail_Bicycle_01/meshes/aws_Bicycle_01_visual.DAE
[0.683s] -- Installing: /home/david/limbo/install/limbo_simulation/share/limbo_simulation/models/aws_robomaker_retail_Bicycle_01/model.config
[0.683s] -- Installing: /home/david/limbo/install/limbo_simulation/share/limbo_simulation/models/aws_robomaker_retail_Bicycle_01/model.sdf
[0.684s] -- Installing: /home/david/limbo/install/limbo_simulation/share/limbo_simulation/models/aws_robomaker_retail_LightA_01
[0.684s] -- Installing: /home/david/limbo/install/limbo_simulation/share/limbo_simulation/models/aws_robomaker_retail_LightA_01/materials
[0.684s] -- Installing: /home/david/limbo/install/limbo_simulation/share/limbo_simulation/models/aws_robomaker_retail_LightA_01/materials/textures
[0.684s] -- Installing: /home/david/limbo/install/limbo_simulation/share/limbo_simulation/models/aws_robomaker_retail_LightA_01/materials/textures/aws_LightA_01.png
[0.684s] -- Installing: /home/david/limbo/install/limbo_simulation/share/limbo_simulation/models/aws_robomaker_retail_LightA_01/meshes
[0.684s] -- Installing: /home/david/limbo/install/limbo_simulation/share/limbo_simulation/models/aws_robomaker_retail_LightA_01/meshes/aws_LightA_01_collision.DAE
[0.684s] -- Installing: /home/david/limbo/install/limbo_simulation/share/limbo_simulation/models/aws_robomaker_retail_LightA_01/meshes/aws_LightA_01_visual.DAE
[0.684s] -- Installing: /home/david/limbo/install/limbo_simulation/share/limbo_simulation/models/aws_robomaker_retail_LightA_01/model.config
[0.684s] -- Installing: /home/david/limbo/install/limbo_simulation/share/limbo_simulation/models/aws_robomaker_retail_LightA_01/model.sdf
[0.684s] -- Installing: /home/david/limbo/install/limbo_simulation/share/limbo_simulation/models/aws_robomaker_retail_ColumnB_01
[0.684s] -- Installing: /home/david/limbo/install/limbo_simulation/share/limbo_simulation/models/aws_robomaker_retail_ColumnB_01/materials
[0.684s] -- Installing: /home/david/limbo/install/limbo_simulation/share/limbo_simulation/models/aws_robomaker_retail_ColumnB_01/materials/textures
[0.684s] -- Installing: /home/david/limbo/install/limbo_simulation/share/limbo_simulation/models/aws_robomaker_retail_ColumnB_01/materials/textures/aws_ColumnB_01.png
[0.686s] -- Installing: /home/david/limbo/install/limbo_simulation/share/limbo_simulation/models/aws_robomaker_retail_ColumnB_01/meshes
[0.686s] -- Installing: /home/david/limbo/install/limbo_simulation/share/limbo_simulation/models/aws_robomaker_retail_ColumnB_01/meshes/aws_ColumnB_01_visual.DAE
[0.686s] -- Installing: /home/david/limbo/install/limbo_simulation/share/limbo_simulation/models/aws_robomaker_retail_ColumnB_01/meshes/aws_ColumnB_01_collision.DAE
[0.686s] -- Installing: /home/david/limbo/install/limbo_simulation/share/limbo_simulation/models/aws_robomaker_retail_ColumnB_01/model.config
[0.686s] -- Installing: /home/david/limbo/install/limbo_simulation/share/limbo_simulation/models/aws_robomaker_retail_ColumnB_01/model.sdf
[0.686s] -- Installing: /home/david/limbo/install/limbo_simulation/share/limbo_simulation/models/aws_robomaker_retail_BookB_01
[0.686s] -- Installing: /home/david/limbo/install/limbo_simulation/share/limbo_simulation/models/aws_robomaker_retail_BookB_01/materials
[0.686s] -- Installing: /home/david/limbo/install/limbo_simulation/share/limbo_simulation/models/aws_robomaker_retail_BookB_01/materials/textures
[0.686s] -- Installing: /home/david/limbo/install/limbo_simulation/share/limbo_simulation/models/aws_robomaker_retail_BookB_01/materials/textures/aws_BookB_01.png
[0.687s] -- Installing: /home/david/limbo/install/limbo_simulation/share/limbo_simulation/models/aws_robomaker_retail_BookB_01/materials/textures/aws_BookB_02.png
[0.687s] -- Installing: /home/david/limbo/install/limbo_simulation/share/limbo_simulation/models/aws_robomaker_retail_BookB_01/meshes
[0.687s] -- Installing: /home/david/limbo/install/limbo_simulation/share/limbo_simulation/models/aws_robomaker_retail_BookB_01/meshes/aws_BookB_01_visual.DAE
[0.689s] -- Installing: /home/david/limbo/install/limbo_simulation/share/limbo_simulation/models/aws_robomaker_retail_BookB_01/meshes/aws_BookB_01_collision.DAE
[0.689s] -- Installing: /home/david/limbo/install/limbo_simulation/share/limbo_simulation/models/aws_robomaker_retail_BookB_01/model.config
[0.689s] -- Installing: /home/david/limbo/install/limbo_simulation/share/limbo_simulation/models/aws_robomaker_retail_BookB_01/model.sdf
[0.689s] -- Installing: /home/david/limbo/install/limbo_simulation/share/limbo_simulation/models/aws_robomaker_retail_BookshelfA_01
[0.689s] -- Installing: /home/david/limbo/install/limbo_simulation/share/limbo_simulation/models/aws_robomaker_retail_BookshelfA_01/materials
[0.689s] -- Installing: /home/david/limbo/install/limbo_simulation/share/limbo_simulation/models/aws_robomaker_retail_BookshelfA_01/materials/textures
[0.689s] -- Installing: /home/david/limbo/install/limbo_simulation/share/limbo_simulation/models/aws_robomaker_retail_BookshelfA_01/materials/textures/aws_BookshelfA_03.png
[0.689s] -- Installing: /home/david/limbo/install/limbo_simulation/share/limbo_simulation/models/aws_robomaker_retail_BookshelfA_01/materials/textures/aws_BookshelfA_01.png
[0.690s] -- Installing: /home/david/limbo/install/limbo_simulation/share/limbo_simulation/models/aws_robomaker_retail_BookshelfA_01/materials/textures/aws_BookshelfA_02.png
[0.692s] -- Installing: /home/david/limbo/install/limbo_simulation/share/limbo_simulation/models/aws_robomaker_retail_BookshelfA_01/meshes
[0.692s] -- Installing: /home/david/limbo/install/limbo_simulation/share/limbo_simulation/models/aws_robomaker_retail_BookshelfA_01/meshes/aws_BookshelfA_01_collision.DAE
[0.692s] -- Installing: /home/david/limbo/install/limbo_simulation/share/limbo_simulation/models/aws_robomaker_retail_BookshelfA_01/meshes/aws_BookshelfA_01_visual.DAE
[0.695s] -- Installing: /home/david/limbo/install/limbo_simulation/share/limbo_simulation/models/aws_robomaker_retail_BookshelfA_01/model.config
[0.695s] -- Installing: /home/david/limbo/install/limbo_simulation/share/limbo_simulation/models/aws_robomaker_retail_BookshelfA_01/model.sdf
[0.695s] -- Installing: /home/david/limbo/install/limbo_simulation/share/limbo_simulation/models/aws_robomaker_retail_AirConditionerC_01
[0.695s] -- Installing: /home/david/limbo/install/limbo_simulation/share/limbo_simulation/models/aws_robomaker_retail_AirConditionerC_01/materials
[0.695s] -- Installing: /home/david/limbo/install/limbo_simulation/share/limbo_simulation/models/aws_robomaker_retail_AirConditionerC_01/materials/textures
[0.695s] -- Installing: /home/david/limbo/install/limbo_simulation/share/limbo_simulation/models/aws_robomaker_retail_AirConditionerC_01/materials/textures/aws_AirConditionerC_01.png
[0.695s] -- Installing: /home/david/limbo/install/limbo_simulation/share/limbo_simulation/models/aws_robomaker_retail_AirConditionerC_01/meshes
[0.696s] -- Installing: /home/david/limbo/install/limbo_simulation/share/limbo_simulation/models/aws_robomaker_retail_AirConditionerC_01/meshes/aws_AirConditionerC_01_visual.DAE
[0.696s] -- Installing: /home/david/limbo/install/limbo_simulation/share/limbo_simulation/models/aws_robomaker_retail_AirConditionerC_01/meshes/aws_AirConditionerC_01_collision.DAE
[0.696s] -- Installing: /home/david/limbo/install/limbo_simulation/share/limbo_simulation/models/aws_robomaker_retail_AirConditionerC_01/model.config
[0.696s] -- Installing: /home/david/limbo/install/limbo_simulation/share/limbo_simulation/models/aws_robomaker_retail_AirConditionerC_01/model.sdf
[0.696s] -- Installing: /home/david/limbo/install/limbo_simulation/share/limbo_simulation/models/aws_robomaker_retail_ShopWindow_01
[0.696s] -- Installing: /home/david/limbo/install/limbo_simulation/share/limbo_simulation/models/aws_robomaker_retail_ShopWindow_01/materials
[0.696s] -- Installing: /home/david/limbo/install/limbo_simulation/share/limbo_simulation/models/aws_robomaker_retail_ShopWindow_01/materials/textures
[0.696s] -- Installing: /home/david/limbo/install/limbo_simulation/share/limbo_simulation/models/aws_robomaker_retail_ShopWindow_01/materials/textures/aws_ShopWindow_01.png
[0.696s] -- Installing: /home/david/limbo/install/limbo_simulation/share/limbo_simulation/models/aws_robomaker_retail_ShopWindow_01/meshes
[0.696s] -- Installing: /home/david/limbo/install/limbo_simulation/share/limbo_simulation/models/aws_robomaker_retail_ShopWindow_01/meshes/aws_ShopWindow_01_visual.DAE
[0.696s] -- Installing: /home/david/limbo/install/limbo_simulation/share/limbo_simulation/models/aws_robomaker_retail_ShopWindow_01/meshes/aws_ShopWindow_01_collision.DAE
[0.696s] -- Installing: /home/david/limbo/install/limbo_simulation/share/limbo_simulation/models/aws_robomaker_retail_ShopWindow_01/model.config
[0.696s] -- Installing: /home/david/limbo/install/limbo_simulation/share/limbo_simulation/models/aws_robomaker_retail_ShopWindow_01/model.sdf
[0.697s] -- Installing: /home/david/limbo/install/limbo_simulation/share/limbo_simulation/models/aws_robomaker_retail_BookF_01
[0.697s] -- Installing: /home/david/limbo/install/limbo_simulation/share/limbo_simulation/models/aws_robomaker_retail_BookF_01/materials
[0.697s] -- Installing: /home/david/limbo/install/limbo_simulation/share/limbo_simulation/models/aws_robomaker_retail_BookF_01/materials/textures
[0.697s] -- Installing: /home/david/limbo/install/limbo_simulation/share/limbo_simulation/models/aws_robomaker_retail_BookF_01/materials/textures/aws_BookF_01.png
[0.697s] -- Installing: /home/david/limbo/install/limbo_simulation/share/limbo_simulation/models/aws_robomaker_retail_BookF_01/meshes
[0.697s] -- Installing: /home/david/limbo/install/limbo_simulation/share/limbo_simulation/models/aws_robomaker_retail_BookF_01/meshes/aws_BookF_01_collision.DAE
[0.697s] -- Installing: /home/david/limbo/install/limbo_simulation/share/limbo_simulation/models/aws_robomaker_retail_BookF_01/meshes/aws_BookF_01_visual.DAE
[0.697s] -- Installing: /home/david/limbo/install/limbo_simulation/share/limbo_simulation/models/aws_robomaker_retail_BookF_01/model.config
[0.697s] -- Installing: /home/david/limbo/install/limbo_simulation/share/limbo_simulation/models/aws_robomaker_retail_BookF_01/model.sdf
[0.697s] -- Installing: /home/david/limbo/install/limbo_simulation/share/limbo_simulation/models/aws_robomaker_retail_BookA_01
[0.697s] -- Installing: /home/david/limbo/install/limbo_simulation/share/limbo_simulation/models/aws_robomaker_retail_BookA_01/materials
[0.697s] -- Installing: /home/david/limbo/install/limbo_simulation/share/limbo_simulation/models/aws_robomaker_retail_BookA_01/materials/textures
[0.697s] -- Installing: /home/david/limbo/install/limbo_simulation/share/limbo_simulation/models/aws_robomaker_retail_BookA_01/materials/textures/aws_BookA_01.png
[0.698s] -- Installing: /home/david/limbo/install/limbo_simulation/share/limbo_simulation/models/aws_robomaker_retail_BookA_01/meshes
[0.698s] -- Installing: /home/david/limbo/install/limbo_simulation/share/limbo_simulation/models/aws_robomaker_retail_BookA_01/meshes/aws_BookA_01_visual.DAE
[0.698s] -- Installing: /home/david/limbo/install/limbo_simulation/share/limbo_simulation/models/aws_robomaker_retail_BookA_01/meshes/aws_BookA_01_collision.DAE
[0.698s] -- Installing: /home/david/limbo/install/limbo_simulation/share/limbo_simulation/models/aws_robomaker_retail_BookA_01/model.config
[0.698s] -- Installing: /home/david/limbo/install/limbo_simulation/share/limbo_simulation/models/aws_robomaker_retail_BookA_01/model.sdf
[0.698s] -- Installing: /home/david/limbo/install/limbo_simulation/share/limbo_simulation/models/aws_robomaker_retail_RetailShopCeiling_01
[0.698s] -- Installing: /home/david/limbo/install/limbo_simulation/share/limbo_simulation/models/aws_robomaker_retail_RetailShopCeiling_01/materials
[0.698s] -- Installing: /home/david/limbo/install/limbo_simulation/share/limbo_simulation/models/aws_robomaker_retail_RetailShopCeiling_01/materials/textures
[0.698s] -- Installing: /home/david/limbo/install/limbo_simulation/share/limbo_simulation/models/aws_robomaker_retail_RetailShopCeiling_01/materials/textures/aws_RetailShopCeiling_01.png
[0.698s] -- Installing: /home/david/limbo/install/limbo_simulation/share/limbo_simulation/models/aws_robomaker_retail_RetailShopCeiling_01/meshes
[0.698s] -- Installing: /home/david/limbo/install/limbo_simulation/share/limbo_simulation/models/aws_robomaker_retail_RetailShopCeiling_01/meshes/aws_RetailShopCeiling_01_visual.DAE
[0.698s] -- Installing: /home/david/limbo/install/limbo_simulation/share/limbo_simulation/models/aws_robomaker_retail_RetailShopCeiling_01/meshes/aws_RetailShopCeiling_01_collision.DAE
[0.698s] -- Installing: /home/david/limbo/install/limbo_simulation/share/limbo_simulation/models/aws_robomaker_retail_RetailShopCeiling_01/model.config
[0.698s] -- Installing: /home/david/limbo/install/limbo_simulation/share/limbo_simulation/models/aws_robomaker_retail_RetailShopCeiling_01/model.sdf
[0.699s] -- Installing: /home/david/limbo/install/limbo_simulation/share/limbo_simulation/models/aws_robomaker_retail_ChairB_01
[0.699s] -- Installing: /home/david/limbo/install/limbo_simulation/share/limbo_simulation/models/aws_robomaker_retail_ChairB_01/materials
[0.699s] -- Installing: /home/david/limbo/install/limbo_simulation/share/limbo_simulation/models/aws_robomaker_retail_ChairB_01/materials/textures
[0.699s] -- Installing: /home/david/limbo/install/limbo_simulation/share/limbo_simulation/models/aws_robomaker_retail_ChairB_01/materials/textures/aws_ChairB_01.png
[0.700s] -- Installing: /home/david/limbo/install/limbo_simulation/share/limbo_simulation/models/aws_robomaker_retail_ChairB_01/meshes
[0.700s] -- Installing: /home/david/limbo/install/limbo_simulation/share/limbo_simulation/models/aws_robomaker_retail_ChairB_01/meshes/aws_ChairB_01_visual.DAE
[0.700s] -- Installing: /home/david/limbo/install/limbo_simulation/share/limbo_simulation/models/aws_robomaker_retail_ChairB_01/meshes/aws_ChairB_01_collision.DAE
[0.700s] -- Installing: /home/david/limbo/install/limbo_simulation/share/limbo_simulation/models/aws_robomaker_retail_ChairB_01/model.config
[0.700s] -- Installing: /home/david/limbo/install/limbo_simulation/share/limbo_simulation/models/aws_robomaker_retail_ChairB_01/model.sdf
[0.700s] -- Installing: /home/david/limbo/install/limbo_simulation/share/limbo_simulation/models/aws_robomaker_retail_BookshelfC_01
[0.700s] -- Installing: /home/david/limbo/install/limbo_simulation/share/limbo_simulation/models/aws_robomaker_retail_BookshelfC_01/materials
[0.700s] -- Installing: /home/david/limbo/install/limbo_simulation/share/limbo_simulation/models/aws_robomaker_retail_BookshelfC_01/materials/textures
[0.700s] -- Installing: /home/david/limbo/install/limbo_simulation/share/limbo_simulation/models/aws_robomaker_retail_BookshelfC_01/materials/textures/aws_BookshelfC_01.png
[0.702s] -- Installing: /home/david/limbo/install/limbo_simulation/share/limbo_simulation/models/aws_robomaker_retail_BookshelfC_01/meshes
[0.702s] -- Installing: /home/david/limbo/install/limbo_simulation/share/limbo_simulation/models/aws_robomaker_retail_BookshelfC_01/meshes/aws_BookshelfC_01_collision.DAE
[0.702s] -- Installing: /home/david/limbo/install/limbo_simulation/share/limbo_simulation/models/aws_robomaker_retail_BookshelfC_01/meshes/aws_BookshelfC_01_visual.DAE
[0.702s] -- Installing: /home/david/limbo/install/limbo_simulation/share/limbo_simulation/models/aws_robomaker_retail_BookshelfC_01/model.config
[0.702s] -- Installing: /home/david/limbo/install/limbo_simulation/share/limbo_simulation/models/aws_robomaker_retail_BookshelfC_01/model.sdf
[0.702s] -- Installing: /home/david/limbo/install/limbo_simulation/share/limbo_simulation/models/aws_robomaker_retail_DeskA_01
[0.702s] -- Installing: /home/david/limbo/install/limbo_simulation/share/limbo_simulation/models/aws_robomaker_retail_DeskA_01/materials
[0.702s] -- Installing: /home/david/limbo/install/limbo_simulation/share/limbo_simulation/models/aws_robomaker_retail_DeskA_01/materials/textures
[0.702s] -- Installing: /home/david/limbo/install/limbo_simulation/share/limbo_simulation/models/aws_robomaker_retail_DeskA_01/materials/textures/aws_DeskA_02.png
[0.703s] -- Installing: /home/david/limbo/install/limbo_simulation/share/limbo_simulation/models/aws_robomaker_retail_DeskA_01/materials/textures/aws_DeskA_03.png
[0.703s] -- Installing: /home/david/limbo/install/limbo_simulation/share/limbo_simulation/models/aws_robomaker_retail_DeskA_01/materials/textures/aws_DeskA_01.png
[0.705s] -- Installing: /home/david/limbo/install/limbo_simulation/share/limbo_simulation/models/aws_robomaker_retail_DeskA_01/meshes
[0.705s] -- Installing: /home/david/limbo/install/limbo_simulation/share/limbo_simulation/models/aws_robomaker_retail_DeskA_01/meshes/aws_DeskA_01_collision.DAE
[0.705s] -- Installing: /home/david/limbo/install/limbo_simulation/share/limbo_simulation/models/aws_robomaker_retail_DeskA_01/meshes/aws_DeskA_01_visual.DAE
[0.706s] -- Installing: /home/david/limbo/install/limbo_simulation/share/limbo_simulation/models/aws_robomaker_retail_DeskA_01/model.config
[0.706s] -- Installing: /home/david/limbo/install/limbo_simulation/share/limbo_simulation/models/aws_robomaker_retail_DeskA_01/model.sdf
[0.706s] -- Installing: /home/david/limbo/install/limbo_simulation/share/limbo_simulation/models/aws_robomaker_retail_BookshelfB_01
[0.706s] -- Installing: /home/david/limbo/install/limbo_simulation/share/limbo_simulation/models/aws_robomaker_retail_BookshelfB_01/materials
[0.706s] -- Installing: /home/david/limbo/install/limbo_simulation/share/limbo_simulation/models/aws_robomaker_retail_BookshelfB_01/materials/textures
[0.706s] -- Installing: /home/david/limbo/install/limbo_simulation/share/limbo_simulation/models/aws_robomaker_retail_BookshelfB_01/materials/textures/aws_BookshelfB_01.png
[0.707s] -- Installing: /home/david/limbo/install/limbo_simulation/share/limbo_simulation/models/aws_robomaker_retail_BookshelfB_01/materials/textures/aws_BookshelfB_02.png
[0.708s] -- Installing: /home/david/limbo/install/limbo_simulation/share/limbo_simulation/models/aws_robomaker_retail_BookshelfB_01/meshes
[0.708s] -- Installing: /home/david/limbo/install/limbo_simulation/share/limbo_simulation/models/aws_robomaker_retail_BookshelfB_01/meshes/aws_BookshelfB_01_collision.DAE
[0.708s] -- Installing: /home/david/limbo/install/limbo_simulation/share/limbo_simulation/models/aws_robomaker_retail_BookshelfB_01/meshes/aws_BookshelfB_01_visual.DAE
[0.708s] -- Installing: /home/david/limbo/install/limbo_simulation/share/limbo_simulation/models/aws_robomaker_retail_BookshelfB_01/model.config
[0.708s] -- Installing: /home/david/limbo/install/limbo_simulation/share/limbo_simulation/models/aws_robomaker_retail_BookshelfB_01/model.sdf
[0.708s] -- Installing: /home/david/limbo/install/limbo_simulation/share/limbo_simulation/models/aws_robomaker_retail_SmartSpeakerTall_01
[0.708s] -- Installing: /home/david/limbo/install/limbo_simulation/share/limbo_simulation/models/aws_robomaker_retail_SmartSpeakerTall_01/materials
[0.708s] -- Installing: /home/david/limbo/install/limbo_simulation/share/limbo_simulation/models/aws_robomaker_retail_SmartSpeakerTall_01/materials/textures
[0.708s] -- Installing: /home/david/limbo/install/limbo_simulation/share/limbo_simulation/models/aws_robomaker_retail_SmartSpeakerTall_01/materials/textures/aws_SmartSpeakerTall_01.png
[0.708s] -- Installing: /home/david/limbo/install/limbo_simulation/share/limbo_simulation/models/aws_robomaker_retail_SmartSpeakerTall_01/meshes
[0.708s] -- Installing: /home/david/limbo/install/limbo_simulation/share/limbo_simulation/models/aws_robomaker_retail_SmartSpeakerTall_01/meshes/aws_SmartSpeakerTall_01_collision.DAE
[0.709s] -- Installing: /home/david/limbo/install/limbo_simulation/share/limbo_simulation/models/aws_robomaker_retail_SmartSpeakerTall_01/meshes/aws_SmartSpeakerTall_01_visual.DAE
[0.709s] -- Installing: /home/david/limbo/install/limbo_simulation/share/limbo_simulation/models/aws_robomaker_retail_SmartSpeakerTall_01/model.config
[0.709s] -- Installing: /home/david/limbo/install/limbo_simulation/share/limbo_simulation/models/aws_robomaker_retail_SmartSpeakerTall_01/model.sdf
[0.709s] -- Installing: /home/david/limbo/install/limbo_simulation/share/limbo_simulation/models/aws_robomaker_retail_BookE_01
[0.709s] -- Installing: /home/david/limbo/install/limbo_simulation/share/limbo_simulation/models/aws_robomaker_retail_BookE_01/materials
[0.709s] -- Installing: /home/david/limbo/install/limbo_simulation/share/limbo_simulation/models/aws_robomaker_retail_BookE_01/materials/textures
[0.709s] -- Installing: /home/david/limbo/install/limbo_simulation/share/limbo_simulation/models/aws_robomaker_retail_BookE_01/materials/textures/aws_BookE_01.png
[0.709s] -- Installing: /home/david/limbo/install/limbo_simulation/share/limbo_simulation/models/aws_robomaker_retail_BookE_01/materials/textures/aws_BookE_02.png
[0.709s] -- Installing: /home/david/limbo/install/limbo_simulation/share/limbo_simulation/models/aws_robomaker_retail_BookE_01/meshes
[0.709s] -- Installing: /home/david/limbo/install/limbo_simulation/share/limbo_simulation/models/aws_robomaker_retail_BookE_01/meshes/aws_BookE_01_collision.DAE
[0.709s] -- Installing: /home/david/limbo/install/limbo_simulation/share/limbo_simulation/models/aws_robomaker_retail_BookE_01/meshes/aws_BookE_01_visual.DAE
[0.709s] -- Installing: /home/david/limbo/install/limbo_simulation/share/limbo_simulation/models/aws_robomaker_retail_BookE_01/model.config
[0.709s] -- Installing: /home/david/limbo/install/limbo_simulation/share/limbo_simulation/models/aws_robomaker_retail_BookE_01/model.sdf
[0.710s] -- Installing: /home/david/limbo/install/limbo_simulation/share/limbo_simulation/models/aws_robomaker_retail_Spotlight_01
[0.710s] -- Installing: /home/david/limbo/install/limbo_simulation/share/limbo_simulation/models/aws_robomaker_retail_Spotlight_01/materials
[0.710s] -- Installing: /home/david/limbo/install/limbo_simulation/share/limbo_simulation/models/aws_robomaker_retail_Spotlight_01/materials/textures
[0.710s] -- Installing: /home/david/limbo/install/limbo_simulation/share/limbo_simulation/models/aws_robomaker_retail_Spotlight_01/materials/textures/aws_SpotlightDiffuse_01.png
[0.710s] -- Installing: /home/david/limbo/install/limbo_simulation/share/limbo_simulation/models/aws_robomaker_retail_Spotlight_01/meshes
[0.710s] -- Installing: /home/david/limbo/install/limbo_simulation/share/limbo_simulation/models/aws_robomaker_retail_Spotlight_01/meshes/aws_spotlight_01_collision.DAE
[0.710s] -- Installing: /home/david/limbo/install/limbo_simulation/share/limbo_simulation/models/aws_robomaker_retail_Spotlight_01/meshes/aws_spotlight_01_visual.DAE
[0.710s] -- Installing: /home/david/limbo/install/limbo_simulation/share/limbo_simulation/models/aws_robomaker_retail_Spotlight_01/model.config
[0.710s] -- Installing: /home/david/limbo/install/limbo_simulation/share/limbo_simulation/models/aws_robomaker_retail_Spotlight_01/model.sdf
[0.710s] -- Installing: /home/david/limbo/install/limbo_simulation/share/limbo_simulation/models/aws_robomaker_retail_Tablet_01
[0.710s] -- Installing: /home/david/limbo/install/limbo_simulation/share/limbo_simulation/models/aws_robomaker_retail_Tablet_01/materials
[0.710s] -- Installing: /home/david/limbo/install/limbo_simulation/share/limbo_simulation/models/aws_robomaker_retail_Tablet_01/materials/textures
[0.710s] -- Installing: /home/david/limbo/install/limbo_simulation/share/limbo_simulation/models/aws_robomaker_retail_Tablet_01/materials/textures/aws_Tablet_01_nologo.png
[0.711s] -- Installing: /home/david/limbo/install/limbo_simulation/share/limbo_simulation/models/aws_robomaker_retail_Tablet_01/meshes
[0.711s] -- Installing: /home/david/limbo/install/limbo_simulation/share/limbo_simulation/models/aws_robomaker_retail_Tablet_01/meshes/aws_Tablet_01_collision.DAE
[0.711s] -- Installing: /home/david/limbo/install/limbo_simulation/share/limbo_simulation/models/aws_robomaker_retail_Tablet_01/meshes/aws_Tablet_01_visual.DAE
[0.711s] -- Installing: /home/david/limbo/install/limbo_simulation/share/limbo_simulation/models/aws_robomaker_retail_Tablet_01/model.config
[0.711s] -- Installing: /home/david/limbo/install/limbo_simulation/share/limbo_simulation/models/aws_robomaker_retail_Tablet_01/model.sdf
[0.711s] -- Installing: /home/david/limbo/install/limbo_simulation/share/limbo_simulation/models/aws_robomaker_retail_BookstoreLogo_01
[0.711s] -- Installing: /home/david/limbo/install/limbo_simulation/share/limbo_simulation/models/aws_robomaker_retail_BookstoreLogo_01/materials
[0.711s] -- Installing: /home/david/limbo/install/limbo_simulation/share/limbo_simulation/models/aws_robomaker_retail_BookstoreLogo_01/materials/textures
[0.711s] -- Installing: /home/david/limbo/install/limbo_simulation/share/limbo_simulation/models/aws_robomaker_retail_BookstoreLogo_01/materials/textures/aws_BookstoreLogo_01.png
[0.711s] -- Installing: /home/david/limbo/install/limbo_simulation/share/limbo_simulation/models/aws_robomaker_retail_BookstoreLogo_01/meshes
[0.711s] -- Installing: /home/david/limbo/install/limbo_simulation/share/limbo_simulation/models/aws_robomaker_retail_BookstoreLogo_01/meshes/aws_BookstoreLogo_01_visual.DAE
[0.711s] -- Installing: /home/david/limbo/install/limbo_simulation/share/limbo_simulation/models/aws_robomaker_retail_BookstoreLogo_01/meshes/aws_BookstoreLogo_01_collision.DAE
[0.711s] -- Installing: /home/david/limbo/install/limbo_simulation/share/limbo_simulation/models/aws_robomaker_retail_BookstoreLogo_01/model.config
[0.711s] -- Installing: /home/david/limbo/install/limbo_simulation/share/limbo_simulation/models/aws_robomaker_retail_BookstoreLogo_01/model.sdf
[0.712s] -- Up-to-date: /home/david/limbo/install/limbo_simulation/share/ament_index/resource_index/package_run_dependencies/limbo_simulation
[0.712s] -- Installing: /home/david/limbo/install/limbo_simulation/share/ament_index/resource_index/parent_prefix_path/limbo_simulation
[0.712s] -- Up-to-date: /home/david/limbo/install/limbo_simulation/share/limbo_simulation/environment/ament_prefix_path.sh
[0.712s] -- Up-to-date: /home/david/limbo/install/limbo_simulation/share/limbo_simulation/environment/ament_prefix_path.dsv
[0.712s] -- Up-to-date: /home/david/limbo/install/limbo_simulation/share/limbo_simulation/environment/path.sh
[0.712s] -- Up-to-date: /home/david/limbo/install/limbo_simulation/share/limbo_simulation/environment/path.dsv
[0.712s] -- Up-to-date: /home/david/limbo/install/limbo_simulation/share/limbo_simulation/local_setup.bash
[0.712s] -- Up-to-date: /home/david/limbo/install/limbo_simulation/share/limbo_simulation/local_setup.sh
[0.712s] -- Up-to-date: /home/david/limbo/install/limbo_simulation/share/limbo_simulation/local_setup.zsh
[0.712s] -- Up-to-date: /home/david/limbo/install/limbo_simulation/share/limbo_simulation/local_setup.dsv
[0.712s] -- Installing: /home/david/limbo/install/limbo_simulation/share/limbo_simulation/package.dsv
[0.712s] -- Up-to-date: /home/david/limbo/install/limbo_simulation/share/ament_index/resource_index/packages/limbo_simulation
[0.712s] -- Up-to-date: /home/david/limbo/install/limbo_simulation/share/limbo_simulation/cmake/limbo_simulationConfig.cmake
[0.712s] -- Up-to-date: /home/david/limbo/install/limbo_simulation/share/limbo_simulation/cmake/limbo_simulationConfig-version.cmake
[0.713s] -- Up-to-date: /home/david/limbo/install/limbo_simulation/share/limbo_simulation/package.xml
[0.714s] Invoked command in '/home/david/limbo/build/limbo_simulation' returned '0': CMAKE_PREFIX_PATH=${CMAKE_PREFIX_PATH}:/opt/ros/jazzy DEBUGINFOD_URLS=https://debuginfod.ubuntu.com /usr/bin/cmake --install /home/david/limbo/build/limbo_simulation
