[0.110s] DEBUG:colcon:Command line arguments: ['/usr/bin/colcon', 'build']
[0.110s] DEBUG:colcon:Parsed command line arguments: Namespace(log_base=None, log_level=None, verb_name='build', build_base='build', install_base='install', merge_install=False, symlink_install=False, test_result_base=None, continue_on_error=False, executor='parallel', parallel_workers=12, event_handlers=None, ignore_user_meta=False, metas=['./colcon.meta'], base_paths=['.'], packages_ignore=None, packages_ignore_regex=None, paths=None, packages_up_to=None, packages_up_to_regex=None, packages_above=None, packages_above_and_dependencies=None, packages_above_depth=None, packages_select_by_dep=None, packages_skip_by_dep=None, packages_skip_up_to=None, packages_select_build_failed=False, packages_skip_build_finished=False, packages_select_test_failures=False, packages_skip_test_passed=False, packages_select=None, packages_skip=None, packages_select_regex=None, packages_skip_regex=None, packages_start=None, packages_end=None, allow_overriding=[], cmake_args=None, cmake_target=None, cmake_target_skip_unavailable=False, cmake_clean_cache=False, cmake_clean_first=False, cmake_force_configure=False, ament_cmake_args=None, catkin_cmake_args=None, catkin_skip_building_tests=False, mixin_files=None, mixin=None, verb_parser=<colcon_mixin.mixin.mixin_argument.MixinArgumentDecorator object at 0x7ed18748db20>, verb_extension=<colcon_core.verb.build.BuildVerb object at 0x7ed18748d640>, main=<bound method BuildVerb.main of <colcon_core.verb.build.BuildVerb object at 0x7ed18748d640>>, mixin_verb=('build',))
[0.144s] Level 1:colcon.colcon_core.package_discovery:discover_packages(colcon_meta) check parameters
[0.144s] Level 1:colcon.colcon_core.package_discovery:discover_packages(recursive) check parameters
[0.144s] Level 1:colcon.colcon_core.package_discovery:discover_packages(ignore) check parameters
[0.145s] Level 1:colcon.colcon_core.package_discovery:discover_packages(path) check parameters
[0.145s] Level 1:colcon.colcon_core.package_discovery:discover_packages(colcon_meta) discover
[0.145s] Level 1:colcon.colcon_core.package_discovery:discover_packages(recursive) discover
[0.145s] INFO:colcon.colcon_core.package_discovery:Crawling recursively for packages in '/home/david/limbo'
[0.145s] Level 1:colcon.colcon_core.package_identification:_identify(.) by extensions ['ignore', 'ignore_ament_install']
[0.145s] Level 1:colcon.colcon_core.package_identification:_identify(.) by extension 'ignore'
[0.145s] Level 1:colcon.colcon_core.package_identification:_identify(.) by extension 'ignore_ament_install'
[0.145s] Level 1:colcon.colcon_core.package_identification:_identify(.) by extensions ['colcon_pkg']
[0.145s] Level 1:colcon.colcon_core.package_identification:_identify(.) by extension 'colcon_pkg'
[0.145s] Level 1:colcon.colcon_core.package_identification:_identify(.) by extensions ['colcon_meta']
[0.145s] Level 1:colcon.colcon_core.package_identification:_identify(.) by extension 'colcon_meta'
[0.145s] Level 1:colcon.colcon_core.package_identification:_identify(.) by extensions ['ros']
[0.145s] Level 1:colcon.colcon_core.package_identification:_identify(.) by extension 'ros'
[0.169s] Level 1:colcon.colcon_core.package_identification:_identify(.) by extensions ['cmake', 'python']
[0.169s] Level 1:colcon.colcon_core.package_identification:_identify(.) by extension 'cmake'
[0.169s] Level 1:colcon.colcon_core.package_identification:_identify(.) by extension 'python'
[0.169s] Level 1:colcon.colcon_core.package_identification:_identify(.) by extensions ['python_setup_py']
[0.169s] Level 1:colcon.colcon_core.package_identification:_identify(.) by extension 'python_setup_py'
[0.169s] Level 1:colcon.colcon_core.package_identification:_identify(build) by extensions ['ignore', 'ignore_ament_install']
[0.170s] Level 1:colcon.colcon_core.package_identification:_identify(build) by extension 'ignore'
[0.170s] Level 1:colcon.colcon_core.package_identification:_identify(build) ignored
[0.170s] Level 1:colcon.colcon_core.package_identification:_identify(install) by extensions ['ignore', 'ignore_ament_install']
[0.170s] Level 1:colcon.colcon_core.package_identification:_identify(install) by extension 'ignore'
[0.170s] Level 1:colcon.colcon_core.package_identification:_identify(install) ignored
[0.170s] Level 1:colcon.colcon_core.package_identification:_identify(log) by extensions ['ignore', 'ignore_ament_install']
[0.170s] Level 1:colcon.colcon_core.package_identification:_identify(log) by extension 'ignore'
[0.170s] Level 1:colcon.colcon_core.package_identification:_identify(log) ignored
[0.170s] Level 1:colcon.colcon_core.package_identification:_identify(src) by extensions ['ignore', 'ignore_ament_install']
[0.171s] Level 1:colcon.colcon_core.package_identification:_identify(src) by extension 'ignore'
[0.171s] Level 1:colcon.colcon_core.package_identification:_identify(src) by extension 'ignore_ament_install'
[0.171s] Level 1:colcon.colcon_core.package_identification:_identify(src) by extensions ['colcon_pkg']
[0.171s] Level 1:colcon.colcon_core.package_identification:_identify(src) by extension 'colcon_pkg'
[0.171s] Level 1:colcon.colcon_core.package_identification:_identify(src) by extensions ['colcon_meta']
[0.171s] Level 1:colcon.colcon_core.package_identification:_identify(src) by extension 'colcon_meta'
[0.171s] Level 1:colcon.colcon_core.package_identification:_identify(src) by extensions ['ros']
[0.171s] Level 1:colcon.colcon_core.package_identification:_identify(src) by extension 'ros'
[0.171s] Level 1:colcon.colcon_core.package_identification:_identify(src) by extensions ['cmake', 'python']
[0.171s] Level 1:colcon.colcon_core.package_identification:_identify(src) by extension 'cmake'
[0.171s] Level 1:colcon.colcon_core.package_identification:_identify(src) by extension 'python'
[0.171s] Level 1:colcon.colcon_core.package_identification:_identify(src) by extensions ['python_setup_py']
[0.171s] Level 1:colcon.colcon_core.package_identification:_identify(src) by extension 'python_setup_py'
[0.171s] Level 1:colcon.colcon_core.package_identification:_identify(src/build) by extensions ['ignore', 'ignore_ament_install']
[0.171s] Level 1:colcon.colcon_core.package_identification:_identify(src/build) by extension 'ignore'
[0.171s] Level 1:colcon.colcon_core.package_identification:_identify(src/build) ignored
[0.171s] Level 1:colcon.colcon_core.package_identification:_identify(src/install) by extensions ['ignore', 'ignore_ament_install']
[0.172s] Level 1:colcon.colcon_core.package_identification:_identify(src/install) by extension 'ignore'
[0.172s] Level 1:colcon.colcon_core.package_identification:_identify(src/install) ignored
[0.172s] Level 1:colcon.colcon_core.package_identification:_identify(src/limbo_bringup) by extensions ['ignore', 'ignore_ament_install']
[0.172s] Level 1:colcon.colcon_core.package_identification:_identify(src/limbo_bringup) by extension 'ignore'
[0.172s] Level 1:colcon.colcon_core.package_identification:_identify(src/limbo_bringup) by extension 'ignore_ament_install'
[0.172s] Level 1:colcon.colcon_core.package_identification:_identify(src/limbo_bringup) by extensions ['colcon_pkg']
[0.172s] Level 1:colcon.colcon_core.package_identification:_identify(src/limbo_bringup) by extension 'colcon_pkg'
[0.172s] Level 1:colcon.colcon_core.package_identification:_identify(src/limbo_bringup) by extensions ['colcon_meta']
[0.172s] Level 1:colcon.colcon_core.package_identification:_identify(src/limbo_bringup) by extension 'colcon_meta'
[0.172s] Level 1:colcon.colcon_core.package_identification:_identify(src/limbo_bringup) by extensions ['ros']
[0.172s] Level 1:colcon.colcon_core.package_identification:_identify(src/limbo_bringup) by extension 'ros'
[0.175s] DEBUG:colcon.colcon_core.package_identification:Package 'src/limbo_bringup' with type 'ros.ament_cmake' and name 'limbo_bringup'
[0.175s] Level 1:colcon.colcon_core.package_identification:_identify(src/limbo_description) by extensions ['ignore', 'ignore_ament_install']
[0.175s] Level 1:colcon.colcon_core.package_identification:_identify(src/limbo_description) by extension 'ignore'
[0.175s] Level 1:colcon.colcon_core.package_identification:_identify(src/limbo_description) by extension 'ignore_ament_install'
[0.175s] Level 1:colcon.colcon_core.package_identification:_identify(src/limbo_description) by extensions ['colcon_pkg']
[0.175s] Level 1:colcon.colcon_core.package_identification:_identify(src/limbo_description) by extension 'colcon_pkg'
[0.175s] Level 1:colcon.colcon_core.package_identification:_identify(src/limbo_description) by extensions ['colcon_meta']
[0.175s] Level 1:colcon.colcon_core.package_identification:_identify(src/limbo_description) by extension 'colcon_meta'
[0.175s] Level 1:colcon.colcon_core.package_identification:_identify(src/limbo_description) by extensions ['ros']
[0.175s] Level 1:colcon.colcon_core.package_identification:_identify(src/limbo_description) by extension 'ros'
[0.176s] DEBUG:colcon.colcon_core.package_identification:Package 'src/limbo_description' with type 'ros.ament_cmake' and name 'limbo_description'
[0.176s] Level 1:colcon.colcon_core.package_identification:_identify(src/limbo_navigation) by extensions ['ignore', 'ignore_ament_install']
[0.176s] Level 1:colcon.colcon_core.package_identification:_identify(src/limbo_navigation) by extension 'ignore'
[0.176s] Level 1:colcon.colcon_core.package_identification:_identify(src/limbo_navigation) by extension 'ignore_ament_install'
[0.176s] Level 1:colcon.colcon_core.package_identification:_identify(src/limbo_navigation) by extensions ['colcon_pkg']
[0.176s] Level 1:colcon.colcon_core.package_identification:_identify(src/limbo_navigation) by extension 'colcon_pkg'
[0.176s] Level 1:colcon.colcon_core.package_identification:_identify(src/limbo_navigation) by extensions ['colcon_meta']
[0.176s] Level 1:colcon.colcon_core.package_identification:_identify(src/limbo_navigation) by extension 'colcon_meta'
[0.176s] Level 1:colcon.colcon_core.package_identification:_identify(src/limbo_navigation) by extensions ['ros']
[0.176s] Level 1:colcon.colcon_core.package_identification:_identify(src/limbo_navigation) by extension 'ros'
[0.177s] DEBUG:colcon.colcon_core.package_identification:Package 'src/limbo_navigation' with type 'ros.ament_cmake' and name 'limbo_navigation'
[0.177s] Level 1:colcon.colcon_core.package_identification:_identify(src/limbo_simulation) by extensions ['ignore', 'ignore_ament_install']
[0.177s] Level 1:colcon.colcon_core.package_identification:_identify(src/limbo_simulation) by extension 'ignore'
[0.177s] Level 1:colcon.colcon_core.package_identification:_identify(src/limbo_simulation) by extension 'ignore_ament_install'
[0.177s] Level 1:colcon.colcon_core.package_identification:_identify(src/limbo_simulation) by extensions ['colcon_pkg']
[0.177s] Level 1:colcon.colcon_core.package_identification:_identify(src/limbo_simulation) by extension 'colcon_pkg'
[0.177s] Level 1:colcon.colcon_core.package_identification:_identify(src/limbo_simulation) by extensions ['colcon_meta']
[0.177s] Level 1:colcon.colcon_core.package_identification:_identify(src/limbo_simulation) by extension 'colcon_meta'
[0.177s] Level 1:colcon.colcon_core.package_identification:_identify(src/limbo_simulation) by extensions ['ros']
[0.177s] Level 1:colcon.colcon_core.package_identification:_identify(src/limbo_simulation) by extension 'ros'
[0.178s] DEBUG:colcon.colcon_core.package_identification:Package 'src/limbo_simulation' with type 'ros.ament_cmake' and name 'limbo_simulation'
[0.178s] Level 1:colcon.colcon_core.package_identification:_identify(src/log) by extensions ['ignore', 'ignore_ament_install']
[0.178s] Level 1:colcon.colcon_core.package_identification:_identify(src/log) by extension 'ignore'
[0.178s] Level 1:colcon.colcon_core.package_identification:_identify(src/log) ignored
[0.178s] Level 1:colcon.colcon_core.package_discovery:discover_packages(recursive) using defaults
[0.178s] Level 1:colcon.colcon_core.package_discovery:discover_packages(ignore) discover
[0.178s] Level 1:colcon.colcon_core.package_discovery:discover_packages(ignore) using defaults
[0.178s] Level 1:colcon.colcon_core.package_discovery:discover_packages(path) discover
[0.178s] Level 1:colcon.colcon_core.package_discovery:discover_packages(path) using defaults
[0.196s] Level 1:colcon.colcon_core.package_discovery:discover_packages(prefix_path) check parameters
[0.196s] Level 1:colcon.colcon_core.package_discovery:discover_packages(prefix_path) discover
[0.198s] DEBUG:colcon.colcon_installed_package_information.package_discovery:Found 4 installed packages in /home/david/limbo/install
[0.199s] DEBUG:colcon.colcon_installed_package_information.package_discovery:Found 403 installed packages in /opt/ros/jazzy
[0.201s] Level 1:colcon.colcon_core.package_discovery:discover_packages(prefix_path) using defaults
[0.254s] Level 5:colcon.colcon_core.verb:set package 'limbo_bringup' build argument 'cmake_args' from command line to 'None'
[0.254s] Level 5:colcon.colcon_core.verb:set package 'limbo_bringup' build argument 'cmake_target' from command line to 'None'
[0.254s] Level 5:colcon.colcon_core.verb:set package 'limbo_bringup' build argument 'cmake_target_skip_unavailable' from command line to 'False'
[0.254s] Level 5:colcon.colcon_core.verb:set package 'limbo_bringup' build argument 'cmake_clean_cache' from command line to 'False'
[0.254s] Level 5:colcon.colcon_core.verb:set package 'limbo_bringup' build argument 'cmake_clean_first' from command line to 'False'
[0.254s] Level 5:colcon.colcon_core.verb:set package 'limbo_bringup' build argument 'cmake_force_configure' from command line to 'False'
[0.254s] Level 5:colcon.colcon_core.verb:set package 'limbo_bringup' build argument 'ament_cmake_args' from command line to 'None'
[0.254s] Level 5:colcon.colcon_core.verb:set package 'limbo_bringup' build argument 'catkin_cmake_args' from command line to 'None'
[0.254s] Level 5:colcon.colcon_core.verb:set package 'limbo_bringup' build argument 'catkin_skip_building_tests' from command line to 'False'
[0.254s] DEBUG:colcon.colcon_core.verb:Building package 'limbo_bringup' with the following arguments: {'ament_cmake_args': None, 'build_base': '/home/david/limbo/build/limbo_bringup', 'catkin_cmake_args': None, 'catkin_skip_building_tests': False, 'cmake_args': None, 'cmake_clean_cache': False, 'cmake_clean_first': False, 'cmake_force_configure': False, 'cmake_target': None, 'cmake_target_skip_unavailable': False, 'install_base': '/home/david/limbo/install/limbo_bringup', 'merge_install': False, 'path': '/home/david/limbo/src/limbo_bringup', 'symlink_install': False, 'test_result_base': None}
[0.255s] Level 5:colcon.colcon_core.verb:set package 'limbo_description' build argument 'cmake_args' from command line to 'None'
[0.255s] Level 5:colcon.colcon_core.verb:set package 'limbo_description' build argument 'cmake_target' from command line to 'None'
[0.255s] Level 5:colcon.colcon_core.verb:set package 'limbo_description' build argument 'cmake_target_skip_unavailable' from command line to 'False'
[0.255s] Level 5:colcon.colcon_core.verb:set package 'limbo_description' build argument 'cmake_clean_cache' from command line to 'False'
[0.255s] Level 5:colcon.colcon_core.verb:set package 'limbo_description' build argument 'cmake_clean_first' from command line to 'False'
[0.255s] Level 5:colcon.colcon_core.verb:set package 'limbo_description' build argument 'cmake_force_configure' from command line to 'False'
[0.255s] Level 5:colcon.colcon_core.verb:set package 'limbo_description' build argument 'ament_cmake_args' from command line to 'None'
[0.255s] Level 5:colcon.colcon_core.verb:set package 'limbo_description' build argument 'catkin_cmake_args' from command line to 'None'
[0.255s] Level 5:colcon.colcon_core.verb:set package 'limbo_description' build argument 'catkin_skip_building_tests' from command line to 'False'
[0.255s] DEBUG:colcon.colcon_core.verb:Building package 'limbo_description' with the following arguments: {'ament_cmake_args': None, 'build_base': '/home/david/limbo/build/limbo_description', 'catkin_cmake_args': None, 'catkin_skip_building_tests': False, 'cmake_args': None, 'cmake_clean_cache': False, 'cmake_clean_first': False, 'cmake_force_configure': False, 'cmake_target': None, 'cmake_target_skip_unavailable': False, 'install_base': '/home/david/limbo/install/limbo_description', 'merge_install': False, 'path': '/home/david/limbo/src/limbo_description', 'symlink_install': False, 'test_result_base': None}
[0.255s] Level 5:colcon.colcon_core.verb:set package 'limbo_navigation' build argument 'cmake_args' from command line to 'None'
[0.255s] Level 5:colcon.colcon_core.verb:set package 'limbo_navigation' build argument 'cmake_target' from command line to 'None'
[0.255s] Level 5:colcon.colcon_core.verb:set package 'limbo_navigation' build argument 'cmake_target_skip_unavailable' from command line to 'False'
[0.255s] Level 5:colcon.colcon_core.verb:set package 'limbo_navigation' build argument 'cmake_clean_cache' from command line to 'False'
[0.255s] Level 5:colcon.colcon_core.verb:set package 'limbo_navigation' build argument 'cmake_clean_first' from command line to 'False'
[0.255s] Level 5:colcon.colcon_core.verb:set package 'limbo_navigation' build argument 'cmake_force_configure' from command line to 'False'
[0.255s] Level 5:colcon.colcon_core.verb:set package 'limbo_navigation' build argument 'ament_cmake_args' from command line to 'None'
[0.255s] Level 5:colcon.colcon_core.verb:set package 'limbo_navigation' build argument 'catkin_cmake_args' from command line to 'None'
[0.255s] Level 5:colcon.colcon_core.verb:set package 'limbo_navigation' build argument 'catkin_skip_building_tests' from command line to 'False'
[0.256s] DEBUG:colcon.colcon_core.verb:Building package 'limbo_navigation' with the following arguments: {'ament_cmake_args': None, 'build_base': '/home/david/limbo/build/limbo_navigation', 'catkin_cmake_args': None, 'catkin_skip_building_tests': False, 'cmake_args': None, 'cmake_clean_cache': False, 'cmake_clean_first': False, 'cmake_force_configure': False, 'cmake_target': None, 'cmake_target_skip_unavailable': False, 'install_base': '/home/david/limbo/install/limbo_navigation', 'merge_install': False, 'path': '/home/david/limbo/src/limbo_navigation', 'symlink_install': False, 'test_result_base': None}
[0.256s] Level 5:colcon.colcon_core.verb:set package 'limbo_simulation' build argument 'cmake_args' from command line to 'None'
[0.256s] Level 5:colcon.colcon_core.verb:set package 'limbo_simulation' build argument 'cmake_target' from command line to 'None'
[0.256s] Level 5:colcon.colcon_core.verb:set package 'limbo_simulation' build argument 'cmake_target_skip_unavailable' from command line to 'False'
[0.256s] Level 5:colcon.colcon_core.verb:set package 'limbo_simulation' build argument 'cmake_clean_cache' from command line to 'False'
[0.256s] Level 5:colcon.colcon_core.verb:set package 'limbo_simulation' build argument 'cmake_clean_first' from command line to 'False'
[0.256s] Level 5:colcon.colcon_core.verb:set package 'limbo_simulation' build argument 'cmake_force_configure' from command line to 'False'
[0.256s] Level 5:colcon.colcon_core.verb:set package 'limbo_simulation' build argument 'ament_cmake_args' from command line to 'None'
[0.256s] Level 5:colcon.colcon_core.verb:set package 'limbo_simulation' build argument 'catkin_cmake_args' from command line to 'None'
[0.256s] Level 5:colcon.colcon_core.verb:set package 'limbo_simulation' build argument 'catkin_skip_building_tests' from command line to 'False'
[0.256s] DEBUG:colcon.colcon_core.verb:Building package 'limbo_simulation' with the following arguments: {'ament_cmake_args': None, 'build_base': '/home/david/limbo/build/limbo_simulation', 'catkin_cmake_args': None, 'catkin_skip_building_tests': False, 'cmake_args': None, 'cmake_clean_cache': False, 'cmake_clean_first': False, 'cmake_force_configure': False, 'cmake_target': None, 'cmake_target_skip_unavailable': False, 'install_base': '/home/david/limbo/install/limbo_simulation', 'merge_install': False, 'path': '/home/david/limbo/src/limbo_simulation', 'symlink_install': False, 'test_result_base': None}
[0.256s] INFO:colcon.colcon_core.executor:Executing jobs using 'parallel' executor
[0.257s] DEBUG:colcon.colcon_parallel_executor.executor.parallel:run_until_complete
[0.257s] INFO:colcon.colcon_ros.task.ament_cmake.build:Building ROS package in '/home/david/limbo/src/limbo_bringup' with build type 'ament_cmake'
[0.257s] INFO:colcon.colcon_cmake.task.cmake.build:Building CMake package in '/home/david/limbo/src/limbo_bringup'
[0.259s] INFO:colcon.colcon_core.plugin_system:Skipping extension 'colcon_core.shell.bat': Not used on non-Windows systems
[0.259s] INFO:colcon.colcon_core.shell:Skip shell extension 'powershell' for command environment: Not usable outside of PowerShell
[0.259s] DEBUG:colcon.colcon_core.shell:Skip shell extension 'dsv' for command environment
[0.264s] INFO:colcon.colcon_ros.task.ament_cmake.build:Building ROS package in '/home/david/limbo/src/limbo_description' with build type 'ament_cmake'
[0.264s] INFO:colcon.colcon_cmake.task.cmake.build:Building CMake package in '/home/david/limbo/src/limbo_description'
[0.264s] INFO:colcon.colcon_core.shell:Skip shell extension 'powershell' for command environment: Not usable outside of PowerShell
[0.264s] DEBUG:colcon.colcon_core.shell:Skip shell extension 'dsv' for command environment
[0.268s] INFO:colcon.colcon_ros.task.ament_cmake.build:Building ROS package in '/home/david/limbo/src/limbo_navigation' with build type 'ament_cmake'
[0.268s] INFO:colcon.colcon_cmake.task.cmake.build:Building CMake package in '/home/david/limbo/src/limbo_navigation'
[0.268s] INFO:colcon.colcon_core.shell:Skip shell extension 'powershell' for command environment: Not usable outside of PowerShell
[0.268s] DEBUG:colcon.colcon_core.shell:Skip shell extension 'dsv' for command environment
[0.271s] INFO:colcon.colcon_ros.task.ament_cmake.build:Building ROS package in '/home/david/limbo/src/limbo_simulation' with build type 'ament_cmake'
[0.271s] INFO:colcon.colcon_cmake.task.cmake.build:Building CMake package in '/home/david/limbo/src/limbo_simulation'
[0.271s] INFO:colcon.colcon_core.shell:Skip shell extension 'powershell' for command environment: Not usable outside of PowerShell
[0.271s] DEBUG:colcon.colcon_core.shell:Skip shell extension 'dsv' for command environment
[0.280s] DEBUG:colcon.colcon_core.event_handler.log_command:Invoking command in '/home/david/limbo/build/limbo_bringup': CMAKE_PREFIX_PATH=${CMAKE_PREFIX_PATH}:/opt/ros/jazzy DEBUGINFOD_URLS=https://debuginfod.ubuntu.com /usr/bin/cmake --build /home/david/limbo/build/limbo_bringup -- -j12 -l12
[0.282s] DEBUG:colcon.colcon_core.event_handler.log_command:Invoking command in '/home/david/limbo/build/limbo_description': CMAKE_PREFIX_PATH=${CMAKE_PREFIX_PATH}:/opt/ros/jazzy DEBUGINFOD_URLS=https://debuginfod.ubuntu.com /usr/bin/cmake --build /home/david/limbo/build/limbo_description -- -j12 -l12
[0.284s] DEBUG:colcon.colcon_core.event_handler.log_command:Invoking command in '/home/david/limbo/build/limbo_navigation': CMAKE_PREFIX_PATH=${CMAKE_PREFIX_PATH}:/opt/ros/jazzy DEBUGINFOD_URLS=https://debuginfod.ubuntu.com /usr/bin/cmake --build /home/david/limbo/build/limbo_navigation -- -j12 -l12
[0.288s] DEBUG:colcon.colcon_core.event_handler.log_command:Invoking command in '/home/david/limbo/build/limbo_simulation': CMAKE_PREFIX_PATH=${CMAKE_PREFIX_PATH}:/opt/ros/jazzy DEBUGINFOD_URLS=https://debuginfod.ubuntu.com /usr/bin/cmake --build /home/david/limbo/build/limbo_simulation -- -j12 -l12
[0.313s] DEBUG:colcon.colcon_core.event_handler.log_command:Invoked command in '/home/david/limbo/build/limbo_bringup' returned '0': CMAKE_PREFIX_PATH=${CMAKE_PREFIX_PATH}:/opt/ros/jazzy DEBUGINFOD_URLS=https://debuginfod.ubuntu.com /usr/bin/cmake --build /home/david/limbo/build/limbo_bringup -- -j12 -l12
[0.322s] DEBUG:colcon.colcon_core.event_handler.log_command:Invoking command in '/home/david/limbo/build/limbo_bringup': CMAKE_PREFIX_PATH=${CMAKE_PREFIX_PATH}:/opt/ros/jazzy DEBUGINFOD_URLS=https://debuginfod.ubuntu.com /usr/bin/cmake --install /home/david/limbo/build/limbo_bringup
[0.323s] DEBUG:colcon.colcon_core.event_handler.log_command:Invoked command in '/home/david/limbo/build/limbo_description' returned '0': CMAKE_PREFIX_PATH=${CMAKE_PREFIX_PATH}:/opt/ros/jazzy DEBUGINFOD_URLS=https://debuginfod.ubuntu.com /usr/bin/cmake --build /home/david/limbo/build/limbo_description -- -j12 -l12
[0.324s] DEBUG:colcon.colcon_core.event_handler.log_command:Invoking command in '/home/david/limbo/build/limbo_description': CMAKE_PREFIX_PATH=${CMAKE_PREFIX_PATH}:/opt/ros/jazzy DEBUGINFOD_URLS=https://debuginfod.ubuntu.com /usr/bin/cmake --install /home/david/limbo/build/limbo_description
[0.325s] DEBUG:colcon.colcon_core.event_handler.log_command:Invoked command in '/home/david/limbo/build/limbo_navigation' returned '0': CMAKE_PREFIX_PATH=${CMAKE_PREFIX_PATH}:/opt/ros/jazzy DEBUGINFOD_URLS=https://debuginfod.ubuntu.com /usr/bin/cmake --build /home/david/limbo/build/limbo_navigation -- -j12 -l12
[0.325s] DEBUG:colcon.colcon_core.event_handler.log_command:Invoking command in '/home/david/limbo/build/limbo_navigation': CMAKE_PREFIX_PATH=${CMAKE_PREFIX_PATH}:/opt/ros/jazzy DEBUGINFOD_URLS=https://debuginfod.ubuntu.com /usr/bin/cmake --install /home/david/limbo/build/limbo_navigation
[0.326s] DEBUG:colcon.colcon_core.event_handler.log_command:Invoked command in '/home/david/limbo/build/limbo_simulation' returned '0': CMAKE_PREFIX_PATH=${CMAKE_PREFIX_PATH}:/opt/ros/jazzy DEBUGINFOD_URLS=https://debuginfod.ubuntu.com /usr/bin/cmake --build /home/david/limbo/build/limbo_simulation -- -j12 -l12
[0.327s] DEBUG:colcon.colcon_core.event_handler.log_command:Invoking command in '/home/david/limbo/build/limbo_simulation': CMAKE_PREFIX_PATH=${CMAKE_PREFIX_PATH}:/opt/ros/jazzy DEBUGINFOD_URLS=https://debuginfod.ubuntu.com /usr/bin/cmake --install /home/david/limbo/build/limbo_simulation
[0.331s] Level 1:colcon.colcon_core.environment:create_environment_scripts_only(limbo_bringup)
[0.332s] DEBUG:colcon.colcon_core.event_handler.log_command:Invoked command in '/home/david/limbo/build/limbo_bringup' returned '0': CMAKE_PREFIX_PATH=${CMAKE_PREFIX_PATH}:/opt/ros/jazzy DEBUGINFOD_URLS=https://debuginfod.ubuntu.com /usr/bin/cmake --install /home/david/limbo/build/limbo_bringup
[0.344s] Level 1:colcon.colcon_core.environment:checking '/home/david/limbo/install/limbo_bringup' for CMake module files
[0.345s] Level 1:colcon.colcon_core.environment:checking '/home/david/limbo/install/limbo_bringup' for CMake config files
[0.346s] Level 1:colcon.colcon_core.shell:create_environment_hook('limbo_bringup', 'cmake_prefix_path')
[0.346s] INFO:colcon.colcon_core.shell:Creating environment hook '/home/david/limbo/install/limbo_bringup/share/limbo_bringup/hook/cmake_prefix_path.ps1'
[0.348s] INFO:colcon.colcon_core.shell:Creating environment descriptor '/home/david/limbo/install/limbo_bringup/share/limbo_bringup/hook/cmake_prefix_path.dsv'
[0.348s] INFO:colcon.colcon_core.shell:Creating environment hook '/home/david/limbo/install/limbo_bringup/share/limbo_bringup/hook/cmake_prefix_path.sh'
[0.350s] Level 1:colcon.colcon_core.environment:checking '/home/david/limbo/install/limbo_bringup/bin'
[0.350s] Level 1:colcon.colcon_core.environment:checking '/home/david/limbo/install/limbo_bringup/lib/pkgconfig/limbo_bringup.pc'
[0.350s] Level 1:colcon.colcon_core.environment:checking '/home/david/limbo/install/limbo_bringup/lib/python3.12/site-packages'
[0.350s] Level 1:colcon.colcon_core.environment:checking '/home/david/limbo/install/limbo_bringup/bin'
[0.351s] INFO:colcon.colcon_core.shell:Creating package script '/home/david/limbo/install/limbo_bringup/share/limbo_bringup/package.ps1'
[0.352s] INFO:colcon.colcon_core.shell:Creating package descriptor '/home/david/limbo/install/limbo_bringup/share/limbo_bringup/package.dsv'
[0.353s] INFO:colcon.colcon_core.shell:Creating package script '/home/david/limbo/install/limbo_bringup/share/limbo_bringup/package.sh'
[0.354s] INFO:colcon.colcon_core.shell:Creating package script '/home/david/limbo/install/limbo_bringup/share/limbo_bringup/package.bash'
[0.355s] INFO:colcon.colcon_core.shell:Creating package script '/home/david/limbo/install/limbo_bringup/share/limbo_bringup/package.zsh'
[0.356s] Level 1:colcon.colcon_core.environment:create_file_with_runtime_dependencies(/home/david/limbo/install/limbo_bringup/share/colcon-core/packages/limbo_bringup)
[0.357s] Level 1:colcon.colcon_core.environment:create_environment_scripts_only(limbo_bringup)
[0.357s] Level 1:colcon.colcon_core.environment:checking '/home/david/limbo/install/limbo_bringup' for CMake module files
[0.358s] Level 1:colcon.colcon_core.environment:checking '/home/david/limbo/install/limbo_bringup' for CMake config files
[0.359s] Level 1:colcon.colcon_core.shell:create_environment_hook('limbo_bringup', 'cmake_prefix_path')
[0.359s] INFO:colcon.colcon_core.shell:Creating environment hook '/home/david/limbo/install/limbo_bringup/share/limbo_bringup/hook/cmake_prefix_path.ps1'
[0.361s] INFO:colcon.colcon_core.shell:Creating environment descriptor '/home/david/limbo/install/limbo_bringup/share/limbo_bringup/hook/cmake_prefix_path.dsv'
[0.361s] INFO:colcon.colcon_core.shell:Creating environment hook '/home/david/limbo/install/limbo_bringup/share/limbo_bringup/hook/cmake_prefix_path.sh'
[0.363s] Level 1:colcon.colcon_core.environment:checking '/home/david/limbo/install/limbo_bringup/bin'
[0.363s] Level 1:colcon.colcon_core.environment:checking '/home/david/limbo/install/limbo_bringup/lib/pkgconfig/limbo_bringup.pc'
[0.363s] Level 1:colcon.colcon_core.environment:checking '/home/david/limbo/install/limbo_bringup/lib/python3.12/site-packages'
[0.363s] Level 1:colcon.colcon_core.environment:checking '/home/david/limbo/install/limbo_bringup/bin'
[0.364s] INFO:colcon.colcon_core.shell:Creating package script '/home/david/limbo/install/limbo_bringup/share/limbo_bringup/package.ps1'
[0.365s] INFO:colcon.colcon_core.shell:Creating package descriptor '/home/david/limbo/install/limbo_bringup/share/limbo_bringup/package.dsv'
[0.365s] INFO:colcon.colcon_core.shell:Creating package script '/home/david/limbo/install/limbo_bringup/share/limbo_bringup/package.sh'
[0.366s] INFO:colcon.colcon_core.shell:Creating package script '/home/david/limbo/install/limbo_bringup/share/limbo_bringup/package.bash'
[0.367s] INFO:colcon.colcon_core.shell:Creating package script '/home/david/limbo/install/limbo_bringup/share/limbo_bringup/package.zsh'
[0.368s] Level 1:colcon.colcon_core.environment:create_file_with_runtime_dependencies(/home/david/limbo/install/limbo_bringup/share/colcon-core/packages/limbo_bringup)
[0.369s] Level 1:colcon.colcon_core.environment:create_environment_scripts_only(limbo_description)
[0.369s] Level 1:colcon.colcon_core.environment:checking '/home/david/limbo/install/limbo_description' for CMake module files
[0.370s] Level 1:colcon.colcon_core.environment:checking '/home/david/limbo/install/limbo_description' for CMake config files
[0.371s] Level 1:colcon.colcon_core.shell:create_environment_hook('limbo_description', 'cmake_prefix_path')
[0.371s] INFO:colcon.colcon_core.shell:Creating environment hook '/home/david/limbo/install/limbo_description/share/limbo_description/hook/cmake_prefix_path.ps1'
[0.372s] INFO:colcon.colcon_core.shell:Creating environment descriptor '/home/david/limbo/install/limbo_description/share/limbo_description/hook/cmake_prefix_path.dsv'
[0.373s] INFO:colcon.colcon_core.shell:Creating environment hook '/home/david/limbo/install/limbo_description/share/limbo_description/hook/cmake_prefix_path.sh'
[0.374s] Level 1:colcon.colcon_core.environment:checking '/home/david/limbo/install/limbo_description/bin'
[0.374s] Level 1:colcon.colcon_core.environment:checking '/home/david/limbo/install/limbo_description/lib/pkgconfig/limbo_description.pc'
[0.374s] Level 1:colcon.colcon_core.environment:checking '/home/david/limbo/install/limbo_description/lib/python3.12/site-packages'
[0.375s] Level 1:colcon.colcon_core.environment:checking '/home/david/limbo/install/limbo_description/bin'
[0.375s] INFO:colcon.colcon_core.shell:Creating package script '/home/david/limbo/install/limbo_description/share/limbo_description/package.ps1'
[0.376s] INFO:colcon.colcon_core.shell:Creating package descriptor '/home/david/limbo/install/limbo_description/share/limbo_description/package.dsv'
[0.377s] INFO:colcon.colcon_core.shell:Creating package script '/home/david/limbo/install/limbo_description/share/limbo_description/package.sh'
[0.377s] INFO:colcon.colcon_core.shell:Creating package script '/home/david/limbo/install/limbo_description/share/limbo_description/package.bash'
[0.378s] INFO:colcon.colcon_core.shell:Creating package script '/home/david/limbo/install/limbo_description/share/limbo_description/package.zsh'
[0.379s] Level 1:colcon.colcon_core.environment:create_file_with_runtime_dependencies(/home/david/limbo/install/limbo_description/share/colcon-core/packages/limbo_description)
[0.380s] Level 1:colcon.colcon_core.environment:create_environment_scripts_only(limbo_description)
[0.380s] Level 1:colcon.colcon_core.environment:checking '/home/david/limbo/install/limbo_description' for CMake module files
[0.381s] Level 1:colcon.colcon_core.environment:checking '/home/david/limbo/install/limbo_description' for CMake config files
[0.382s] Level 1:colcon.colcon_core.shell:create_environment_hook('limbo_description', 'cmake_prefix_path')
[0.382s] INFO:colcon.colcon_core.shell:Creating environment hook '/home/david/limbo/install/limbo_description/share/limbo_description/hook/cmake_prefix_path.ps1'
[0.383s] INFO:colcon.colcon_core.shell:Creating environment descriptor '/home/david/limbo/install/limbo_description/share/limbo_description/hook/cmake_prefix_path.dsv'
[0.384s] INFO:colcon.colcon_core.shell:Creating environment hook '/home/david/limbo/install/limbo_description/share/limbo_description/hook/cmake_prefix_path.sh'
[0.386s] Level 1:colcon.colcon_core.environment:checking '/home/david/limbo/install/limbo_description/bin'
[0.386s] Level 1:colcon.colcon_core.environment:checking '/home/david/limbo/install/limbo_description/lib/pkgconfig/limbo_description.pc'
[0.386s] Level 1:colcon.colcon_core.environment:checking '/home/david/limbo/install/limbo_description/lib/python3.12/site-packages'
[0.386s] Level 1:colcon.colcon_core.environment:checking '/home/david/limbo/install/limbo_description/bin'
[0.386s] INFO:colcon.colcon_core.shell:Creating package script '/home/david/limbo/install/limbo_description/share/limbo_description/package.ps1'
[0.387s] INFO:colcon.colcon_core.shell:Creating package descriptor '/home/david/limbo/install/limbo_description/share/limbo_description/package.dsv'
[0.388s] INFO:colcon.colcon_core.shell:Creating package script '/home/david/limbo/install/limbo_description/share/limbo_description/package.sh'
[0.389s] INFO:colcon.colcon_core.shell:Creating package script '/home/david/limbo/install/limbo_description/share/limbo_description/package.bash'
[0.390s] INFO:colcon.colcon_core.shell:Creating package script '/home/david/limbo/install/limbo_description/share/limbo_description/package.zsh'
[0.391s] Level 1:colcon.colcon_core.environment:create_file_with_runtime_dependencies(/home/david/limbo/install/limbo_description/share/colcon-core/packages/limbo_description)
[0.391s] Level 1:colcon.colcon_core.environment:create_environment_scripts_only(limbo_simulation)
[0.391s] Level 1:colcon.colcon_core.environment:checking '/home/david/limbo/install/limbo_simulation' for CMake module files
[0.392s] Level 1:colcon.colcon_core.environment:checking '/home/david/limbo/install/limbo_simulation' for CMake config files
[0.393s] Level 1:colcon.colcon_core.shell:create_environment_hook('limbo_simulation', 'cmake_prefix_path')
[0.393s] INFO:colcon.colcon_core.shell:Creating environment hook '/home/david/limbo/install/limbo_simulation/share/limbo_simulation/hook/cmake_prefix_path.ps1'
[0.394s] INFO:colcon.colcon_core.shell:Creating environment descriptor '/home/david/limbo/install/limbo_simulation/share/limbo_simulation/hook/cmake_prefix_path.dsv'
[0.395s] INFO:colcon.colcon_core.shell:Creating environment hook '/home/david/limbo/install/limbo_simulation/share/limbo_simulation/hook/cmake_prefix_path.sh'
[0.396s] Level 1:colcon.colcon_core.environment:checking '/home/david/limbo/install/limbo_simulation/bin'
[0.396s] Level 1:colcon.colcon_core.environment:checking '/home/david/limbo/install/limbo_simulation/lib/pkgconfig/limbo_simulation.pc'
[0.396s] Level 1:colcon.colcon_core.environment:checking '/home/david/limbo/install/limbo_simulation/lib/python3.12/site-packages'
[0.397s] Level 1:colcon.colcon_core.environment:checking '/home/david/limbo/install/limbo_simulation/bin'
[0.397s] INFO:colcon.colcon_core.shell:Creating package script '/home/david/limbo/install/limbo_simulation/share/limbo_simulation/package.ps1'
[0.398s] INFO:colcon.colcon_core.shell:Creating package descriptor '/home/david/limbo/install/limbo_simulation/share/limbo_simulation/package.dsv'
[0.398s] INFO:colcon.colcon_core.shell:Creating package script '/home/david/limbo/install/limbo_simulation/share/limbo_simulation/package.sh'
[0.399s] INFO:colcon.colcon_core.shell:Creating package script '/home/david/limbo/install/limbo_simulation/share/limbo_simulation/package.bash'
[0.400s] INFO:colcon.colcon_core.shell:Creating package script '/home/david/limbo/install/limbo_simulation/share/limbo_simulation/package.zsh'
[0.401s] DEBUG:colcon.colcon_core.event_handler.log_command:Invoked command in '/home/david/limbo/build/limbo_description' returned '0': CMAKE_PREFIX_PATH=${CMAKE_PREFIX_PATH}:/opt/ros/jazzy DEBUGINFOD_URLS=https://debuginfod.ubuntu.com /usr/bin/cmake --install /home/david/limbo/build/limbo_description
[0.401s] Level 1:colcon.colcon_core.environment:create_file_with_runtime_dependencies(/home/david/limbo/install/limbo_simulation/share/colcon-core/packages/limbo_simulation)
[0.402s] DEBUG:colcon.colcon_core.event_handler.log_command:Invoked command in '/home/david/limbo/build/limbo_simulation' returned '0': CMAKE_PREFIX_PATH=${CMAKE_PREFIX_PATH}:/opt/ros/jazzy DEBUGINFOD_URLS=https://debuginfod.ubuntu.com /usr/bin/cmake --install /home/david/limbo/build/limbo_simulation
[0.402s] Level 1:colcon.colcon_core.environment:create_environment_scripts_only(limbo_simulation)
[0.402s] Level 1:colcon.colcon_core.environment:checking '/home/david/limbo/install/limbo_simulation' for CMake module files
[0.403s] Level 1:colcon.colcon_core.environment:checking '/home/david/limbo/install/limbo_simulation' for CMake config files
[0.403s] Level 1:colcon.colcon_core.shell:create_environment_hook('limbo_simulation', 'cmake_prefix_path')
[0.403s] INFO:colcon.colcon_core.shell:Creating environment hook '/home/david/limbo/install/limbo_simulation/share/limbo_simulation/hook/cmake_prefix_path.ps1'
[0.404s] INFO:colcon.colcon_core.shell:Creating environment descriptor '/home/david/limbo/install/limbo_simulation/share/limbo_simulation/hook/cmake_prefix_path.dsv'
[0.404s] INFO:colcon.colcon_core.shell:Creating environment hook '/home/david/limbo/install/limbo_simulation/share/limbo_simulation/hook/cmake_prefix_path.sh'
[0.405s] Level 1:colcon.colcon_core.environment:checking '/home/david/limbo/install/limbo_simulation/bin'
[0.405s] Level 1:colcon.colcon_core.environment:checking '/home/david/limbo/install/limbo_simulation/lib/pkgconfig/limbo_simulation.pc'
[0.405s] Level 1:colcon.colcon_core.environment:checking '/home/david/limbo/install/limbo_simulation/lib/python3.12/site-packages'
[0.405s] Level 1:colcon.colcon_core.environment:checking '/home/david/limbo/install/limbo_simulation/bin'
[0.406s] INFO:colcon.colcon_core.shell:Creating package script '/home/david/limbo/install/limbo_simulation/share/limbo_simulation/package.ps1'
[0.406s] INFO:colcon.colcon_core.shell:Creating package descriptor '/home/david/limbo/install/limbo_simulation/share/limbo_simulation/package.dsv'
[0.407s] INFO:colcon.colcon_core.shell:Creating package script '/home/david/limbo/install/limbo_simulation/share/limbo_simulation/package.sh'
[0.408s] INFO:colcon.colcon_core.shell:Creating package script '/home/david/limbo/install/limbo_simulation/share/limbo_simulation/package.bash'
[0.408s] INFO:colcon.colcon_core.shell:Creating package script '/home/david/limbo/install/limbo_simulation/share/limbo_simulation/package.zsh'
[0.409s] Level 1:colcon.colcon_core.environment:create_file_with_runtime_dependencies(/home/david/limbo/install/limbo_simulation/share/colcon-core/packages/limbo_simulation)
[0.409s] Level 1:colcon.colcon_core.environment:create_environment_scripts_only(limbo_navigation)
[0.409s] Level 1:colcon.colcon_core.environment:checking '/home/david/limbo/install/limbo_navigation' for CMake module files
[0.410s] Level 1:colcon.colcon_core.environment:checking '/home/david/limbo/install/limbo_navigation' for CMake config files
[0.410s] DEBUG:colcon.colcon_core.event_handler.log_command:Invoked command in '/home/david/limbo/build/limbo_navigation' returned '0': CMAKE_PREFIX_PATH=${CMAKE_PREFIX_PATH}:/opt/ros/jazzy DEBUGINFOD_URLS=https://debuginfod.ubuntu.com /usr/bin/cmake --install /home/david/limbo/build/limbo_navigation
[0.410s] Level 1:colcon.colcon_core.shell:create_environment_hook('limbo_navigation', 'cmake_prefix_path')
[0.411s] INFO:colcon.colcon_core.shell:Creating environment hook '/home/david/limbo/install/limbo_navigation/share/limbo_navigation/hook/cmake_prefix_path.ps1'
[0.412s] INFO:colcon.colcon_core.shell:Creating environment descriptor '/home/david/limbo/install/limbo_navigation/share/limbo_navigation/hook/cmake_prefix_path.dsv'
[0.412s] INFO:colcon.colcon_core.shell:Creating environment hook '/home/david/limbo/install/limbo_navigation/share/limbo_navigation/hook/cmake_prefix_path.sh'
[0.413s] Level 1:colcon.colcon_core.environment:checking '/home/david/limbo/install/limbo_navigation/bin'
[0.413s] Level 1:colcon.colcon_core.environment:checking '/home/david/limbo/install/limbo_navigation/lib/pkgconfig/limbo_navigation.pc'
[0.413s] Level 1:colcon.colcon_core.environment:checking '/home/david/limbo/install/limbo_navigation/lib/python3.12/site-packages'
[0.414s] Level 1:colcon.colcon_core.environment:checking '/home/david/limbo/install/limbo_navigation/bin'
[0.415s] INFO:colcon.colcon_core.shell:Creating package script '/home/david/limbo/install/limbo_navigation/share/limbo_navigation/package.ps1'
[0.415s] INFO:colcon.colcon_core.shell:Creating package descriptor '/home/david/limbo/install/limbo_navigation/share/limbo_navigation/package.dsv'
[0.416s] INFO:colcon.colcon_core.shell:Creating package script '/home/david/limbo/install/limbo_navigation/share/limbo_navigation/package.sh'
[0.416s] INFO:colcon.colcon_core.shell:Creating package script '/home/david/limbo/install/limbo_navigation/share/limbo_navigation/package.bash'
[0.417s] INFO:colcon.colcon_core.shell:Creating package script '/home/david/limbo/install/limbo_navigation/share/limbo_navigation/package.zsh'
[0.417s] Level 1:colcon.colcon_core.environment:create_file_with_runtime_dependencies(/home/david/limbo/install/limbo_navigation/share/colcon-core/packages/limbo_navigation)
[0.418s] Level 1:colcon.colcon_core.environment:create_environment_scripts_only(limbo_navigation)
[0.418s] Level 1:colcon.colcon_core.environment:checking '/home/david/limbo/install/limbo_navigation' for CMake module files
[0.418s] Level 1:colcon.colcon_core.environment:checking '/home/david/limbo/install/limbo_navigation' for CMake config files
[0.419s] Level 1:colcon.colcon_core.shell:create_environment_hook('limbo_navigation', 'cmake_prefix_path')
[0.419s] INFO:colcon.colcon_core.shell:Creating environment hook '/home/david/limbo/install/limbo_navigation/share/limbo_navigation/hook/cmake_prefix_path.ps1'
[0.419s] INFO:colcon.colcon_core.shell:Creating environment descriptor '/home/david/limbo/install/limbo_navigation/share/limbo_navigation/hook/cmake_prefix_path.dsv'
[0.420s] INFO:colcon.colcon_core.shell:Creating environment hook '/home/david/limbo/install/limbo_navigation/share/limbo_navigation/hook/cmake_prefix_path.sh'
[0.420s] Level 1:colcon.colcon_core.environment:checking '/home/david/limbo/install/limbo_navigation/bin'
[0.421s] Level 1:colcon.colcon_core.environment:checking '/home/david/limbo/install/limbo_navigation/lib/pkgconfig/limbo_navigation.pc'
[0.421s] Level 1:colcon.colcon_core.environment:checking '/home/david/limbo/install/limbo_navigation/lib/python3.12/site-packages'
[0.421s] Level 1:colcon.colcon_core.environment:checking '/home/david/limbo/install/limbo_navigation/bin'
[0.421s] INFO:colcon.colcon_core.shell:Creating package script '/home/david/limbo/install/limbo_navigation/share/limbo_navigation/package.ps1'
[0.422s] INFO:colcon.colcon_core.shell:Creating package descriptor '/home/david/limbo/install/limbo_navigation/share/limbo_navigation/package.dsv'
[0.423s] INFO:colcon.colcon_core.shell:Creating package script '/home/david/limbo/install/limbo_navigation/share/limbo_navigation/package.sh'
[0.423s] INFO:colcon.colcon_core.shell:Creating package script '/home/david/limbo/install/limbo_navigation/share/limbo_navigation/package.bash'
[0.424s] INFO:colcon.colcon_core.shell:Creating package script '/home/david/limbo/install/limbo_navigation/share/limbo_navigation/package.zsh'
[0.425s] Level 1:colcon.colcon_core.environment:create_file_with_runtime_dependencies(/home/david/limbo/install/limbo_navigation/share/colcon-core/packages/limbo_navigation)
[0.425s] DEBUG:colcon.colcon_parallel_executor.executor.parallel:closing loop
[0.425s] DEBUG:colcon.colcon_parallel_executor.executor.parallel:loop closed
[0.425s] DEBUG:colcon.colcon_parallel_executor.executor.parallel:run_until_complete finished with '0'
[0.425s] DEBUG:colcon.colcon_core.event_reactor:joining thread
[0.431s] INFO:colcon.colcon_core.plugin_system:Skipping extension 'colcon_notification.desktop_notification.terminal_notifier': Not used on non-Darwin systems
[0.431s] INFO:colcon.colcon_core.plugin_system:Skipping extension 'colcon_notification.desktop_notification.win32': Not used on non-Windows systems
[0.431s] INFO:colcon.colcon_notification.desktop_notification:Sending desktop notification using 'notify2'
[0.439s] DEBUG:colcon.colcon_core.event_reactor:joined thread
[0.439s] INFO:colcon.colcon_core.shell:Creating prefix script '/home/david/limbo/install/local_setup.ps1'
[0.440s] INFO:colcon.colcon_core.shell:Creating prefix util module '/home/david/limbo/install/_local_setup_util_ps1.py'
[0.441s] INFO:colcon.colcon_core.shell:Creating prefix chain script '/home/david/limbo/install/setup.ps1'
[0.442s] INFO:colcon.colcon_core.shell:Creating prefix script '/home/david/limbo/install/local_setup.sh'
[0.443s] INFO:colcon.colcon_core.shell:Creating prefix util module '/home/david/limbo/install/_local_setup_util_sh.py'
[0.444s] INFO:colcon.colcon_core.shell:Creating prefix chain script '/home/david/limbo/install/setup.sh'
[0.445s] INFO:colcon.colcon_core.shell:Creating prefix script '/home/david/limbo/install/local_setup.bash'
[0.446s] INFO:colcon.colcon_core.shell:Creating prefix chain script '/home/david/limbo/install/setup.bash'
[0.447s] INFO:colcon.colcon_core.shell:Creating prefix script '/home/david/limbo/install/local_setup.zsh'
[0.447s] INFO:colcon.colcon_core.shell:Creating prefix chain script '/home/david/limbo/install/setup.zsh'
