-- Found ament_cmake: 2.5.6 (/opt/ros/jazzy/share/ament_cmake/cmake)
-- Found ament_lint_auto: 0.17.5 (/opt/ros/jazzy/share/ament_lint_auto/cmake)
-- Added test 'flake8' to check Python code syntax and style conventions
-- Configured 'flake8' exclude dirs and/or files: 
-- Added test 'lint_cmake' to check CMake code style
-- Added test 'pep257' to check Python code against some of the docstring style conventions in PEP 257
-- Added test 'xmllint' to check XML markup files
-- Configuring done (0.3s)
-- Generating done (0.0s)
-- Build files have been written to: /home/david/limbo/build/limbo_description
-- Install configuration: ""
-- Up-to-date: /home/david/limbo/install/limbo_description/share/limbo_description/urdf
-- Installing: /home/david/limbo/install/limbo_description/share/limbo_description/urdf/limbo.urdf.xacro
-- Installing: /home/david/limbo/install/limbo_description/share/limbo_description/urdf/limbo.gazebo.xacro
-- Up-to-date: /home/david/limbo/install/limbo_description/share/limbo_description/meshes
-- Installing: /home/david/limbo/install/limbo_description/share/limbo_description/meshes/right_wheel.stl
-- Installing: /home/david/limbo/install/limbo_description/share/limbo_description/meshes/front_caster.stl
-- Installing: /home/david/limbo/install/limbo_description/share/limbo_description/meshes/rear_caster.stl
-- Installing: /home/david/limbo/install/limbo_description/share/limbo_description/meshes/left_wheel.stl
-- Installing: /home/david/limbo/install/limbo_description/share/limbo_description/meshes/body.stl
-- Up-to-date: /home/david/limbo/install/limbo_description/share/limbo_description/launch
-- Installing: /home/david/limbo/install/limbo_description/share/limbo_description/launch/display_generated.launch.py
-- Up-to-date: /home/david/limbo/install/limbo_description/share/limbo_description/rviz
[31mCMake Error at cmake_install.cmake:46 (file):
  file INSTALL cannot find "/home/david/limbo/src/limbo_description/params":
  No such file or directory.

[0m
