[0.018s] Invoking command in '/home/david/limbo/build/limbo_description': CMAKE_PREFIX_PATH=${CMAKE_PREFIX_PATH}:/opt/ros/jazzy DEBUGINFOD_URLS=https://debuginfod.ubuntu.com /usr/bin/cmake --build /home/david/limbo/build/limbo_description -- -j12 -l12
[0.037s] -- Found ament_cmake: 2.5.6 (/opt/ros/jazzy/share/ament_cmake/cmake)
[0.211s] -- Found ament_lint_auto: 0.17.5 (/opt/ros/jazzy/share/ament_lint_auto/cmake)
[0.284s] -- Added test 'flake8' to check Python code syntax and style conventions
[0.284s] -- Configured 'flake8' exclude dirs and/or files: 
[0.285s] -- Added test 'lint_cmake' to check CMake code style
[0.285s] -- Added test 'pep257' to check Python code against some of the docstring style conventions in PEP 257
[0.286s] -- Added test 'xmllint' to check XML markup files
[0.287s] -- Configuring done (0.3s)
[0.292s] -- Generating done (0.0s)
[0.294s] -- Build files have been written to: /home/david/limbo/build/limbo_description
[0.311s] Invoked command in '/home/david/limbo/build/limbo_description' returned '0': CMAKE_PREFIX_PATH=${CMAKE_PREFIX_PATH}:/opt/ros/jazzy DEBUGINFOD_URLS=https://debuginfod.ubuntu.com /usr/bin/cmake --build /home/david/limbo/build/limbo_description -- -j12 -l12
[0.312s] Invoking command in '/home/david/limbo/build/limbo_description': CMAKE_PREFIX_PATH=${CMAKE_PREFIX_PATH}:/opt/ros/jazzy DEBUGINFOD_URLS=https://debuginfod.ubuntu.com /usr/bin/cmake --install /home/david/limbo/build/limbo_description
[0.318s] -- Install configuration: ""
[0.319s] -- Up-to-date: /home/david/limbo/install/limbo_description/share/limbo_description/urdf
[0.319s] -- Installing: /home/david/limbo/install/limbo_description/share/limbo_description/urdf/limbo.urdf.xacro
[0.319s] -- Installing: /home/david/limbo/install/limbo_description/share/limbo_description/urdf/limbo.gazebo.xacro
[0.319s] -- Up-to-date: /home/david/limbo/install/limbo_description/share/limbo_description/meshes
[0.319s] -- Installing: /home/david/limbo/install/limbo_description/share/limbo_description/meshes/right_wheel.stl
[0.319s] -- Installing: /home/david/limbo/install/limbo_description/share/limbo_description/meshes/front_caster.stl
[0.319s] -- Installing: /home/david/limbo/install/limbo_description/share/limbo_description/meshes/rear_caster.stl
[0.319s] -- Installing: /home/david/limbo/install/limbo_description/share/limbo_description/meshes/left_wheel.stl
[0.319s] -- Installing: /home/david/limbo/install/limbo_description/share/limbo_description/meshes/body.stl
[0.320s] -- Up-to-date: /home/david/limbo/install/limbo_description/share/limbo_description/launch
[0.320s] -- Installing: /home/david/limbo/install/limbo_description/share/limbo_description/launch/display_generated.launch.py
[0.320s] -- Up-to-date: /home/david/limbo/install/limbo_description/share/limbo_description/rviz
[0.320s] [31mCMake Error at cmake_install.cmake:46 (file):
[0.320s]   file INSTALL cannot find "/home/david/limbo/src/limbo_description/params":
[0.320s]   No such file or directory.
[0.320s] 
[0.320s] [0m
[0.321s] Invoked command in '/home/david/limbo/build/limbo_description' returned '1': CMAKE_PREFIX_PATH=${CMAKE_PREFIX_PATH}:/opt/ros/jazzy DEBUGINFOD_URLS=https://debuginfod.ubuntu.com /usr/bin/cmake --install /home/david/limbo/build/limbo_description
