[0.020s] Invoking command in '/home/david/limbo/build/limbo_bringup': CMAKE_PREFIX_PATH=${CMAKE_PREFIX_PATH}:/opt/ros/jazzy DEBUGINFOD_URLS=https://debuginfod.ubuntu.com /usr/bin/cmake --build /home/david/limbo/build/limbo_bringup -- -j12 -l12
[0.040s] -- Found ament_cmake: 2.5.6 (/opt/ros/jazzy/share/ament_cmake/cmake)
[0.232s] -- Found ament_lint_auto: 0.17.5 (/opt/ros/jazzy/share/ament_lint_auto/cmake)
[0.326s] -- Added test 'lint_cmake' to check CMake code style
[0.327s] -- Added test 'xmllint' to check XML markup files
[0.328s] -- Configuring done (0.3s)
[0.333s] -- Generating done (0.0s)
[0.335s] -- Build files have been written to: /home/david/limbo/build/limbo_bringup
[0.356s] Invoked command in '/home/david/limbo/build/limbo_bringup' returned '0': CMAKE_PREFIX_PATH=${CMAKE_PREFIX_PATH}:/opt/ros/jazzy DEBUGINFOD_URLS=https://debuginfod.ubuntu.com /usr/bin/cmake --build /home/david/limbo/build/limbo_bringup -- -j12 -l12
[0.357s] Invoking command in '/home/david/limbo/build/limbo_bringup': CMAKE_PREFIX_PATH=${CMAKE_PREFIX_PATH}:/opt/ros/jazzy DEBUGINFOD_URLS=https://debuginfod.ubuntu.com /usr/bin/cmake --install /home/david/limbo/build/limbo_bringup
[0.371s] -- Install configuration: ""
[0.372s] -- Installing: /home/david/limbo/install/limbo_bringup/share/limbo_bringup/launch
[0.372s] -- Up-to-date: /home/david/limbo/install/limbo_bringup/share/ament_index/resource_index/package_run_dependencies/limbo_bringup
[0.373s] -- Up-to-date: /home/david/limbo/install/limbo_bringup/share/ament_index/resource_index/parent_prefix_path/limbo_bringup
[0.373s] -- Up-to-date: /home/david/limbo/install/limbo_bringup/share/limbo_bringup/environment/ament_prefix_path.sh
[0.373s] -- Up-to-date: /home/david/limbo/install/limbo_bringup/share/limbo_bringup/environment/ament_prefix_path.dsv
[0.373s] -- Up-to-date: /home/david/limbo/install/limbo_bringup/share/limbo_bringup/environment/path.sh
[0.373s] -- Up-to-date: /home/david/limbo/install/limbo_bringup/share/limbo_bringup/environment/path.dsv
[0.373s] -- Up-to-date: /home/david/limbo/install/limbo_bringup/share/limbo_bringup/local_setup.bash
[0.373s] -- Up-to-date: /home/david/limbo/install/limbo_bringup/share/limbo_bringup/local_setup.sh
[0.374s] -- Up-to-date: /home/david/limbo/install/limbo_bringup/share/limbo_bringup/local_setup.zsh
[0.374s] -- Up-to-date: /home/david/limbo/install/limbo_bringup/share/limbo_bringup/local_setup.dsv
[0.374s] -- Up-to-date: /home/david/limbo/install/limbo_bringup/share/limbo_bringup/package.dsv
[0.374s] -- Up-to-date: /home/david/limbo/install/limbo_bringup/share/ament_index/resource_index/packages/limbo_bringup
[0.374s] -- Up-to-date: /home/david/limbo/install/limbo_bringup/share/limbo_bringup/cmake/limbo_bringupConfig.cmake
[0.374s] -- Up-to-date: /home/david/limbo/install/limbo_bringup/share/limbo_bringup/cmake/limbo_bringupConfig-version.cmake
[0.374s] -- Up-to-date: /home/david/limbo/install/limbo_bringup/share/limbo_bringup/package.xml
[0.414s] Invoked command in '/home/david/limbo/build/limbo_bringup' returned '0': CMAKE_PREFIX_PATH=${CMAKE_PREFIX_PATH}:/opt/ros/jazzy DEBUGINFOD_URLS=https://debuginfod.ubuntu.com /usr/bin/cmake --install /home/david/limbo/build/limbo_bringup
