[0.014s] Invoking command in '/home/david/limbo/build/limbo_description': CMAKE_PREFIX_PATH=${CMAKE_PREFIX_PATH}:/opt/ros/jazzy DEBUGINFOD_URLS=https://debuginfod.ubuntu.com /usr/bin/cmake /home/david/limbo/src/limbo_description -DCMAKE_INSTALL_PREFIX=/home/david/limbo/install/limbo_description
[0.390s] -- The C compiler identification is GNU 13.3.0
[0.632s] -- The CXX compiler identification is GNU 13.3.0
[0.663s] -- Detecting C compiler ABI info
[0.781s] -- Detecting C compiler ABI info - done
[0.796s] -- Check for working C compiler: /usr/bin/cc - skipped
[0.797s] -- Detecting C compile features
[0.797s] -- Detecting C compile features - done
[0.804s] -- Detecting CXX compiler ABI info
[0.884s] -- Detecting CXX compiler ABI info - done
[0.893s] -- Check for working CXX compiler: /usr/bin/c++ - skipped
[0.893s] -- Detecting CXX compile features
[0.893s] -- Detecting CXX compile features - done
[0.931s] -- Found ament_cmake: 2.5.6 (/opt/ros/jazzy/share/ament_cmake/cmake)
[1.073s] -- Found Python3: /usr/bin/python3 (found version "3.12.3") found components: Interpreter 
[1.264s] -- Found ament_lint_auto: 0.17.5 (/opt/ros/jazzy/share/ament_lint_auto/cmake)
[1.404s] -- Added test 'lint_cmake' to check CMake code style
[1.408s] -- Added test 'xmllint' to check XML markup files
[1.411s] -- Configuring done (1.3s)
[1.417s] -- Generating done (0.0s)
[1.422s] -- Build files have been written to: /home/david/limbo/build/limbo_description
[1.429s] Invoked command in '/home/david/limbo/build/limbo_description' returned '0': CMAKE_PREFIX_PATH=${CMAKE_PREFIX_PATH}:/opt/ros/jazzy DEBUGINFOD_URLS=https://debuginfod.ubuntu.com /usr/bin/cmake /home/david/limbo/src/limbo_description -DCMAKE_INSTALL_PREFIX=/home/david/limbo/install/limbo_description
[1.430s] Invoking command in '/home/david/limbo/build/limbo_description': CMAKE_PREFIX_PATH=${CMAKE_PREFIX_PATH}:/opt/ros/jazzy DEBUGINFOD_URLS=https://debuginfod.ubuntu.com /usr/bin/cmake --build /home/david/limbo/build/limbo_description -- -j12 -l12
[1.460s] Invoked command in '/home/david/limbo/build/limbo_description' returned '0': CMAKE_PREFIX_PATH=${CMAKE_PREFIX_PATH}:/opt/ros/jazzy DEBUGINFOD_URLS=https://debuginfod.ubuntu.com /usr/bin/cmake --build /home/david/limbo/build/limbo_description -- -j12 -l12
[1.467s] Invoking command in '/home/david/limbo/build/limbo_description': CMAKE_PREFIX_PATH=${CMAKE_PREFIX_PATH}:/opt/ros/jazzy DEBUGINFOD_URLS=https://debuginfod.ubuntu.com /usr/bin/cmake --install /home/david/limbo/build/limbo_description
[1.474s] -- Install configuration: ""
[1.474s] -- Installing: /home/david/limbo/install/limbo_description/share/ament_index/resource_index/package_run_dependencies/limbo_description
[1.474s] -- Installing: /home/david/limbo/install/limbo_description/share/ament_index/resource_index/parent_prefix_path/limbo_description
[1.474s] -- Installing: /home/david/limbo/install/limbo_description/share/limbo_description/environment/ament_prefix_path.sh
[1.475s] -- Installing: /home/david/limbo/install/limbo_description/share/limbo_description/environment/ament_prefix_path.dsv
[1.475s] -- Installing: /home/david/limbo/install/limbo_description/share/limbo_description/environment/path.sh
[1.475s] -- Installing: /home/david/limbo/install/limbo_description/share/limbo_description/environment/path.dsv
[1.475s] -- Installing: /home/david/limbo/install/limbo_description/share/limbo_description/local_setup.bash
[1.475s] -- Installing: /home/david/limbo/install/limbo_description/share/limbo_description/local_setup.sh
[1.475s] -- Installing: /home/david/limbo/install/limbo_description/share/limbo_description/local_setup.zsh
[1.475s] -- Installing: /home/david/limbo/install/limbo_description/share/limbo_description/local_setup.dsv
[1.475s] -- Installing: /home/david/limbo/install/limbo_description/share/limbo_description/package.dsv
[1.476s] -- Installing: /home/david/limbo/install/limbo_description/share/ament_index/resource_index/packages/limbo_description
[1.476s] -- Installing: /home/david/limbo/install/limbo_description/share/limbo_description/cmake/limbo_descriptionConfig.cmake
[1.476s] -- Installing: /home/david/limbo/install/limbo_description/share/limbo_description/cmake/limbo_descriptionConfig-version.cmake
[1.477s] -- Installing: /home/david/limbo/install/limbo_description/share/limbo_description/package.xml
[1.479s] Invoked command in '/home/david/limbo/build/limbo_description' returned '0': CMAKE_PREFIX_PATH=${CMAKE_PREFIX_PATH}:/opt/ros/jazzy DEBUGINFOD_URLS=https://debuginfod.ubuntu.com /usr/bin/cmake --install /home/david/limbo/build/limbo_description
