-- Install configuration: ""
-- Up-to-date: /home/david/limbo/install/limbo_description/share/limbo_description/urdf
-- Up-to-date: /home/david/limbo/install/limbo_description/share/limbo_description/urdf/limbo.urdf.xacro
-- Up-to-date: /home/david/limbo/install/limbo_description/share/limbo_description/urdf/limbo.gazebo.xacro
-- Up-to-date: /home/david/limbo/install/limbo_description/share/limbo_description/meshes
-- Up-to-date: /home/david/limbo/install/limbo_description/share/limbo_description/meshes/right_wheel.stl
-- Up-to-date: /home/david/limbo/install/limbo_description/share/limbo_description/meshes/front_caster.stl
-- Up-to-date: /home/david/limbo/install/limbo_description/share/limbo_description/meshes/rear_caster.stl
-- Up-to-date: /home/david/limbo/install/limbo_description/share/limbo_description/meshes/left_wheel.stl
-- Up-to-date: /home/david/limbo/install/limbo_description/share/limbo_description/meshes/body.stl
-- Up-to-date: /home/david/limbo/install/limbo_description/share/limbo_description/launch
-- Installing: /home/david/limbo/install/limbo_description/share/limbo_description/launch/display_generated.launch.py
-- Up-to-date: /home/david/limbo/install/limbo_description/share/limbo_description/rviz
-- Up-to-date: /home/david/limbo/install/limbo_description/share/ament_index/resource_index/package_run_dependencies/limbo_description
-- Up-to-date: /home/david/limbo/install/limbo_description/share/ament_index/resource_index/parent_prefix_path/limbo_description
-- Up-to-date: /home/david/limbo/install/limbo_description/share/limbo_description/environment/ament_prefix_path.sh
-- Up-to-date: /home/david/limbo/install/limbo_description/share/limbo_description/environment/ament_prefix_path.dsv
-- Up-to-date: /home/david/limbo/install/limbo_description/share/limbo_description/environment/path.sh
-- Up-to-date: /home/david/limbo/install/limbo_description/share/limbo_description/environment/path.dsv
-- Up-to-date: /home/david/limbo/install/limbo_description/share/limbo_description/local_setup.bash
-- Up-to-date: /home/david/limbo/install/limbo_description/share/limbo_description/local_setup.sh
-- Up-to-date: /home/david/limbo/install/limbo_description/share/limbo_description/local_setup.zsh
-- Up-to-date: /home/david/limbo/install/limbo_description/share/limbo_description/local_setup.dsv
-- Installing: /home/david/limbo/install/limbo_description/share/limbo_description/package.dsv
-- Up-to-date: /home/david/limbo/install/limbo_description/share/ament_index/resource_index/packages/limbo_description
-- Up-to-date: /home/david/limbo/install/limbo_description/share/limbo_description/cmake/limbo_descriptionConfig.cmake
-- Up-to-date: /home/david/limbo/install/limbo_description/share/limbo_description/cmake/limbo_descriptionConfig-version.cmake
-- Up-to-date: /home/david/limbo/install/limbo_description/share/limbo_description/package.xml
