[0.016s] Invoking command in '/home/david/limbo/build/limbo_simulation': CMAKE_PREFIX_PATH=${CMAKE_PREFIX_PATH}:/opt/ros/jazzy DEBUGINFOD_URLS=https://debuginfod.ubuntu.com /usr/bin/cmake --build /home/david/limbo/build/limbo_simulation -- -j12 -l12
[0.049s] Invoked command in '/home/david/limbo/build/limbo_simulation' returned '0': CMAKE_PREFIX_PATH=${CMAKE_PREFIX_PATH}:/opt/ros/jazzy DEBUGINFOD_URLS=https://debuginfod.ubuntu.com /usr/bin/cmake --build /home/david/limbo/build/limbo_simulation -- -j12 -l12
[0.050s] Invoking command in '/home/david/limbo/build/limbo_simulation': CMAKE_PREFIX_PATH=${CMAKE_PREFIX_PATH}:/opt/ros/jazzy DEBUGINFOD_URLS=https://debuginfod.ubuntu.com /usr/bin/cmake --install /home/david/limbo/build/limbo_simulation
[0.064s] -- Install configuration: ""
[0.064s] -- Up-to-date: /home/david/limbo/install/limbo_simulation/share/limbo_simulation/worlds
[0.064s] -- Up-to-date: /home/david/limbo/install/limbo_simulation/share/limbo_simulation/worlds/bookstore_world.sdf
[0.064s] -- Up-to-date: /home/david/limbo/install/limbo_simulation/share/limbo_simulation/worlds/bookstore_world.sdf.xacro
[0.064s] -- Up-to-date: /home/david/limbo/install/limbo_simulation/share/limbo_simulation/config
[0.065s] -- Up-to-date: /home/david/limbo/install/limbo_simulation/share/limbo_simulation/config/bridge.yaml
[0.065s] -- Up-to-date: /home/david/limbo/install/limbo_simulation/share/limbo_simulation/launch
[0.066s] -- Installing: /home/david/limbo/install/limbo_simulation/share/limbo_simulation/launch/gazebo.launch.py
[0.066s] -- Up-to-date: /home/david/limbo/install/limbo_simulation/share/limbo_simulation/models
[0.066s] -- Up-to-date: /home/david/limbo/install/limbo_simulation/share/limbo_simulation/models/aws_robomaker_retail_BookC_01
[0.066s] -- Up-to-date: /home/david/limbo/install/limbo_simulation/share/limbo_simulation/models/aws_robomaker_retail_BookC_01/materials
[0.067s] -- Up-to-date: /home/david/limbo/install/limbo_simulation/share/limbo_simulation/models/aws_robomaker_retail_BookC_01/materials/textures
[0.067s] -- Up-to-date: /home/david/limbo/install/limbo_simulation/share/limbo_simulation/models/aws_robomaker_retail_BookC_01/materials/textures/aws_BookC_01.png
[0.067s] -- Up-to-date: /home/david/limbo/install/limbo_simulation/share/limbo_simulation/models/aws_robomaker_retail_BookC_01/meshes
[0.067s] -- Up-to-date: /home/david/limbo/install/limbo_simulation/share/limbo_simulation/models/aws_robomaker_retail_BookC_01/meshes/aws_BookC_01_visual.DAE
[0.067s] -- Up-to-date: /home/david/limbo/install/limbo_simulation/share/limbo_simulation/models/aws_robomaker_retail_BookC_01/meshes/aws_BookC_01_collision.DAE
[0.067s] -- Up-to-date: /home/david/limbo/install/limbo_simulation/share/limbo_simulation/models/aws_robomaker_retail_BookC_01/model.config
[0.067s] -- Up-to-date: /home/david/limbo/install/limbo_simulation/share/limbo_simulation/models/aws_robomaker_retail_BookC_01/model.sdf
[0.067s] -- Up-to-date: /home/david/limbo/install/limbo_simulation/share/limbo_simulation/models/aws_robomaker_retail_InfoDesk_01
[0.068s] -- Up-to-date: /home/david/limbo/install/limbo_simulation/share/limbo_simulation/models/aws_robomaker_retail_InfoDesk_01/materials
[0.068s] -- Up-to-date: /home/david/limbo/install/limbo_simulation/share/limbo_simulation/models/aws_robomaker_retail_InfoDesk_01/materials/textures
[0.068s] -- Up-to-date: /home/david/limbo/install/limbo_simulation/share/limbo_simulation/models/aws_robomaker_retail_InfoDesk_01/materials/textures/aws_InfoDesk_01.png
[0.068s] -- Up-to-date: /home/david/limbo/install/limbo_simulation/share/limbo_simulation/models/aws_robomaker_retail_InfoDesk_01/meshes
[0.068s] -- Up-to-date: /home/david/limbo/install/limbo_simulation/share/limbo_simulation/models/aws_robomaker_retail_InfoDesk_01/meshes/aws_InfoDesk_01_collision.DAE
[0.069s] -- Up-to-date: /home/david/limbo/install/limbo_simulation/share/limbo_simulation/models/aws_robomaker_retail_InfoDesk_01/meshes/aws_InfoDesk_01_visual.DAE
[0.069s] -- Up-to-date: /home/david/limbo/install/limbo_simulation/share/limbo_simulation/models/aws_robomaker_retail_InfoDesk_01/model.config
[0.069s] -- Up-to-date: /home/david/limbo/install/limbo_simulation/share/limbo_simulation/models/aws_robomaker_retail_InfoDesk_01/model.sdf
[0.069s] -- Up-to-date: /home/david/limbo/install/limbo_simulation/share/limbo_simulation/models/aws_robomaker_retail_Holder_01
[0.069s] -- Up-to-date: /home/david/limbo/install/limbo_simulation/share/limbo_simulation/models/aws_robomaker_retail_Holder_01/materials
[0.069s] -- Up-to-date: /home/david/limbo/install/limbo_simulation/share/limbo_simulation/models/aws_robomaker_retail_Holder_01/materials/textures
[0.069s] -- Up-to-date: /home/david/limbo/install/limbo_simulation/share/limbo_simulation/models/aws_robomaker_retail_Holder_01/materials/textures/aws_Holder_01.png
[0.070s] -- Up-to-date: /home/david/limbo/install/limbo_simulation/share/limbo_simulation/models/aws_robomaker_retail_Holder_01/meshes
[0.070s] -- Up-to-date: /home/david/limbo/install/limbo_simulation/share/limbo_simulation/models/aws_robomaker_retail_Holder_01/meshes/aws_Holder_01_collision.DAE
[0.070s] -- Up-to-date: /home/david/limbo/install/limbo_simulation/share/limbo_simulation/models/aws_robomaker_retail_Holder_01/meshes/aws_Holder_01_visual.DAE
[0.070s] -- Up-to-date: /home/david/limbo/install/limbo_simulation/share/limbo_simulation/models/aws_robomaker_retail_Holder_01/model.config
[0.070s] -- Up-to-date: /home/david/limbo/install/limbo_simulation/share/limbo_simulation/models/aws_robomaker_retail_Holder_01/model.sdf
[0.070s] -- Up-to-date: /home/david/limbo/install/limbo_simulation/share/limbo_simulation/models/aws_robomaker_retail_BookD_01
[0.070s] -- Up-to-date: /home/david/limbo/install/limbo_simulation/share/limbo_simulation/models/aws_robomaker_retail_BookD_01/materials
[0.070s] -- Up-to-date: /home/david/limbo/install/limbo_simulation/share/limbo_simulation/models/aws_robomaker_retail_BookD_01/materials/textures
[0.071s] -- Up-to-date: /home/david/limbo/install/limbo_simulation/share/limbo_simulation/models/aws_robomaker_retail_BookD_01/materials/textures/aws_BookD_01.png
[0.071s] -- Up-to-date: /home/david/limbo/install/limbo_simulation/share/limbo_simulation/models/aws_robomaker_retail_BookD_01/meshes
[0.071s] -- Up-to-date: /home/david/limbo/install/limbo_simulation/share/limbo_simulation/models/aws_robomaker_retail_BookD_01/meshes/aws_BookD_01_visual.DAE
[0.071s] -- Up-to-date: /home/david/limbo/install/limbo_simulation/share/limbo_simulation/models/aws_robomaker_retail_BookD_01/meshes/aws_BookD_01_collision.DAE
[0.072s] -- Up-to-date: /home/david/limbo/install/limbo_simulation/share/limbo_simulation/models/aws_robomaker_retail_BookD_01/model.config
[0.072s] -- Up-to-date: /home/david/limbo/install/limbo_simulation/share/limbo_simulation/models/aws_robomaker_retail_BookD_01/model.sdf
[0.072s] -- Up-to-date: /home/david/limbo/install/limbo_simulation/share/limbo_simulation/models/aws_robomaker_retail_SecurityCamera_01
[0.072s] -- Up-to-date: /home/david/limbo/install/limbo_simulation/share/limbo_simulation/models/aws_robomaker_retail_SecurityCamera_01/materials
[0.072s] -- Up-to-date: /home/david/limbo/install/limbo_simulation/share/limbo_simulation/models/aws_robomaker_retail_SecurityCamera_01/materials/textures
[0.072s] -- Up-to-date: /home/david/limbo/install/limbo_simulation/share/limbo_simulation/models/aws_robomaker_retail_SecurityCamera_01/materials/textures/aws_SecurityCamera_01.png
[0.072s] -- Up-to-date: /home/david/limbo/install/limbo_simulation/share/limbo_simulation/models/aws_robomaker_retail_SecurityCamera_01/meshes
[0.072s] -- Up-to-date: /home/david/limbo/install/limbo_simulation/share/limbo_simulation/models/aws_robomaker_retail_SecurityCamera_01/meshes/aws_SecurityCamera_01_visual.DAE
[0.073s] -- Up-to-date: /home/david/limbo/install/limbo_simulation/share/limbo_simulation/models/aws_robomaker_retail_SecurityCamera_01/meshes/aws_SecurityCamera_01_collision.DAE
[0.073s] -- Up-to-date: /home/david/limbo/install/limbo_simulation/share/limbo_simulation/models/aws_robomaker_retail_SecurityCamera_01/model.config
[0.073s] -- Up-to-date: /home/david/limbo/install/limbo_simulation/share/limbo_simulation/models/aws_robomaker_retail_SecurityCamera_01/model.sdf
[0.073s] -- Up-to-date: /home/david/limbo/install/limbo_simulation/share/limbo_simulation/models/aws_robomaker_retail_RetailShopWall_01
[0.073s] -- Up-to-date: /home/david/limbo/install/limbo_simulation/share/limbo_simulation/models/aws_robomaker_retail_RetailShopWall_01/materials
[0.073s] -- Up-to-date: /home/david/limbo/install/limbo_simulation/share/limbo_simulation/models/aws_robomaker_retail_RetailShopWall_01/materials/textures
[0.073s] -- Up-to-date: /home/david/limbo/install/limbo_simulation/share/limbo_simulation/models/aws_robomaker_retail_RetailShopWall_01/materials/textures/aws_RetailShopWall_01.png
[0.073s] -- Up-to-date: /home/david/limbo/install/limbo_simulation/share/limbo_simulation/models/aws_robomaker_retail_RetailShopWall_01/meshes
[0.073s] -- Up-to-date: /home/david/limbo/install/limbo_simulation/share/limbo_simulation/models/aws_robomaker_retail_RetailShopWall_01/meshes/aws_RetailShopWall_01_collision.DAE
[0.074s] -- Up-to-date: /home/david/limbo/install/limbo_simulation/share/limbo_simulation/models/aws_robomaker_retail_RetailShopWall_01/meshes/aws_RetailShopWall_01_visual.DAE
[0.074s] -- Up-to-date: /home/david/limbo/install/limbo_simulation/share/limbo_simulation/models/aws_robomaker_retail_RetailShopWall_01/model.config
[0.074s] -- Up-to-date: /home/david/limbo/install/limbo_simulation/share/limbo_simulation/models/aws_robomaker_retail_RetailShopWall_01/model.sdf
[0.074s] -- Up-to-date: /home/david/limbo/install/limbo_simulation/share/limbo_simulation/models/aws_robomaker_retail_MagicCube_01
[0.074s] -- Up-to-date: /home/david/limbo/install/limbo_simulation/share/limbo_simulation/models/aws_robomaker_retail_MagicCube_01/materials
[0.074s] -- Up-to-date: /home/david/limbo/install/limbo_simulation/share/limbo_simulation/models/aws_robomaker_retail_MagicCube_01/materials/textures
[0.075s] -- Up-to-date: /home/david/limbo/install/limbo_simulation/share/limbo_simulation/models/aws_robomaker_retail_MagicCube_01/materials/textures/aws_MagicCube_01.png
[0.075s] -- Up-to-date: /home/david/limbo/install/limbo_simulation/share/limbo_simulation/models/aws_robomaker_retail_MagicCube_01/meshes
[0.075s] -- Up-to-date: /home/david/limbo/install/limbo_simulation/share/limbo_simulation/models/aws_robomaker_retail_MagicCube_01/meshes/aws_MagicCube_01_collision.DAE
[0.075s] -- Up-to-date: /home/david/limbo/install/limbo_simulation/share/limbo_simulation/models/aws_robomaker_retail_MagicCube_01/meshes/aws_MagicCube_01_visual.DAE
[0.075s] -- Up-to-date: /home/david/limbo/install/limbo_simulation/share/limbo_simulation/models/aws_robomaker_retail_MagicCube_01/model.config
[0.075s] -- Up-to-date: /home/david/limbo/install/limbo_simulation/share/limbo_simulation/models/aws_robomaker_retail_MagicCube_01/model.sdf
[0.076s] -- Up-to-date: /home/david/limbo/install/limbo_simulation/share/limbo_simulation/models/aws_robomaker_retail_DeskB_01
[0.076s] -- Up-to-date: /home/david/limbo/install/limbo_simulation/share/limbo_simulation/models/aws_robomaker_retail_DeskB_01/materials
[0.076s] -- Up-to-date: /home/david/limbo/install/limbo_simulation/share/limbo_simulation/models/aws_robomaker_retail_DeskB_01/materials/textures
[0.077s] -- Up-to-date: /home/david/limbo/install/limbo_simulation/share/limbo_simulation/models/aws_robomaker_retail_DeskB_01/materials/textures/aws_DeskB_01.png
[0.077s] -- Up-to-date: /home/david/limbo/install/limbo_simulation/share/limbo_simulation/models/aws_robomaker_retail_DeskB_01/meshes
[0.077s] -- Up-to-date: /home/david/limbo/install/limbo_simulation/share/limbo_simulation/models/aws_robomaker_retail_DeskB_01/meshes/aws_DeskB_01_collision.DAE
[0.077s] -- Up-to-date: /home/david/limbo/install/limbo_simulation/share/limbo_simulation/models/aws_robomaker_retail_DeskB_01/meshes/aws_DeskB_01_visual.DAE
[0.077s] -- Up-to-date: /home/david/limbo/install/limbo_simulation/share/limbo_simulation/models/aws_robomaker_retail_DeskB_01/model.config
[0.078s] -- Up-to-date: /home/david/limbo/install/limbo_simulation/share/limbo_simulation/models/aws_robomaker_retail_DeskB_01/model.sdf
[0.078s] -- Up-to-date: /home/david/limbo/install/limbo_simulation/share/limbo_simulation/models/aws_robomaker_retail_TabletB_01
[0.078s] -- Up-to-date: /home/david/limbo/install/limbo_simulation/share/limbo_simulation/models/aws_robomaker_retail_TabletB_01/materials
[0.078s] -- Up-to-date: /home/david/limbo/install/limbo_simulation/share/limbo_simulation/models/aws_robomaker_retail_TabletB_01/materials/textures
[0.078s] -- Up-to-date: /home/david/limbo/install/limbo_simulation/share/limbo_simulation/models/aws_robomaker_retail_TabletB_01/materials/textures/aws_TabletB_01.png
[0.078s] -- Up-to-date: /home/david/limbo/install/limbo_simulation/share/limbo_simulation/models/aws_robomaker_retail_TabletB_01/meshes
[0.078s] -- Up-to-date: /home/david/limbo/install/limbo_simulation/share/limbo_simulation/models/aws_robomaker_retail_TabletB_01/meshes/aws_TabletB_01_collision.DAE
[0.078s] -- Up-to-date: /home/david/limbo/install/limbo_simulation/share/limbo_simulation/models/aws_robomaker_retail_TabletB_01/meshes/aws_TabletB_01_visual.DAE
[0.078s] -- Up-to-date: /home/david/limbo/install/limbo_simulation/share/limbo_simulation/models/aws_robomaker_retail_TabletB_01/model.config
[0.079s] -- Up-to-date: /home/david/limbo/install/limbo_simulation/share/limbo_simulation/models/aws_robomaker_retail_TabletB_01/model.sdf
[0.079s] -- Up-to-date: /home/david/limbo/install/limbo_simulation/share/limbo_simulation/models/aws_robomaker_retail_Computer_01
[0.079s] -- Up-to-date: /home/david/limbo/install/limbo_simulation/share/limbo_simulation/models/aws_robomaker_retail_Computer_01/materials
[0.079s] -- Up-to-date: /home/david/limbo/install/limbo_simulation/share/limbo_simulation/models/aws_robomaker_retail_Computer_01/materials/textures
[0.079s] -- Up-to-date: /home/david/limbo/install/limbo_simulation/share/limbo_simulation/models/aws_robomaker_retail_Computer_01/materials/textures/aws_Computer_01.png
[0.079s] -- Up-to-date: /home/david/limbo/install/limbo_simulation/share/limbo_simulation/models/aws_robomaker_retail_Computer_01/meshes
[0.080s] -- Up-to-date: /home/david/limbo/install/limbo_simulation/share/limbo_simulation/models/aws_robomaker_retail_Computer_01/meshes/aws_Computer_01_visual.DAE
[0.080s] -- Up-to-date: /home/david/limbo/install/limbo_simulation/share/limbo_simulation/models/aws_robomaker_retail_Computer_01/meshes/aws_Computer_01_collision.DAE
[0.080s] -- Up-to-date: /home/david/limbo/install/limbo_simulation/share/limbo_simulation/models/aws_robomaker_retail_Computer_01/model.config
[0.080s] -- Up-to-date: /home/david/limbo/install/limbo_simulation/share/limbo_simulation/models/aws_robomaker_retail_Computer_01/model.sdf
[0.080s] -- Up-to-date: /home/david/limbo/install/limbo_simulation/share/limbo_simulation/models/aws_robomaker_retail_Horologe_01
[0.080s] -- Up-to-date: /home/david/limbo/install/limbo_simulation/share/limbo_simulation/models/aws_robomaker_retail_Horologe_01/materials
[0.081s] -- Up-to-date: /home/david/limbo/install/limbo_simulation/share/limbo_simulation/models/aws_robomaker_retail_Horologe_01/materials/textures
[0.081s] -- Up-to-date: /home/david/limbo/install/limbo_simulation/share/limbo_simulation/models/aws_robomaker_retail_Horologe_01/materials/textures/aws_Horologe_01.png
[0.081s] -- Up-to-date: /home/david/limbo/install/limbo_simulation/share/limbo_simulation/models/aws_robomaker_retail_Horologe_01/meshes
[0.081s] -- Up-to-date: /home/david/limbo/install/limbo_simulation/share/limbo_simulation/models/aws_robomaker_retail_Horologe_01/meshes/aws_Horologe_01_collision.DAE
[0.081s] -- Up-to-date: /home/david/limbo/install/limbo_simulation/share/limbo_simulation/models/aws_robomaker_retail_Horologe_01/meshes/aws_Horologe_01_visual.DAE
[0.081s] -- Up-to-date: /home/david/limbo/install/limbo_simulation/share/limbo_simulation/models/aws_robomaker_retail_Horologe_01/model.config
[0.081s] -- Up-to-date: /home/david/limbo/install/limbo_simulation/share/limbo_simulation/models/aws_robomaker_retail_Horologe_01/model.sdf
[0.081s] -- Up-to-date: /home/david/limbo/install/limbo_simulation/share/limbo_simulation/models/aws_robomaker_retail_DoorB_01
[0.082s] -- Up-to-date: /home/david/limbo/install/limbo_simulation/share/limbo_simulation/models/aws_robomaker_retail_DoorB_01/materials
[0.082s] -- Up-to-date: /home/david/limbo/install/limbo_simulation/share/limbo_simulation/models/aws_robomaker_retail_DoorB_01/materials/textures
[0.082s] -- Up-to-date: /home/david/limbo/install/limbo_simulation/share/limbo_simulation/models/aws_robomaker_retail_DoorB_01/materials/textures/aws_DoorB_01.png
[0.082s] -- Up-to-date: /home/david/limbo/install/limbo_simulation/share/limbo_simulation/models/aws_robomaker_retail_DoorB_01/meshes
[0.083s] -- Up-to-date: /home/david/limbo/install/limbo_simulation/share/limbo_simulation/models/aws_robomaker_retail_DoorB_01/meshes/aws_DoorB_01_collision.DAE
[0.083s] -- Up-to-date: /home/david/limbo/install/limbo_simulation/share/limbo_simulation/models/aws_robomaker_retail_DoorB_01/meshes/aws_DoorB_01_visual.DAE
[0.083s] -- Up-to-date: /home/david/limbo/install/limbo_simulation/share/limbo_simulation/models/aws_robomaker_retail_DoorB_01/model.config
[0.083s] -- Up-to-date: /home/david/limbo/install/limbo_simulation/share/limbo_simulation/models/aws_robomaker_retail_DoorB_01/model.sdf
[0.083s] -- Up-to-date: /home/david/limbo/install/limbo_simulation/share/limbo_simulation/models/aws_robomaker_retail_ColumnA_01
[0.083s] -- Up-to-date: /home/david/limbo/install/limbo_simulation/share/limbo_simulation/models/aws_robomaker_retail_ColumnA_01/materials
[0.083s] -- Up-to-date: /home/david/limbo/install/limbo_simulation/share/limbo_simulation/models/aws_robomaker_retail_ColumnA_01/materials/textures
[0.083s] -- Up-to-date: /home/david/limbo/install/limbo_simulation/share/limbo_simulation/models/aws_robomaker_retail_ColumnA_01/materials/textures/aws_ColumnA_01.png
[0.084s] -- Up-to-date: /home/david/limbo/install/limbo_simulation/share/limbo_simulation/models/aws_robomaker_retail_ColumnA_01/meshes
[0.084s] -- Up-to-date: /home/david/limbo/install/limbo_simulation/share/limbo_simulation/models/aws_robomaker_retail_ColumnA_01/meshes/aws_ColumnA_01_visual.DAE
[0.084s] -- Up-to-date: /home/david/limbo/install/limbo_simulation/share/limbo_simulation/models/aws_robomaker_retail_ColumnA_01/meshes/aws_ColumnA_01_collision.DAE
[0.084s] -- Up-to-date: /home/david/limbo/install/limbo_simulation/share/limbo_simulation/models/aws_robomaker_retail_ColumnA_01/model.config
[0.084s] -- Up-to-date: /home/david/limbo/install/limbo_simulation/share/limbo_simulation/models/aws_robomaker_retail_ColumnA_01/model.sdf
[0.084s] -- Up-to-date: /home/david/limbo/install/limbo_simulation/share/limbo_simulation/models/aws_robomaker_retail_RetailShopFloor_01
[0.084s] -- Up-to-date: /home/david/limbo/install/limbo_simulation/share/limbo_simulation/models/aws_robomaker_retail_RetailShopFloor_01/materials
[0.084s] -- Up-to-date: /home/david/limbo/install/limbo_simulation/share/limbo_simulation/models/aws_robomaker_retail_RetailShopFloor_01/materials/textures
[0.085s] -- Up-to-date: /home/david/limbo/install/limbo_simulation/share/limbo_simulation/models/aws_robomaker_retail_RetailShopFloor_01/materials/textures/aws_RetailShopFloor_01.png
[0.085s] -- Up-to-date: /home/david/limbo/install/limbo_simulation/share/limbo_simulation/models/aws_robomaker_retail_RetailShopFloor_01/meshes
[0.085s] -- Up-to-date: /home/david/limbo/install/limbo_simulation/share/limbo_simulation/models/aws_robomaker_retail_RetailShopFloor_01/meshes/aws_RetailShopFloor_01_visual.DAE
[0.085s] -- Up-to-date: /home/david/limbo/install/limbo_simulation/share/limbo_simulation/models/aws_robomaker_retail_RetailShopFloor_01/meshes/aws_RetailShopFloor_01_collision.DAE
[0.085s] -- Up-to-date: /home/david/limbo/install/limbo_simulation/share/limbo_simulation/models/aws_robomaker_retail_RetailShopFloor_01/model.config
[0.085s] -- Up-to-date: /home/david/limbo/install/limbo_simulation/share/limbo_simulation/models/aws_robomaker_retail_RetailShopFloor_01/model.sdf
[0.085s] -- Up-to-date: /home/david/limbo/install/limbo_simulation/share/limbo_simulation/models/aws_robomaker_retail_SmartSpeakerSmall_01
[0.086s] -- Up-to-date: /home/david/limbo/install/limbo_simulation/share/limbo_simulation/models/aws_robomaker_retail_SmartSpeakerSmall_01/materials
[0.086s] -- Up-to-date: /home/david/limbo/install/limbo_simulation/share/limbo_simulation/models/aws_robomaker_retail_SmartSpeakerSmall_01/materials/textures
[0.086s] -- Up-to-date: /home/david/limbo/install/limbo_simulation/share/limbo_simulation/models/aws_robomaker_retail_SmartSpeakerSmall_01/materials/textures/aws_SmartSpeakerSmall_01.png
[0.086s] -- Up-to-date: /home/david/limbo/install/limbo_simulation/share/limbo_simulation/models/aws_robomaker_retail_SmartSpeakerSmall_01/meshes
[0.086s] -- Up-to-date: /home/david/limbo/install/limbo_simulation/share/limbo_simulation/models/aws_robomaker_retail_SmartSpeakerSmall_01/meshes/aws_SmartSpeakerSmall_01_collision.DAE
[0.086s] -- Up-to-date: /home/david/limbo/install/limbo_simulation/share/limbo_simulation/models/aws_robomaker_retail_SmartSpeakerSmall_01/meshes/aws_SmartSpeakerSmall_01_visual.DAE
[0.086s] -- Up-to-date: /home/david/limbo/install/limbo_simulation/share/limbo_simulation/models/aws_robomaker_retail_SmartSpeakerSmall_01/model.config
[0.087s] -- Up-to-date: /home/david/limbo/install/limbo_simulation/share/limbo_simulation/models/aws_robomaker_retail_SmartSpeakerSmall_01/model.sdf
[0.087s] -- Up-to-date: /home/david/limbo/install/limbo_simulation/share/limbo_simulation/models/aws_robomaker_retail_Bicycle_01
[0.087s] -- Up-to-date: /home/david/limbo/install/limbo_simulation/share/limbo_simulation/models/aws_robomaker_retail_Bicycle_01/materials
[0.087s] -- Up-to-date: /home/david/limbo/install/limbo_simulation/share/limbo_simulation/models/aws_robomaker_retail_Bicycle_01/materials/textures
[0.087s] -- Up-to-date: /home/david/limbo/install/limbo_simulation/share/limbo_simulation/models/aws_robomaker_retail_Bicycle_01/materials/textures/aws_Bicycle_01.png
[0.087s] -- Up-to-date: /home/david/limbo/install/limbo_simulation/share/limbo_simulation/models/aws_robomaker_retail_Bicycle_01/meshes
[0.087s] -- Up-to-date: /home/david/limbo/install/limbo_simulation/share/limbo_simulation/models/aws_robomaker_retail_Bicycle_01/meshes/aws_Bicycle_01_collision.DAE
[0.087s] -- Up-to-date: /home/david/limbo/install/limbo_simulation/share/limbo_simulation/models/aws_robomaker_retail_Bicycle_01/meshes/aws_Bicycle_01_visual.DAE
[0.087s] -- Up-to-date: /home/david/limbo/install/limbo_simulation/share/limbo_simulation/models/aws_robomaker_retail_Bicycle_01/model.config
[0.087s] -- Up-to-date: /home/david/limbo/install/limbo_simulation/share/limbo_simulation/models/aws_robomaker_retail_Bicycle_01/model.sdf
[0.088s] -- Up-to-date: /home/david/limbo/install/limbo_simulation/share/limbo_simulation/models/aws_robomaker_retail_LightA_01
[0.088s] -- Up-to-date: /home/david/limbo/install/limbo_simulation/share/limbo_simulation/models/aws_robomaker_retail_LightA_01/materials
[0.088s] -- Up-to-date: /home/david/limbo/install/limbo_simulation/share/limbo_simulation/models/aws_robomaker_retail_LightA_01/materials/textures
[0.088s] -- Up-to-date: /home/david/limbo/install/limbo_simulation/share/limbo_simulation/models/aws_robomaker_retail_LightA_01/materials/textures/aws_LightA_01.png
[0.088s] -- Up-to-date: /home/david/limbo/install/limbo_simulation/share/limbo_simulation/models/aws_robomaker_retail_LightA_01/meshes
[0.088s] -- Up-to-date: /home/david/limbo/install/limbo_simulation/share/limbo_simulation/models/aws_robomaker_retail_LightA_01/meshes/aws_LightA_01_collision.DAE
[0.088s] -- Up-to-date: /home/david/limbo/install/limbo_simulation/share/limbo_simulation/models/aws_robomaker_retail_LightA_01/meshes/aws_LightA_01_visual.DAE
[0.088s] -- Up-to-date: /home/david/limbo/install/limbo_simulation/share/limbo_simulation/models/aws_robomaker_retail_LightA_01/model.config
[0.089s] -- Up-to-date: /home/david/limbo/install/limbo_simulation/share/limbo_simulation/models/aws_robomaker_retail_LightA_01/model.sdf
[0.090s] -- Up-to-date: /home/david/limbo/install/limbo_simulation/share/limbo_simulation/models/aws_robomaker_retail_ColumnB_01
[0.090s] -- Up-to-date: /home/david/limbo/install/limbo_simulation/share/limbo_simulation/models/aws_robomaker_retail_ColumnB_01/materials
[0.090s] -- Up-to-date: /home/david/limbo/install/limbo_simulation/share/limbo_simulation/models/aws_robomaker_retail_ColumnB_01/materials/textures
[0.090s] -- Up-to-date: /home/david/limbo/install/limbo_simulation/share/limbo_simulation/models/aws_robomaker_retail_ColumnB_01/materials/textures/aws_ColumnB_01.png
[0.090s] -- Up-to-date: /home/david/limbo/install/limbo_simulation/share/limbo_simulation/models/aws_robomaker_retail_ColumnB_01/meshes
[0.090s] -- Up-to-date: /home/david/limbo/install/limbo_simulation/share/limbo_simulation/models/aws_robomaker_retail_ColumnB_01/meshes/aws_ColumnB_01_visual.DAE
[0.091s] -- Up-to-date: /home/david/limbo/install/limbo_simulation/share/limbo_simulation/models/aws_robomaker_retail_ColumnB_01/meshes/aws_ColumnB_01_collision.DAE
[0.091s] -- Up-to-date: /home/david/limbo/install/limbo_simulation/share/limbo_simulation/models/aws_robomaker_retail_ColumnB_01/model.config
[0.091s] -- Up-to-date: /home/david/limbo/install/limbo_simulation/share/limbo_simulation/models/aws_robomaker_retail_ColumnB_01/model.sdf
[0.091s] -- Up-to-date: /home/david/limbo/install/limbo_simulation/share/limbo_simulation/models/aws_robomaker_retail_BookB_01
[0.091s] -- Up-to-date: /home/david/limbo/install/limbo_simulation/share/limbo_simulation/models/aws_robomaker_retail_BookB_01/materials
[0.091s] -- Up-to-date: /home/david/limbo/install/limbo_simulation/share/limbo_simulation/models/aws_robomaker_retail_BookB_01/materials/textures
[0.091s] -- Up-to-date: /home/david/limbo/install/limbo_simulation/share/limbo_simulation/models/aws_robomaker_retail_BookB_01/materials/textures/aws_BookB_01.png
[0.092s] -- Up-to-date: /home/david/limbo/install/limbo_simulation/share/limbo_simulation/models/aws_robomaker_retail_BookB_01/materials/textures/aws_BookB_02.png
[0.092s] -- Up-to-date: /home/david/limbo/install/limbo_simulation/share/limbo_simulation/models/aws_robomaker_retail_BookB_01/meshes
[0.092s] -- Up-to-date: /home/david/limbo/install/limbo_simulation/share/limbo_simulation/models/aws_robomaker_retail_BookB_01/meshes/aws_BookB_01_visual.DAE
[0.092s] -- Up-to-date: /home/david/limbo/install/limbo_simulation/share/limbo_simulation/models/aws_robomaker_retail_BookB_01/meshes/aws_BookB_01_collision.DAE
[0.092s] -- Up-to-date: /home/david/limbo/install/limbo_simulation/share/limbo_simulation/models/aws_robomaker_retail_BookB_01/model.config
[0.092s] -- Up-to-date: /home/david/limbo/install/limbo_simulation/share/limbo_simulation/models/aws_robomaker_retail_BookB_01/model.sdf
[0.093s] -- Up-to-date: /home/david/limbo/install/limbo_simulation/share/limbo_simulation/models/aws_robomaker_retail_BookshelfA_01
[0.093s] -- Up-to-date: /home/david/limbo/install/limbo_simulation/share/limbo_simulation/models/aws_robomaker_retail_BookshelfA_01/materials
[0.093s] -- Up-to-date: /home/david/limbo/install/limbo_simulation/share/limbo_simulation/models/aws_robomaker_retail_BookshelfA_01/materials/textures
[0.093s] -- Up-to-date: /home/david/limbo/install/limbo_simulation/share/limbo_simulation/models/aws_robomaker_retail_BookshelfA_01/materials/textures/aws_BookshelfA_03.png
[0.093s] -- Up-to-date: /home/david/limbo/install/limbo_simulation/share/limbo_simulation/models/aws_robomaker_retail_BookshelfA_01/materials/textures/aws_BookshelfA_01.png
[0.093s] -- Up-to-date: /home/david/limbo/install/limbo_simulation/share/limbo_simulation/models/aws_robomaker_retail_BookshelfA_01/materials/textures/aws_BookshelfA_02.png
[0.094s] -- Up-to-date: /home/david/limbo/install/limbo_simulation/share/limbo_simulation/models/aws_robomaker_retail_BookshelfA_01/meshes
[0.094s] -- Up-to-date: /home/david/limbo/install/limbo_simulation/share/limbo_simulation/models/aws_robomaker_retail_BookshelfA_01/meshes/aws_BookshelfA_01_collision.DAE
[0.094s] -- Up-to-date: /home/david/limbo/install/limbo_simulation/share/limbo_simulation/models/aws_robomaker_retail_BookshelfA_01/meshes/aws_BookshelfA_01_visual.DAE
[0.094s] -- Up-to-date: /home/david/limbo/install/limbo_simulation/share/limbo_simulation/models/aws_robomaker_retail_BookshelfA_01/model.config
[0.095s] -- Up-to-date: /home/david/limbo/install/limbo_simulation/share/limbo_simulation/models/aws_robomaker_retail_BookshelfA_01/model.sdf
[0.095s] -- Up-to-date: /home/david/limbo/install/limbo_simulation/share/limbo_simulation/models/aws_robomaker_retail_AirConditionerC_01
[0.095s] -- Up-to-date: /home/david/limbo/install/limbo_simulation/share/limbo_simulation/models/aws_robomaker_retail_AirConditionerC_01/materials
[0.095s] -- Up-to-date: /home/david/limbo/install/limbo_simulation/share/limbo_simulation/models/aws_robomaker_retail_AirConditionerC_01/materials/textures
[0.095s] -- Up-to-date: /home/david/limbo/install/limbo_simulation/share/limbo_simulation/models/aws_robomaker_retail_AirConditionerC_01/materials/textures/aws_AirConditionerC_01.png
[0.095s] -- Up-to-date: /home/david/limbo/install/limbo_simulation/share/limbo_simulation/models/aws_robomaker_retail_AirConditionerC_01/meshes
[0.095s] -- Up-to-date: /home/david/limbo/install/limbo_simulation/share/limbo_simulation/models/aws_robomaker_retail_AirConditionerC_01/meshes/aws_AirConditionerC_01_visual.DAE
[0.096s] -- Up-to-date: /home/david/limbo/install/limbo_simulation/share/limbo_simulation/models/aws_robomaker_retail_AirConditionerC_01/meshes/aws_AirConditionerC_01_collision.DAE
[0.096s] -- Up-to-date: /home/david/limbo/install/limbo_simulation/share/limbo_simulation/models/aws_robomaker_retail_AirConditionerC_01/model.config
[0.096s] -- Up-to-date: /home/david/limbo/install/limbo_simulation/share/limbo_simulation/models/aws_robomaker_retail_AirConditionerC_01/model.sdf
[0.096s] -- Up-to-date: /home/david/limbo/install/limbo_simulation/share/limbo_simulation/models/aws_robomaker_retail_ShopWindow_01
[0.096s] -- Up-to-date: /home/david/limbo/install/limbo_simulation/share/limbo_simulation/models/aws_robomaker_retail_ShopWindow_01/materials
[0.096s] -- Up-to-date: /home/david/limbo/install/limbo_simulation/share/limbo_simulation/models/aws_robomaker_retail_ShopWindow_01/materials/textures
[0.097s] -- Up-to-date: /home/david/limbo/install/limbo_simulation/share/limbo_simulation/models/aws_robomaker_retail_ShopWindow_01/materials/textures/aws_ShopWindow_01.png
[0.097s] -- Up-to-date: /home/david/limbo/install/limbo_simulation/share/limbo_simulation/models/aws_robomaker_retail_ShopWindow_01/meshes
[0.097s] -- Up-to-date: /home/david/limbo/install/limbo_simulation/share/limbo_simulation/models/aws_robomaker_retail_ShopWindow_01/meshes/aws_ShopWindow_01_visual.DAE
[0.097s] -- Up-to-date: /home/david/limbo/install/limbo_simulation/share/limbo_simulation/models/aws_robomaker_retail_ShopWindow_01/meshes/aws_ShopWindow_01_collision.DAE
[0.097s] -- Up-to-date: /home/david/limbo/install/limbo_simulation/share/limbo_simulation/models/aws_robomaker_retail_ShopWindow_01/model.config
[0.097s] -- Up-to-date: /home/david/limbo/install/limbo_simulation/share/limbo_simulation/models/aws_robomaker_retail_ShopWindow_01/model.sdf
[0.098s] -- Up-to-date: /home/david/limbo/install/limbo_simulation/share/limbo_simulation/models/aws_robomaker_retail_BookF_01
[0.098s] -- Up-to-date: /home/david/limbo/install/limbo_simulation/share/limbo_simulation/models/aws_robomaker_retail_BookF_01/materials
[0.098s] -- Up-to-date: /home/david/limbo/install/limbo_simulation/share/limbo_simulation/models/aws_robomaker_retail_BookF_01/materials/textures
[0.098s] -- Up-to-date: /home/david/limbo/install/limbo_simulation/share/limbo_simulation/models/aws_robomaker_retail_BookF_01/materials/textures/aws_BookF_01.png
[0.098s] -- Up-to-date: /home/david/limbo/install/limbo_simulation/share/limbo_simulation/models/aws_robomaker_retail_BookF_01/meshes
[0.099s] -- Up-to-date: /home/david/limbo/install/limbo_simulation/share/limbo_simulation/models/aws_robomaker_retail_BookF_01/meshes/aws_BookF_01_collision.DAE
[0.100s] -- Up-to-date: /home/david/limbo/install/limbo_simulation/share/limbo_simulation/models/aws_robomaker_retail_BookF_01/meshes/aws_BookF_01_visual.DAE
[0.100s] -- Up-to-date: /home/david/limbo/install/limbo_simulation/share/limbo_simulation/models/aws_robomaker_retail_BookF_01/model.config
[0.100s] -- Up-to-date: /home/david/limbo/install/limbo_simulation/share/limbo_simulation/models/aws_robomaker_retail_BookF_01/model.sdf
[0.100s] -- Up-to-date: /home/david/limbo/install/limbo_simulation/share/limbo_simulation/models/aws_robomaker_retail_BookA_01
[0.100s] -- Up-to-date: /home/david/limbo/install/limbo_simulation/share/limbo_simulation/models/aws_robomaker_retail_BookA_01/materials
[0.100s] -- Up-to-date: /home/david/limbo/install/limbo_simulation/share/limbo_simulation/models/aws_robomaker_retail_BookA_01/materials/textures
[0.101s] -- Up-to-date: /home/david/limbo/install/limbo_simulation/share/limbo_simulation/models/aws_robomaker_retail_BookA_01/materials/textures/aws_BookA_01.png
[0.101s] -- Up-to-date: /home/david/limbo/install/limbo_simulation/share/limbo_simulation/models/aws_robomaker_retail_BookA_01/meshes
[0.101s] -- Up-to-date: /home/david/limbo/install/limbo_simulation/share/limbo_simulation/models/aws_robomaker_retail_BookA_01/meshes/aws_BookA_01_visual.DAE
[0.101s] -- Up-to-date: /home/david/limbo/install/limbo_simulation/share/limbo_simulation/models/aws_robomaker_retail_BookA_01/meshes/aws_BookA_01_collision.DAE
[0.101s] -- Up-to-date: /home/david/limbo/install/limbo_simulation/share/limbo_simulation/models/aws_robomaker_retail_BookA_01/model.config
[0.101s] -- Up-to-date: /home/david/limbo/install/limbo_simulation/share/limbo_simulation/models/aws_robomaker_retail_BookA_01/model.sdf
[0.102s] -- Up-to-date: /home/david/limbo/install/limbo_simulation/share/limbo_simulation/models/aws_robomaker_retail_RetailShopCeiling_01
[0.102s] -- Up-to-date: /home/david/limbo/install/limbo_simulation/share/limbo_simulation/models/aws_robomaker_retail_RetailShopCeiling_01/materials
[0.102s] -- Up-to-date: /home/david/limbo/install/limbo_simulation/share/limbo_simulation/models/aws_robomaker_retail_RetailShopCeiling_01/materials/textures
[0.102s] -- Up-to-date: /home/david/limbo/install/limbo_simulation/share/limbo_simulation/models/aws_robomaker_retail_RetailShopCeiling_01/materials/textures/aws_RetailShopCeiling_01.png
[0.102s] -- Up-to-date: /home/david/limbo/install/limbo_simulation/share/limbo_simulation/models/aws_robomaker_retail_RetailShopCeiling_01/meshes
[0.103s] -- Up-to-date: /home/david/limbo/install/limbo_simulation/share/limbo_simulation/models/aws_robomaker_retail_RetailShopCeiling_01/meshes/aws_RetailShopCeiling_01_visual.DAE
[0.103s] -- Up-to-date: /home/david/limbo/install/limbo_simulation/share/limbo_simulation/models/aws_robomaker_retail_RetailShopCeiling_01/meshes/aws_RetailShopCeiling_01_collision.DAE
[0.103s] -- Up-to-date: /home/david/limbo/install/limbo_simulation/share/limbo_simulation/models/aws_robomaker_retail_RetailShopCeiling_01/model.config
[0.103s] -- Up-to-date: /home/david/limbo/install/limbo_simulation/share/limbo_simulation/models/aws_robomaker_retail_RetailShopCeiling_01/model.sdf
[0.103s] -- Up-to-date: /home/david/limbo/install/limbo_simulation/share/limbo_simulation/models/aws_robomaker_retail_ChairB_01
[0.104s] -- Up-to-date: /home/david/limbo/install/limbo_simulation/share/limbo_simulation/models/aws_robomaker_retail_ChairB_01/materials
[0.104s] -- Up-to-date: /home/david/limbo/install/limbo_simulation/share/limbo_simulation/models/aws_robomaker_retail_ChairB_01/materials/textures
[0.104s] -- Up-to-date: /home/david/limbo/install/limbo_simulation/share/limbo_simulation/models/aws_robomaker_retail_ChairB_01/materials/textures/aws_ChairB_01.png
[0.104s] -- Up-to-date: /home/david/limbo/install/limbo_simulation/share/limbo_simulation/models/aws_robomaker_retail_ChairB_01/meshes
[0.104s] -- Up-to-date: /home/david/limbo/install/limbo_simulation/share/limbo_simulation/models/aws_robomaker_retail_ChairB_01/meshes/aws_ChairB_01_visual.DAE
[0.104s] -- Up-to-date: /home/david/limbo/install/limbo_simulation/share/limbo_simulation/models/aws_robomaker_retail_ChairB_01/meshes/aws_ChairB_01_collision.DAE
[0.105s] -- Up-to-date: /home/david/limbo/install/limbo_simulation/share/limbo_simulation/models/aws_robomaker_retail_ChairB_01/model.config
[0.105s] -- Up-to-date: /home/david/limbo/install/limbo_simulation/share/limbo_simulation/models/aws_robomaker_retail_ChairB_01/model.sdf
[0.105s] -- Up-to-date: /home/david/limbo/install/limbo_simulation/share/limbo_simulation/models/aws_robomaker_retail_BookshelfC_01
[0.105s] -- Up-to-date: /home/david/limbo/install/limbo_simulation/share/limbo_simulation/models/aws_robomaker_retail_BookshelfC_01/materials
[0.105s] -- Up-to-date: /home/david/limbo/install/limbo_simulation/share/limbo_simulation/models/aws_robomaker_retail_BookshelfC_01/materials/textures
[0.105s] -- Up-to-date: /home/david/limbo/install/limbo_simulation/share/limbo_simulation/models/aws_robomaker_retail_BookshelfC_01/materials/textures/aws_BookshelfC_01.png
[0.106s] -- Up-to-date: /home/david/limbo/install/limbo_simulation/share/limbo_simulation/models/aws_robomaker_retail_BookshelfC_01/meshes
[0.106s] -- Up-to-date: /home/david/limbo/install/limbo_simulation/share/limbo_simulation/models/aws_robomaker_retail_BookshelfC_01/meshes/aws_BookshelfC_01_collision.DAE
[0.106s] -- Up-to-date: /home/david/limbo/install/limbo_simulation/share/limbo_simulation/models/aws_robomaker_retail_BookshelfC_01/meshes/aws_BookshelfC_01_visual.DAE
[0.106s] -- Up-to-date: /home/david/limbo/install/limbo_simulation/share/limbo_simulation/models/aws_robomaker_retail_BookshelfC_01/model.config
[0.106s] -- Up-to-date: /home/david/limbo/install/limbo_simulation/share/limbo_simulation/models/aws_robomaker_retail_BookshelfC_01/model.sdf
[0.107s] -- Up-to-date: /home/david/limbo/install/limbo_simulation/share/limbo_simulation/models/aws_robomaker_retail_DeskA_01
[0.107s] -- Up-to-date: /home/david/limbo/install/limbo_simulation/share/limbo_simulation/models/aws_robomaker_retail_DeskA_01/materials
[0.107s] -- Up-to-date: /home/david/limbo/install/limbo_simulation/share/limbo_simulation/models/aws_robomaker_retail_DeskA_01/materials/textures
[0.107s] -- Up-to-date: /home/david/limbo/install/limbo_simulation/share/limbo_simulation/models/aws_robomaker_retail_DeskA_01/materials/textures/aws_DeskA_02.png
[0.107s] -- Up-to-date: /home/david/limbo/install/limbo_simulation/share/limbo_simulation/models/aws_robomaker_retail_DeskA_01/materials/textures/aws_DeskA_03.png
[0.108s] -- Up-to-date: /home/david/limbo/install/limbo_simulation/share/limbo_simulation/models/aws_robomaker_retail_DeskA_01/materials/textures/aws_DeskA_01.png
[0.108s] -- Up-to-date: /home/david/limbo/install/limbo_simulation/share/limbo_simulation/models/aws_robomaker_retail_DeskA_01/meshes
[0.109s] -- Up-to-date: /home/david/limbo/install/limbo_simulation/share/limbo_simulation/models/aws_robomaker_retail_DeskA_01/meshes/aws_DeskA_01_collision.DAE
[0.109s] -- Up-to-date: /home/david/limbo/install/limbo_simulation/share/limbo_simulation/models/aws_robomaker_retail_DeskA_01/meshes/aws_DeskA_01_visual.DAE
[0.109s] -- Up-to-date: /home/david/limbo/install/limbo_simulation/share/limbo_simulation/models/aws_robomaker_retail_DeskA_01/model.config
[0.109s] -- Up-to-date: /home/david/limbo/install/limbo_simulation/share/limbo_simulation/models/aws_robomaker_retail_DeskA_01/model.sdf
[0.109s] -- Up-to-date: /home/david/limbo/install/limbo_simulation/share/limbo_simulation/models/aws_robomaker_retail_BookshelfB_01
[0.109s] -- Up-to-date: /home/david/limbo/install/limbo_simulation/share/limbo_simulation/models/aws_robomaker_retail_BookshelfB_01/materials
[0.109s] -- Up-to-date: /home/david/limbo/install/limbo_simulation/share/limbo_simulation/models/aws_robomaker_retail_BookshelfB_01/materials/textures
[0.110s] -- Up-to-date: /home/david/limbo/install/limbo_simulation/share/limbo_simulation/models/aws_robomaker_retail_BookshelfB_01/materials/textures/aws_BookshelfB_01.png
[0.110s] -- Up-to-date: /home/david/limbo/install/limbo_simulation/share/limbo_simulation/models/aws_robomaker_retail_BookshelfB_01/materials/textures/aws_BookshelfB_02.png
[0.110s] -- Up-to-date: /home/david/limbo/install/limbo_simulation/share/limbo_simulation/models/aws_robomaker_retail_BookshelfB_01/meshes
[0.110s] -- Up-to-date: /home/david/limbo/install/limbo_simulation/share/limbo_simulation/models/aws_robomaker_retail_BookshelfB_01/meshes/aws_BookshelfB_01_collision.DAE
[0.111s] -- Up-to-date: /home/david/limbo/install/limbo_simulation/share/limbo_simulation/models/aws_robomaker_retail_BookshelfB_01/meshes/aws_BookshelfB_01_visual.DAE
[0.111s] -- Up-to-date: /home/david/limbo/install/limbo_simulation/share/limbo_simulation/models/aws_robomaker_retail_BookshelfB_01/model.config
[0.111s] -- Up-to-date: /home/david/limbo/install/limbo_simulation/share/limbo_simulation/models/aws_robomaker_retail_BookshelfB_01/model.sdf
[0.111s] -- Up-to-date: /home/david/limbo/install/limbo_simulation/share/limbo_simulation/models/aws_robomaker_retail_SmartSpeakerTall_01
[0.111s] -- Up-to-date: /home/david/limbo/install/limbo_simulation/share/limbo_simulation/models/aws_robomaker_retail_SmartSpeakerTall_01/materials
[0.111s] -- Up-to-date: /home/david/limbo/install/limbo_simulation/share/limbo_simulation/models/aws_robomaker_retail_SmartSpeakerTall_01/materials/textures
[0.112s] -- Up-to-date: /home/david/limbo/install/limbo_simulation/share/limbo_simulation/models/aws_robomaker_retail_SmartSpeakerTall_01/materials/textures/aws_SmartSpeakerTall_01.png
[0.112s] -- Up-to-date: /home/david/limbo/install/limbo_simulation/share/limbo_simulation/models/aws_robomaker_retail_SmartSpeakerTall_01/meshes
[0.112s] -- Up-to-date: /home/david/limbo/install/limbo_simulation/share/limbo_simulation/models/aws_robomaker_retail_SmartSpeakerTall_01/meshes/aws_SmartSpeakerTall_01_collision.DAE
[0.112s] -- Up-to-date: /home/david/limbo/install/limbo_simulation/share/limbo_simulation/models/aws_robomaker_retail_SmartSpeakerTall_01/meshes/aws_SmartSpeakerTall_01_visual.DAE
[0.112s] -- Up-to-date: /home/david/limbo/install/limbo_simulation/share/limbo_simulation/models/aws_robomaker_retail_SmartSpeakerTall_01/model.config
[0.112s] -- Up-to-date: /home/david/limbo/install/limbo_simulation/share/limbo_simulation/models/aws_robomaker_retail_SmartSpeakerTall_01/model.sdf
[0.112s] -- Up-to-date: /home/david/limbo/install/limbo_simulation/share/limbo_simulation/models/aws_robomaker_retail_BookE_01
[0.113s] -- Up-to-date: /home/david/limbo/install/limbo_simulation/share/limbo_simulation/models/aws_robomaker_retail_BookE_01/materials
[0.113s] -- Up-to-date: /home/david/limbo/install/limbo_simulation/share/limbo_simulation/models/aws_robomaker_retail_BookE_01/materials/textures
[0.113s] -- Up-to-date: /home/david/limbo/install/limbo_simulation/share/limbo_simulation/models/aws_robomaker_retail_BookE_01/materials/textures/aws_BookE_01.png
[0.113s] -- Up-to-date: /home/david/limbo/install/limbo_simulation/share/limbo_simulation/models/aws_robomaker_retail_BookE_01/materials/textures/aws_BookE_02.png
[0.114s] -- Up-to-date: /home/david/limbo/install/limbo_simulation/share/limbo_simulation/models/aws_robomaker_retail_BookE_01/meshes
[0.114s] -- Up-to-date: /home/david/limbo/install/limbo_simulation/share/limbo_simulation/models/aws_robomaker_retail_BookE_01/meshes/aws_BookE_01_collision.DAE
[0.114s] -- Up-to-date: /home/david/limbo/install/limbo_simulation/share/limbo_simulation/models/aws_robomaker_retail_BookE_01/meshes/aws_BookE_01_visual.DAE
[0.114s] -- Up-to-date: /home/david/limbo/install/limbo_simulation/share/limbo_simulation/models/aws_robomaker_retail_BookE_01/model.config
[0.114s] -- Up-to-date: /home/david/limbo/install/limbo_simulation/share/limbo_simulation/models/aws_robomaker_retail_BookE_01/model.sdf
[0.115s] -- Up-to-date: /home/david/limbo/install/limbo_simulation/share/limbo_simulation/models/aws_robomaker_retail_Spotlight_01
[0.115s] -- Up-to-date: /home/david/limbo/install/limbo_simulation/share/limbo_simulation/models/aws_robomaker_retail_Spotlight_01/materials
[0.115s] -- Up-to-date: /home/david/limbo/install/limbo_simulation/share/limbo_simulation/models/aws_robomaker_retail_Spotlight_01/materials/textures
[0.115s] -- Up-to-date: /home/david/limbo/install/limbo_simulation/share/limbo_simulation/models/aws_robomaker_retail_Spotlight_01/materials/textures/aws_SpotlightDiffuse_01.png
[0.115s] -- Up-to-date: /home/david/limbo/install/limbo_simulation/share/limbo_simulation/models/aws_robomaker_retail_Spotlight_01/meshes
[0.115s] -- Up-to-date: /home/david/limbo/install/limbo_simulation/share/limbo_simulation/models/aws_robomaker_retail_Spotlight_01/meshes/aws_spotlight_01_collision.DAE
[0.116s] -- Up-to-date: /home/david/limbo/install/limbo_simulation/share/limbo_simulation/models/aws_robomaker_retail_Spotlight_01/meshes/aws_spotlight_01_visual.DAE
[0.116s] -- Up-to-date: /home/david/limbo/install/limbo_simulation/share/limbo_simulation/models/aws_robomaker_retail_Spotlight_01/model.config
[0.116s] -- Up-to-date: /home/david/limbo/install/limbo_simulation/share/limbo_simulation/models/aws_robomaker_retail_Spotlight_01/model.sdf
[0.116s] -- Up-to-date: /home/david/limbo/install/limbo_simulation/share/limbo_simulation/models/aws_robomaker_retail_Tablet_01
[0.116s] -- Up-to-date: /home/david/limbo/install/limbo_simulation/share/limbo_simulation/models/aws_robomaker_retail_Tablet_01/materials
[0.117s] -- Up-to-date: /home/david/limbo/install/limbo_simulation/share/limbo_simulation/models/aws_robomaker_retail_Tablet_01/materials/textures
[0.117s] -- Up-to-date: /home/david/limbo/install/limbo_simulation/share/limbo_simulation/models/aws_robomaker_retail_Tablet_01/materials/textures/aws_Tablet_01_nologo.png
[0.118s] -- Up-to-date: /home/david/limbo/install/limbo_simulation/share/limbo_simulation/models/aws_robomaker_retail_Tablet_01/meshes
[0.118s] -- Up-to-date: /home/david/limbo/install/limbo_simulation/share/limbo_simulation/models/aws_robomaker_retail_Tablet_01/meshes/aws_Tablet_01_collision.DAE
[0.118s] -- Up-to-date: /home/david/limbo/install/limbo_simulation/share/limbo_simulation/models/aws_robomaker_retail_Tablet_01/meshes/aws_Tablet_01_visual.DAE
[0.118s] -- Up-to-date: /home/david/limbo/install/limbo_simulation/share/limbo_simulation/models/aws_robomaker_retail_Tablet_01/model.config
[0.118s] -- Up-to-date: /home/david/limbo/install/limbo_simulation/share/limbo_simulation/models/aws_robomaker_retail_Tablet_01/model.sdf
[0.119s] -- Up-to-date: /home/david/limbo/install/limbo_simulation/share/limbo_simulation/models/aws_robomaker_retail_BookstoreLogo_01
[0.119s] -- Up-to-date: /home/david/limbo/install/limbo_simulation/share/limbo_simulation/models/aws_robomaker_retail_BookstoreLogo_01/materials
[0.119s] -- Up-to-date: /home/david/limbo/install/limbo_simulation/share/limbo_simulation/models/aws_robomaker_retail_BookstoreLogo_01/materials/textures
[0.119s] -- Up-to-date: /home/david/limbo/install/limbo_simulation/share/limbo_simulation/models/aws_robomaker_retail_BookstoreLogo_01/materials/textures/aws_BookstoreLogo_01.png
[0.119s] -- Up-to-date: /home/david/limbo/install/limbo_simulation/share/limbo_simulation/models/aws_robomaker_retail_BookstoreLogo_01/meshes
[0.120s] -- Up-to-date: /home/david/limbo/install/limbo_simulation/share/limbo_simulation/models/aws_robomaker_retail_BookstoreLogo_01/meshes/aws_BookstoreLogo_01_visual.DAE
[0.120s] -- Up-to-date: /home/david/limbo/install/limbo_simulation/share/limbo_simulation/models/aws_robomaker_retail_BookstoreLogo_01/meshes/aws_BookstoreLogo_01_collision.DAE
[0.120s] -- Up-to-date: /home/david/limbo/install/limbo_simulation/share/limbo_simulation/models/aws_robomaker_retail_BookstoreLogo_01/model.config
[0.120s] -- Up-to-date: /home/david/limbo/install/limbo_simulation/share/limbo_simulation/models/aws_robomaker_retail_BookstoreLogo_01/model.sdf
[0.120s] -- Up-to-date: /home/david/limbo/install/limbo_simulation/share/ament_index/resource_index/package_run_dependencies/limbo_simulation
[0.120s] -- Up-to-date: /home/david/limbo/install/limbo_simulation/share/ament_index/resource_index/parent_prefix_path/limbo_simulation
[0.121s] -- Up-to-date: /home/david/limbo/install/limbo_simulation/share/limbo_simulation/environment/ament_prefix_path.sh
[0.121s] -- Up-to-date: /home/david/limbo/install/limbo_simulation/share/limbo_simulation/environment/ament_prefix_path.dsv
[0.121s] -- Up-to-date: /home/david/limbo/install/limbo_simulation/share/limbo_simulation/environment/path.sh
[0.121s] -- Up-to-date: /home/david/limbo/install/limbo_simulation/share/limbo_simulation/environment/path.dsv
[0.121s] -- Up-to-date: /home/david/limbo/install/limbo_simulation/share/limbo_simulation/local_setup.bash
[0.121s] -- Up-to-date: /home/david/limbo/install/limbo_simulation/share/limbo_simulation/local_setup.sh
[0.122s] -- Up-to-date: /home/david/limbo/install/limbo_simulation/share/limbo_simulation/local_setup.zsh
[0.122s] -- Up-to-date: /home/david/limbo/install/limbo_simulation/share/limbo_simulation/local_setup.dsv
[0.122s] -- Installing: /home/david/limbo/install/limbo_simulation/share/limbo_simulation/package.dsv
[0.122s] -- Up-to-date: /home/david/limbo/install/limbo_simulation/share/ament_index/resource_index/packages/limbo_simulation
[0.123s] -- Up-to-date: /home/david/limbo/install/limbo_simulation/share/limbo_simulation/cmake/limbo_simulationConfig.cmake
[0.123s] -- Up-to-date: /home/david/limbo/install/limbo_simulation/share/limbo_simulation/cmake/limbo_simulationConfig-version.cmake
[0.123s] -- Up-to-date: /home/david/limbo/install/limbo_simulation/share/limbo_simulation/package.xml
[0.126s] Invoked command in '/home/david/limbo/build/limbo_simulation' returned '0': CMAKE_PREFIX_PATH=${CMAKE_PREFIX_PATH}:/opt/ros/jazzy DEBUGINFOD_URLS=https://debuginfod.ubuntu.com /usr/bin/cmake --install /home/david/limbo/build/limbo_simulation
