[0.018s] Invoking command in '/home/david/limbo/build/limbo_description': CMAKE_PREFIX_PATH=${CMAKE_PREFIX_PATH}:/opt/ros/jazzy DEBUGINFOD_URLS=https://debuginfod.ubuntu.com /usr/bin/cmake --build /home/david/limbo/build/limbo_description -- -j12 -l12
[0.036s] -- Found ament_cmake: 2.5.6 (/opt/ros/jazzy/share/ament_cmake/cmake)
[0.211s] -- Found ament_lint_auto: 0.17.5 (/opt/ros/jazzy/share/ament_lint_auto/cmake)
[0.281s] -- Added test 'flake8' to check Python code syntax and style conventions
[0.281s] -- Configured 'flake8' exclude dirs and/or files: 
[0.281s] -- Added test 'lint_cmake' to check CMake code style
[0.282s] -- Added test 'pep257' to check Python code against some of the docstring style conventions in PEP 257
[0.282s] -- Added test 'xmllint' to check XML markup files
[0.283s] -- Configuring done (0.3s)
[0.287s] -- Generating done (0.0s)
[0.289s] -- Build files have been written to: /home/david/limbo/build/limbo_description
[0.306s] Invoked command in '/home/david/limbo/build/limbo_description' returned '0': CMAKE_PREFIX_PATH=${CMAKE_PREFIX_PATH}:/opt/ros/jazzy DEBUGINFOD_URLS=https://debuginfod.ubuntu.com /usr/bin/cmake --build /home/david/limbo/build/limbo_description -- -j12 -l12
[0.307s] Invoking command in '/home/david/limbo/build/limbo_description': CMAKE_PREFIX_PATH=${CMAKE_PREFIX_PATH}:/opt/ros/jazzy DEBUGINFOD_URLS=https://debuginfod.ubuntu.com /usr/bin/cmake --install /home/david/limbo/build/limbo_description
[0.313s] -- Install configuration: ""
[0.313s] -- Up-to-date: /home/david/limbo/install/limbo_description/share/limbo_description/urdf
[0.313s] -- Up-to-date: /home/david/limbo/install/limbo_description/share/limbo_description/urdf/limbo.urdf.xacro
[0.313s] -- Up-to-date: /home/david/limbo/install/limbo_description/share/limbo_description/urdf/limbo.gazebo.xacro
[0.313s] -- Up-to-date: /home/david/limbo/install/limbo_description/share/limbo_description/meshes
[0.313s] -- Up-to-date: /home/david/limbo/install/limbo_description/share/limbo_description/meshes/right_wheel.stl
[0.313s] -- Up-to-date: /home/david/limbo/install/limbo_description/share/limbo_description/meshes/front_caster.stl
[0.313s] -- Up-to-date: /home/david/limbo/install/limbo_description/share/limbo_description/meshes/rear_caster.stl
[0.314s] -- Up-to-date: /home/david/limbo/install/limbo_description/share/limbo_description/meshes/left_wheel.stl
[0.314s] -- Up-to-date: /home/david/limbo/install/limbo_description/share/limbo_description/meshes/body.stl
[0.314s] -- Up-to-date: /home/david/limbo/install/limbo_description/share/limbo_description/launch
[0.314s] -- Up-to-date: /home/david/limbo/install/limbo_description/share/limbo_description/launch/display_generated.launch.py
[0.314s] -- Up-to-date: /home/david/limbo/install/limbo_description/share/limbo_description/rviz
[0.314s] -- Up-to-date: /home/david/limbo/install/limbo_description/share/ament_index/resource_index/package_run_dependencies/limbo_description
[0.314s] -- Installing: /home/david/limbo/install/limbo_description/share/ament_index/resource_index/parent_prefix_path/limbo_description
[0.314s] -- Up-to-date: /home/david/limbo/install/limbo_description/share/limbo_description/environment/ament_prefix_path.sh
[0.314s] -- Up-to-date: /home/david/limbo/install/limbo_description/share/limbo_description/environment/ament_prefix_path.dsv
[0.314s] -- Up-to-date: /home/david/limbo/install/limbo_description/share/limbo_description/environment/path.sh
[0.314s] -- Up-to-date: /home/david/limbo/install/limbo_description/share/limbo_description/environment/path.dsv
[0.314s] -- Up-to-date: /home/david/limbo/install/limbo_description/share/limbo_description/local_setup.bash
[0.315s] -- Up-to-date: /home/david/limbo/install/limbo_description/share/limbo_description/local_setup.sh
[0.315s] -- Up-to-date: /home/david/limbo/install/limbo_description/share/limbo_description/local_setup.zsh
[0.315s] -- Up-to-date: /home/david/limbo/install/limbo_description/share/limbo_description/local_setup.dsv
[0.315s] -- Installing: /home/david/limbo/install/limbo_description/share/limbo_description/package.dsv
[0.316s] -- Up-to-date: /home/david/limbo/install/limbo_description/share/ament_index/resource_index/packages/limbo_description
[0.316s] -- Up-to-date: /home/david/limbo/install/limbo_description/share/limbo_description/cmake/limbo_descriptionConfig.cmake
[0.316s] -- Up-to-date: /home/david/limbo/install/limbo_description/share/limbo_description/cmake/limbo_descriptionConfig-version.cmake
[0.316s] -- Up-to-date: /home/david/limbo/install/limbo_description/share/limbo_description/package.xml
[0.316s] Invoked command in '/home/david/limbo/build/limbo_description' returned '0': CMAKE_PREFIX_PATH=${CMAKE_PREFIX_PATH}:/opt/ros/jazzy DEBUGINFOD_URLS=https://debuginfod.ubuntu.com /usr/bin/cmake --install /home/david/limbo/build/limbo_description
