[0.018s] Invoking command in '/home/david/limbo/build/limbo_navigation': CMAKE_PREFIX_PATH=${CMAKE_PREFIX_PATH}:/opt/ros/jazzy DEBUGINFOD_URLS=https://debuginfod.ubuntu.com /usr/bin/cmake --build /home/david/limbo/build/limbo_navigation -- -j12 -l12
[0.052s] Invoked command in '/home/david/limbo/build/limbo_navigation' returned '0': CMAKE_PREFIX_PATH=${CMAKE_PREFIX_PATH}:/opt/ros/jazzy DEBUGINFOD_URLS=https://debuginfod.ubuntu.com /usr/bin/cmake --build /home/david/limbo/build/limbo_navigation -- -j12 -l12
[0.053s] Invoking command in '/home/david/limbo/build/limbo_navigation': CMAKE_PREFIX_PATH=${CMAKE_PREFIX_PATH}:/opt/ros/jazzy DEBUGINFOD_URLS=https://debuginfod.ubuntu.com /usr/bin/cmake --install /home/david/limbo/build/limbo_navigation
[0.063s] -- Install configuration: ""
[0.063s] -- Up-to-date: /home/david/limbo/install/limbo_navigation/share/limbo_navigation/config
[0.063s] -- Up-to-date: /home/david/limbo/install/limbo_navigation/share/limbo_navigation/maps
[0.063s] -- Up-to-date: /home/david/limbo/install/limbo_navigation/share/limbo_navigation/launch
[0.064s] -- Up-to-date: /home/david/limbo/install/limbo_navigation/share/limbo_navigation/rviz
[0.064s] -- Up-to-date: /home/david/limbo/install/limbo_navigation/share/ament_index/resource_index/package_run_dependencies/limbo_navigation
[0.064s] -- Up-to-date: /home/david/limbo/install/limbo_navigation/share/ament_index/resource_index/parent_prefix_path/limbo_navigation
[0.065s] -- Up-to-date: /home/david/limbo/install/limbo_navigation/share/limbo_navigation/environment/ament_prefix_path.sh
[0.065s] -- Up-to-date: /home/david/limbo/install/limbo_navigation/share/limbo_navigation/environment/ament_prefix_path.dsv
[0.065s] -- Up-to-date: /home/david/limbo/install/limbo_navigation/share/limbo_navigation/environment/path.sh
[0.065s] -- Up-to-date: /home/david/limbo/install/limbo_navigation/share/limbo_navigation/environment/path.dsv
[0.065s] -- Up-to-date: /home/david/limbo/install/limbo_navigation/share/limbo_navigation/local_setup.bash
[0.065s] -- Up-to-date: /home/david/limbo/install/limbo_navigation/share/limbo_navigation/local_setup.sh
[0.065s] -- Up-to-date: /home/david/limbo/install/limbo_navigation/share/limbo_navigation/local_setup.zsh
[0.065s] -- Up-to-date: /home/david/limbo/install/limbo_navigation/share/limbo_navigation/local_setup.dsv
[0.065s] -- Installing: /home/david/limbo/install/limbo_navigation/share/limbo_navigation/package.dsv
[0.065s] -- Up-to-date: /home/david/limbo/install/limbo_navigation/share/ament_index/resource_index/packages/limbo_navigation
[0.066s] -- Up-to-date: /home/david/limbo/install/limbo_navigation/share/limbo_navigation/cmake/limbo_navigationConfig.cmake
[0.066s] -- Up-to-date: /home/david/limbo/install/limbo_navigation/share/limbo_navigation/cmake/limbo_navigationConfig-version.cmake
[0.066s] -- Up-to-date: /home/david/limbo/install/limbo_navigation/share/limbo_navigation/package.xml
[0.110s] Invoked command in '/home/david/limbo/build/limbo_navigation' returned '0': CMAKE_PREFIX_PATH=${CMAKE_PREFIX_PATH}:/opt/ros/jazzy DEBUGINFOD_URLS=https://debuginfod.ubuntu.com /usr/bin/cmake --install /home/david/limbo/build/limbo_navigation
