[0.107s] DEBUG:colcon:Command line arguments: ['/usr/bin/colcon', 'build']
[0.107s] DEBUG:colcon:Parsed command line arguments: Namespace(log_base=None, log_level=None, verb_name='build', build_base='build', install_base='install', merge_install=False, symlink_install=False, test_result_base=None, continue_on_error=False, executor='parallel', parallel_workers=12, event_handlers=None, ignore_user_meta=False, metas=['./colcon.meta'], base_paths=['.'], packages_ignore=None, packages_ignore_regex=None, paths=None, packages_up_to=None, packages_up_to_regex=None, packages_above=None, packages_above_and_dependencies=None, packages_above_depth=None, packages_select_by_dep=None, packages_skip_by_dep=None, packages_skip_up_to=None, packages_select_build_failed=False, packages_skip_build_finished=False, packages_select_test_failures=False, packages_skip_test_passed=False, packages_select=None, packages_skip=None, packages_select_regex=None, packages_skip_regex=None, packages_start=None, packages_end=None, allow_overriding=[], cmake_args=None, cmake_target=None, cmake_target_skip_unavailable=False, cmake_clean_cache=False, cmake_clean_first=False, cmake_force_configure=False, ament_cmake_args=None, catkin_cmake_args=None, catkin_skip_building_tests=False, mixin_files=None, mixin=None, verb_parser=<colcon_mixin.mixin.mixin_argument.MixinArgumentDecorator object at 0x7edfb0a899d0>, verb_extension=<colcon_core.verb.build.BuildVerb object at 0x7edfb0a89490>, main=<bound method BuildVerb.main of <colcon_core.verb.build.BuildVerb object at 0x7edfb0a89490>>, mixin_verb=('build',))
[0.137s] Level 1:colcon.colcon_core.package_discovery:discover_packages(colcon_meta) check parameters
[0.137s] Level 1:colcon.colcon_core.package_discovery:discover_packages(recursive) check parameters
[0.137s] Level 1:colcon.colcon_core.package_discovery:discover_packages(ignore) check parameters
[0.137s] Level 1:colcon.colcon_core.package_discovery:discover_packages(path) check parameters
[0.137s] Level 1:colcon.colcon_core.package_discovery:discover_packages(colcon_meta) discover
[0.137s] Level 1:colcon.colcon_core.package_discovery:discover_packages(recursive) discover
[0.137s] INFO:colcon.colcon_core.package_discovery:Crawling recursively for packages in '/home/david/limbo'
[0.137s] Level 1:colcon.colcon_core.package_identification:_identify(.) by extensions ['ignore', 'ignore_ament_install']
[0.137s] Level 1:colcon.colcon_core.package_identification:_identify(.) by extension 'ignore'
[0.138s] Level 1:colcon.colcon_core.package_identification:_identify(.) by extension 'ignore_ament_install'
[0.138s] Level 1:colcon.colcon_core.package_identification:_identify(.) by extensions ['colcon_pkg']
[0.138s] Level 1:colcon.colcon_core.package_identification:_identify(.) by extension 'colcon_pkg'
[0.138s] Level 1:colcon.colcon_core.package_identification:_identify(.) by extensions ['colcon_meta']
[0.138s] Level 1:colcon.colcon_core.package_identification:_identify(.) by extension 'colcon_meta'
[0.138s] Level 1:colcon.colcon_core.package_identification:_identify(.) by extensions ['ros']
[0.138s] Level 1:colcon.colcon_core.package_identification:_identify(.) by extension 'ros'
[0.159s] Level 1:colcon.colcon_core.package_identification:_identify(.) by extensions ['cmake', 'python']
[0.159s] Level 1:colcon.colcon_core.package_identification:_identify(.) by extension 'cmake'
[0.159s] Level 1:colcon.colcon_core.package_identification:_identify(.) by extension 'python'
[0.159s] Level 1:colcon.colcon_core.package_identification:_identify(.) by extensions ['python_setup_py']
[0.159s] Level 1:colcon.colcon_core.package_identification:_identify(.) by extension 'python_setup_py'
[0.160s] Level 1:colcon.colcon_core.package_identification:_identify(build) by extensions ['ignore', 'ignore_ament_install']
[0.160s] Level 1:colcon.colcon_core.package_identification:_identify(build) by extension 'ignore'
[0.160s] Level 1:colcon.colcon_core.package_identification:_identify(build) ignored
[0.160s] Level 1:colcon.colcon_core.package_identification:_identify(install) by extensions ['ignore', 'ignore_ament_install']
[0.160s] Level 1:colcon.colcon_core.package_identification:_identify(install) by extension 'ignore'
[0.160s] Level 1:colcon.colcon_core.package_identification:_identify(install) ignored
[0.160s] Level 1:colcon.colcon_core.package_identification:_identify(log) by extensions ['ignore', 'ignore_ament_install']
[0.160s] Level 1:colcon.colcon_core.package_identification:_identify(log) by extension 'ignore'
[0.160s] Level 1:colcon.colcon_core.package_identification:_identify(log) ignored
[0.160s] Level 1:colcon.colcon_core.package_identification:_identify(src) by extensions ['ignore', 'ignore_ament_install']
[0.160s] Level 1:colcon.colcon_core.package_identification:_identify(src) by extension 'ignore'
[0.160s] Level 1:colcon.colcon_core.package_identification:_identify(src) by extension 'ignore_ament_install'
[0.160s] Level 1:colcon.colcon_core.package_identification:_identify(src) by extensions ['colcon_pkg']
[0.160s] Level 1:colcon.colcon_core.package_identification:_identify(src) by extension 'colcon_pkg'
[0.160s] Level 1:colcon.colcon_core.package_identification:_identify(src) by extensions ['colcon_meta']
[0.161s] Level 1:colcon.colcon_core.package_identification:_identify(src) by extension 'colcon_meta'
[0.161s] Level 1:colcon.colcon_core.package_identification:_identify(src) by extensions ['ros']
[0.161s] Level 1:colcon.colcon_core.package_identification:_identify(src) by extension 'ros'
[0.161s] Level 1:colcon.colcon_core.package_identification:_identify(src) by extensions ['cmake', 'python']
[0.161s] Level 1:colcon.colcon_core.package_identification:_identify(src) by extension 'cmake'
[0.161s] Level 1:colcon.colcon_core.package_identification:_identify(src) by extension 'python'
[0.161s] Level 1:colcon.colcon_core.package_identification:_identify(src) by extensions ['python_setup_py']
[0.161s] Level 1:colcon.colcon_core.package_identification:_identify(src) by extension 'python_setup_py'
[0.161s] Level 1:colcon.colcon_core.package_identification:_identify(src/build) by extensions ['ignore', 'ignore_ament_install']
[0.161s] Level 1:colcon.colcon_core.package_identification:_identify(src/build) by extension 'ignore'
[0.161s] Level 1:colcon.colcon_core.package_identification:_identify(src/build) ignored
[0.161s] Level 1:colcon.colcon_core.package_identification:_identify(src/install) by extensions ['ignore', 'ignore_ament_install']
[0.161s] Level 1:colcon.colcon_core.package_identification:_identify(src/install) by extension 'ignore'
[0.161s] Level 1:colcon.colcon_core.package_identification:_identify(src/install) ignored
[0.161s] Level 1:colcon.colcon_core.package_identification:_identify(src/limbo_bringup) by extensions ['ignore', 'ignore_ament_install']
[0.161s] Level 1:colcon.colcon_core.package_identification:_identify(src/limbo_bringup) by extension 'ignore'
[0.161s] Level 1:colcon.colcon_core.package_identification:_identify(src/limbo_bringup) by extension 'ignore_ament_install'
[0.161s] Level 1:colcon.colcon_core.package_identification:_identify(src/limbo_bringup) by extensions ['colcon_pkg']
[0.161s] Level 1:colcon.colcon_core.package_identification:_identify(src/limbo_bringup) by extension 'colcon_pkg'
[0.161s] Level 1:colcon.colcon_core.package_identification:_identify(src/limbo_bringup) by extensions ['colcon_meta']
[0.162s] Level 1:colcon.colcon_core.package_identification:_identify(src/limbo_bringup) by extension 'colcon_meta'
[0.162s] Level 1:colcon.colcon_core.package_identification:_identify(src/limbo_bringup) by extensions ['ros']
[0.162s] Level 1:colcon.colcon_core.package_identification:_identify(src/limbo_bringup) by extension 'ros'
[0.163s] DEBUG:colcon.colcon_core.package_identification:Package 'src/limbo_bringup' with type 'ros.ament_cmake' and name 'limbo_bringup'
[0.163s] Level 1:colcon.colcon_core.package_identification:_identify(src/limbo_description) by extensions ['ignore', 'ignore_ament_install']
[0.164s] Level 1:colcon.colcon_core.package_identification:_identify(src/limbo_description) by extension 'ignore'
[0.164s] Level 1:colcon.colcon_core.package_identification:_identify(src/limbo_description) by extension 'ignore_ament_install'
[0.164s] Level 1:colcon.colcon_core.package_identification:_identify(src/limbo_description) by extensions ['colcon_pkg']
[0.164s] Level 1:colcon.colcon_core.package_identification:_identify(src/limbo_description) by extension 'colcon_pkg'
[0.164s] Level 1:colcon.colcon_core.package_identification:_identify(src/limbo_description) by extensions ['colcon_meta']
[0.164s] Level 1:colcon.colcon_core.package_identification:_identify(src/limbo_description) by extension 'colcon_meta'
[0.164s] Level 1:colcon.colcon_core.package_identification:_identify(src/limbo_description) by extensions ['ros']
[0.164s] Level 1:colcon.colcon_core.package_identification:_identify(src/limbo_description) by extension 'ros'
[0.164s] DEBUG:colcon.colcon_core.package_identification:Package 'src/limbo_description' with type 'ros.ament_cmake' and name 'limbo_description'
[0.164s] Level 1:colcon.colcon_core.package_identification:_identify(src/limbo_navigation) by extensions ['ignore', 'ignore_ament_install']
[0.164s] Level 1:colcon.colcon_core.package_identification:_identify(src/limbo_navigation) by extension 'ignore'
[0.164s] Level 1:colcon.colcon_core.package_identification:_identify(src/limbo_navigation) by extension 'ignore_ament_install'
[0.165s] Level 1:colcon.colcon_core.package_identification:_identify(src/limbo_navigation) by extensions ['colcon_pkg']
[0.165s] Level 1:colcon.colcon_core.package_identification:_identify(src/limbo_navigation) by extension 'colcon_pkg'
[0.165s] Level 1:colcon.colcon_core.package_identification:_identify(src/limbo_navigation) by extensions ['colcon_meta']
[0.165s] Level 1:colcon.colcon_core.package_identification:_identify(src/limbo_navigation) by extension 'colcon_meta'
[0.165s] Level 1:colcon.colcon_core.package_identification:_identify(src/limbo_navigation) by extensions ['ros']
[0.165s] Level 1:colcon.colcon_core.package_identification:_identify(src/limbo_navigation) by extension 'ros'
[0.165s] DEBUG:colcon.colcon_core.package_identification:Package 'src/limbo_navigation' with type 'ros.ament_cmake' and name 'limbo_navigation'
[0.165s] Level 1:colcon.colcon_core.package_identification:_identify(src/limbo_simulation) by extensions ['ignore', 'ignore_ament_install']
[0.165s] Level 1:colcon.colcon_core.package_identification:_identify(src/limbo_simulation) by extension 'ignore'
[0.165s] Level 1:colcon.colcon_core.package_identification:_identify(src/limbo_simulation) by extension 'ignore_ament_install'
[0.165s] Level 1:colcon.colcon_core.package_identification:_identify(src/limbo_simulation) by extensions ['colcon_pkg']
[0.165s] Level 1:colcon.colcon_core.package_identification:_identify(src/limbo_simulation) by extension 'colcon_pkg'
[0.165s] Level 1:colcon.colcon_core.package_identification:_identify(src/limbo_simulation) by extensions ['colcon_meta']
[0.165s] Level 1:colcon.colcon_core.package_identification:_identify(src/limbo_simulation) by extension 'colcon_meta'
[0.165s] Level 1:colcon.colcon_core.package_identification:_identify(src/limbo_simulation) by extensions ['ros']
[0.165s] Level 1:colcon.colcon_core.package_identification:_identify(src/limbo_simulation) by extension 'ros'
[0.166s] DEBUG:colcon.colcon_core.package_identification:Package 'src/limbo_simulation' with type 'ros.ament_cmake' and name 'limbo_simulation'
[0.166s] Level 1:colcon.colcon_core.package_identification:_identify(src/log) by extensions ['ignore', 'ignore_ament_install']
[0.166s] Level 1:colcon.colcon_core.package_identification:_identify(src/log) by extension 'ignore'
[0.166s] Level 1:colcon.colcon_core.package_identification:_identify(src/log) ignored
[0.166s] Level 1:colcon.colcon_core.package_discovery:discover_packages(recursive) using defaults
[0.166s] Level 1:colcon.colcon_core.package_discovery:discover_packages(ignore) discover
[0.166s] Level 1:colcon.colcon_core.package_discovery:discover_packages(ignore) using defaults
[0.166s] Level 1:colcon.colcon_core.package_discovery:discover_packages(path) discover
[0.166s] Level 1:colcon.colcon_core.package_discovery:discover_packages(path) using defaults
[0.182s] Level 1:colcon.colcon_core.package_discovery:discover_packages(prefix_path) check parameters
[0.182s] Level 1:colcon.colcon_core.package_discovery:discover_packages(prefix_path) discover
[0.183s] DEBUG:colcon.colcon_installed_package_information.package_discovery:Found 4 installed packages in /home/david/limbo/install
[0.185s] DEBUG:colcon.colcon_installed_package_information.package_discovery:Found 403 installed packages in /opt/ros/jazzy
[0.186s] Level 1:colcon.colcon_core.package_discovery:discover_packages(prefix_path) using defaults
[0.237s] Level 5:colcon.colcon_core.verb:set package 'limbo_bringup' build argument 'cmake_args' from command line to 'None'
[0.237s] Level 5:colcon.colcon_core.verb:set package 'limbo_bringup' build argument 'cmake_target' from command line to 'None'
[0.237s] Level 5:colcon.colcon_core.verb:set package 'limbo_bringup' build argument 'cmake_target_skip_unavailable' from command line to 'False'
[0.237s] Level 5:colcon.colcon_core.verb:set package 'limbo_bringup' build argument 'cmake_clean_cache' from command line to 'False'
[0.237s] Level 5:colcon.colcon_core.verb:set package 'limbo_bringup' build argument 'cmake_clean_first' from command line to 'False'
[0.237s] Level 5:colcon.colcon_core.verb:set package 'limbo_bringup' build argument 'cmake_force_configure' from command line to 'False'
[0.237s] Level 5:colcon.colcon_core.verb:set package 'limbo_bringup' build argument 'ament_cmake_args' from command line to 'None'
[0.237s] Level 5:colcon.colcon_core.verb:set package 'limbo_bringup' build argument 'catkin_cmake_args' from command line to 'None'
[0.237s] Level 5:colcon.colcon_core.verb:set package 'limbo_bringup' build argument 'catkin_skip_building_tests' from command line to 'False'
[0.237s] DEBUG:colcon.colcon_core.verb:Building package 'limbo_bringup' with the following arguments: {'ament_cmake_args': None, 'build_base': '/home/david/limbo/build/limbo_bringup', 'catkin_cmake_args': None, 'catkin_skip_building_tests': False, 'cmake_args': None, 'cmake_clean_cache': False, 'cmake_clean_first': False, 'cmake_force_configure': False, 'cmake_target': None, 'cmake_target_skip_unavailable': False, 'install_base': '/home/david/limbo/install/limbo_bringup', 'merge_install': False, 'path': '/home/david/limbo/src/limbo_bringup', 'symlink_install': False, 'test_result_base': None}
[0.238s] Level 5:colcon.colcon_core.verb:set package 'limbo_description' build argument 'cmake_args' from command line to 'None'
[0.238s] Level 5:colcon.colcon_core.verb:set package 'limbo_description' build argument 'cmake_target' from command line to 'None'
[0.238s] Level 5:colcon.colcon_core.verb:set package 'limbo_description' build argument 'cmake_target_skip_unavailable' from command line to 'False'
[0.238s] Level 5:colcon.colcon_core.verb:set package 'limbo_description' build argument 'cmake_clean_cache' from command line to 'False'
[0.238s] Level 5:colcon.colcon_core.verb:set package 'limbo_description' build argument 'cmake_clean_first' from command line to 'False'
[0.238s] Level 5:colcon.colcon_core.verb:set package 'limbo_description' build argument 'cmake_force_configure' from command line to 'False'
[0.238s] Level 5:colcon.colcon_core.verb:set package 'limbo_description' build argument 'ament_cmake_args' from command line to 'None'
[0.238s] Level 5:colcon.colcon_core.verb:set package 'limbo_description' build argument 'catkin_cmake_args' from command line to 'None'
[0.238s] Level 5:colcon.colcon_core.verb:set package 'limbo_description' build argument 'catkin_skip_building_tests' from command line to 'False'
[0.238s] DEBUG:colcon.colcon_core.verb:Building package 'limbo_description' with the following arguments: {'ament_cmake_args': None, 'build_base': '/home/david/limbo/build/limbo_description', 'catkin_cmake_args': None, 'catkin_skip_building_tests': False, 'cmake_args': None, 'cmake_clean_cache': False, 'cmake_clean_first': False, 'cmake_force_configure': False, 'cmake_target': None, 'cmake_target_skip_unavailable': False, 'install_base': '/home/david/limbo/install/limbo_description', 'merge_install': False, 'path': '/home/david/limbo/src/limbo_description', 'symlink_install': False, 'test_result_base': None}
[0.238s] Level 5:colcon.colcon_core.verb:set package 'limbo_navigation' build argument 'cmake_args' from command line to 'None'
[0.238s] Level 5:colcon.colcon_core.verb:set package 'limbo_navigation' build argument 'cmake_target' from command line to 'None'
[0.238s] Level 5:colcon.colcon_core.verb:set package 'limbo_navigation' build argument 'cmake_target_skip_unavailable' from command line to 'False'
[0.238s] Level 5:colcon.colcon_core.verb:set package 'limbo_navigation' build argument 'cmake_clean_cache' from command line to 'False'
[0.238s] Level 5:colcon.colcon_core.verb:set package 'limbo_navigation' build argument 'cmake_clean_first' from command line to 'False'
[0.238s] Level 5:colcon.colcon_core.verb:set package 'limbo_navigation' build argument 'cmake_force_configure' from command line to 'False'
[0.238s] Level 5:colcon.colcon_core.verb:set package 'limbo_navigation' build argument 'ament_cmake_args' from command line to 'None'
[0.238s] Level 5:colcon.colcon_core.verb:set package 'limbo_navigation' build argument 'catkin_cmake_args' from command line to 'None'
[0.238s] Level 5:colcon.colcon_core.verb:set package 'limbo_navigation' build argument 'catkin_skip_building_tests' from command line to 'False'
[0.238s] DEBUG:colcon.colcon_core.verb:Building package 'limbo_navigation' with the following arguments: {'ament_cmake_args': None, 'build_base': '/home/david/limbo/build/limbo_navigation', 'catkin_cmake_args': None, 'catkin_skip_building_tests': False, 'cmake_args': None, 'cmake_clean_cache': False, 'cmake_clean_first': False, 'cmake_force_configure': False, 'cmake_target': None, 'cmake_target_skip_unavailable': False, 'install_base': '/home/david/limbo/install/limbo_navigation', 'merge_install': False, 'path': '/home/david/limbo/src/limbo_navigation', 'symlink_install': False, 'test_result_base': None}
[0.238s] Level 5:colcon.colcon_core.verb:set package 'limbo_simulation' build argument 'cmake_args' from command line to 'None'
[0.239s] Level 5:colcon.colcon_core.verb:set package 'limbo_simulation' build argument 'cmake_target' from command line to 'None'
[0.239s] Level 5:colcon.colcon_core.verb:set package 'limbo_simulation' build argument 'cmake_target_skip_unavailable' from command line to 'False'
[0.239s] Level 5:colcon.colcon_core.verb:set package 'limbo_simulation' build argument 'cmake_clean_cache' from command line to 'False'
[0.239s] Level 5:colcon.colcon_core.verb:set package 'limbo_simulation' build argument 'cmake_clean_first' from command line to 'False'
[0.239s] Level 5:colcon.colcon_core.verb:set package 'limbo_simulation' build argument 'cmake_force_configure' from command line to 'False'
[0.239s] Level 5:colcon.colcon_core.verb:set package 'limbo_simulation' build argument 'ament_cmake_args' from command line to 'None'
[0.239s] Level 5:colcon.colcon_core.verb:set package 'limbo_simulation' build argument 'catkin_cmake_args' from command line to 'None'
[0.239s] Level 5:colcon.colcon_core.verb:set package 'limbo_simulation' build argument 'catkin_skip_building_tests' from command line to 'False'
[0.239s] DEBUG:colcon.colcon_core.verb:Building package 'limbo_simulation' with the following arguments: {'ament_cmake_args': None, 'build_base': '/home/david/limbo/build/limbo_simulation', 'catkin_cmake_args': None, 'catkin_skip_building_tests': False, 'cmake_args': None, 'cmake_clean_cache': False, 'cmake_clean_first': False, 'cmake_force_configure': False, 'cmake_target': None, 'cmake_target_skip_unavailable': False, 'install_base': '/home/david/limbo/install/limbo_simulation', 'merge_install': False, 'path': '/home/david/limbo/src/limbo_simulation', 'symlink_install': False, 'test_result_base': None}
[0.239s] INFO:colcon.colcon_core.executor:Executing jobs using 'parallel' executor
[0.240s] DEBUG:colcon.colcon_parallel_executor.executor.parallel:run_until_complete
[0.240s] INFO:colcon.colcon_ros.task.ament_cmake.build:Building ROS package in '/home/david/limbo/src/limbo_bringup' with build type 'ament_cmake'
[0.240s] INFO:colcon.colcon_cmake.task.cmake.build:Building CMake package in '/home/david/limbo/src/limbo_bringup'
[0.241s] INFO:colcon.colcon_core.plugin_system:Skipping extension 'colcon_core.shell.bat': Not used on non-Windows systems
[0.242s] INFO:colcon.colcon_core.shell:Skip shell extension 'powershell' for command environment: Not usable outside of PowerShell
[0.242s] DEBUG:colcon.colcon_core.shell:Skip shell extension 'dsv' for command environment
[0.246s] INFO:colcon.colcon_ros.task.ament_cmake.build:Building ROS package in '/home/david/limbo/src/limbo_description' with build type 'ament_cmake'
[0.246s] INFO:colcon.colcon_cmake.task.cmake.build:Building CMake package in '/home/david/limbo/src/limbo_description'
[0.246s] INFO:colcon.colcon_core.shell:Skip shell extension 'powershell' for command environment: Not usable outside of PowerShell
[0.246s] DEBUG:colcon.colcon_core.shell:Skip shell extension 'dsv' for command environment
[0.249s] INFO:colcon.colcon_ros.task.ament_cmake.build:Building ROS package in '/home/david/limbo/src/limbo_navigation' with build type 'ament_cmake'
[0.249s] INFO:colcon.colcon_cmake.task.cmake.build:Building CMake package in '/home/david/limbo/src/limbo_navigation'
[0.249s] INFO:colcon.colcon_core.shell:Skip shell extension 'powershell' for command environment: Not usable outside of PowerShell
[0.249s] DEBUG:colcon.colcon_core.shell:Skip shell extension 'dsv' for command environment
[0.252s] INFO:colcon.colcon_ros.task.ament_cmake.build:Building ROS package in '/home/david/limbo/src/limbo_simulation' with build type 'ament_cmake'
[0.252s] INFO:colcon.colcon_cmake.task.cmake.build:Building CMake package in '/home/david/limbo/src/limbo_simulation'
[0.253s] INFO:colcon.colcon_core.shell:Skip shell extension 'powershell' for command environment: Not usable outside of PowerShell
[0.253s] DEBUG:colcon.colcon_core.shell:Skip shell extension 'dsv' for command environment
[0.260s] DEBUG:colcon.colcon_core.event_handler.log_command:Invoking command in '/home/david/limbo/build/limbo_bringup': CMAKE_PREFIX_PATH=${CMAKE_PREFIX_PATH}:/opt/ros/jazzy DEBUGINFOD_URLS=https://debuginfod.ubuntu.com /usr/bin/cmake --build /home/david/limbo/build/limbo_bringup -- -j12 -l12
[0.262s] DEBUG:colcon.colcon_core.event_handler.log_command:Invoking command in '/home/david/limbo/build/limbo_description': CMAKE_PREFIX_PATH=${CMAKE_PREFIX_PATH}:/opt/ros/jazzy DEBUGINFOD_URLS=https://debuginfod.ubuntu.com /usr/bin/cmake --build /home/david/limbo/build/limbo_description -- -j12 -l12
[0.263s] DEBUG:colcon.colcon_core.event_handler.log_command:Invoking command in '/home/david/limbo/build/limbo_navigation': CMAKE_PREFIX_PATH=${CMAKE_PREFIX_PATH}:/opt/ros/jazzy DEBUGINFOD_URLS=https://debuginfod.ubuntu.com /usr/bin/cmake --build /home/david/limbo/build/limbo_navigation -- -j12 -l12
[0.268s] DEBUG:colcon.colcon_core.event_handler.log_command:Invoking command in '/home/david/limbo/build/limbo_simulation': CMAKE_PREFIX_PATH=${CMAKE_PREFIX_PATH}:/opt/ros/jazzy DEBUGINFOD_URLS=https://debuginfod.ubuntu.com /usr/bin/cmake --build /home/david/limbo/build/limbo_simulation -- -j12 -l12
[0.293s] DEBUG:colcon.colcon_core.event_handler.log_command:Invoked command in '/home/david/limbo/build/limbo_description' returned '0': CMAKE_PREFIX_PATH=${CMAKE_PREFIX_PATH}:/opt/ros/jazzy DEBUGINFOD_URLS=https://debuginfod.ubuntu.com /usr/bin/cmake --build /home/david/limbo/build/limbo_description -- -j12 -l12
[0.301s] DEBUG:colcon.colcon_core.event_handler.log_command:Invoking command in '/home/david/limbo/build/limbo_description': CMAKE_PREFIX_PATH=${CMAKE_PREFIX_PATH}:/opt/ros/jazzy DEBUGINFOD_URLS=https://debuginfod.ubuntu.com /usr/bin/cmake --install /home/david/limbo/build/limbo_description
[0.301s] DEBUG:colcon.colcon_core.event_handler.log_command:Invoked command in '/home/david/limbo/build/limbo_bringup' returned '0': CMAKE_PREFIX_PATH=${CMAKE_PREFIX_PATH}:/opt/ros/jazzy DEBUGINFOD_URLS=https://debuginfod.ubuntu.com /usr/bin/cmake --build /home/david/limbo/build/limbo_bringup -- -j12 -l12
[0.302s] DEBUG:colcon.colcon_core.event_handler.log_command:Invoking command in '/home/david/limbo/build/limbo_bringup': CMAKE_PREFIX_PATH=${CMAKE_PREFIX_PATH}:/opt/ros/jazzy DEBUGINFOD_URLS=https://debuginfod.ubuntu.com /usr/bin/cmake --install /home/david/limbo/build/limbo_bringup
[0.303s] DEBUG:colcon.colcon_core.event_handler.log_command:Invoked command in '/home/david/limbo/build/limbo_navigation' returned '0': CMAKE_PREFIX_PATH=${CMAKE_PREFIX_PATH}:/opt/ros/jazzy DEBUGINFOD_URLS=https://debuginfod.ubuntu.com /usr/bin/cmake --build /home/david/limbo/build/limbo_navigation -- -j12 -l12
[0.304s] DEBUG:colcon.colcon_core.event_handler.log_command:Invoking command in '/home/david/limbo/build/limbo_navigation': CMAKE_PREFIX_PATH=${CMAKE_PREFIX_PATH}:/opt/ros/jazzy DEBUGINFOD_URLS=https://debuginfod.ubuntu.com /usr/bin/cmake --install /home/david/limbo/build/limbo_navigation
[0.305s] DEBUG:colcon.colcon_core.event_handler.log_command:Invoked command in '/home/david/limbo/build/limbo_simulation' returned '0': CMAKE_PREFIX_PATH=${CMAKE_PREFIX_PATH}:/opt/ros/jazzy DEBUGINFOD_URLS=https://debuginfod.ubuntu.com /usr/bin/cmake --build /home/david/limbo/build/limbo_simulation -- -j12 -l12
[0.306s] DEBUG:colcon.colcon_core.event_handler.log_command:Invoking command in '/home/david/limbo/build/limbo_simulation': CMAKE_PREFIX_PATH=${CMAKE_PREFIX_PATH}:/opt/ros/jazzy DEBUGINFOD_URLS=https://debuginfod.ubuntu.com /usr/bin/cmake --install /home/david/limbo/build/limbo_simulation
[0.312s] Level 1:colcon.colcon_core.environment:create_environment_scripts_only(limbo_description)
[0.317s] Level 1:colcon.colcon_core.environment:checking '/home/david/limbo/install/limbo_description' for CMake module files
[0.318s] Level 1:colcon.colcon_core.environment:checking '/home/david/limbo/install/limbo_description' for CMake config files
[0.319s] DEBUG:colcon.colcon_core.event_handler.log_command:Invoked command in '/home/david/limbo/build/limbo_description' returned '0': CMAKE_PREFIX_PATH=${CMAKE_PREFIX_PATH}:/opt/ros/jazzy DEBUGINFOD_URLS=https://debuginfod.ubuntu.com /usr/bin/cmake --install /home/david/limbo/build/limbo_description
[0.319s] Level 1:colcon.colcon_core.shell:create_environment_hook('limbo_description', 'cmake_prefix_path')
[0.320s] INFO:colcon.colcon_core.shell:Creating environment hook '/home/david/limbo/install/limbo_description/share/limbo_description/hook/cmake_prefix_path.ps1'
[0.321s] INFO:colcon.colcon_core.shell:Creating environment descriptor '/home/david/limbo/install/limbo_description/share/limbo_description/hook/cmake_prefix_path.dsv'
[0.321s] INFO:colcon.colcon_core.shell:Creating environment hook '/home/david/limbo/install/limbo_description/share/limbo_description/hook/cmake_prefix_path.sh'
[0.322s] Level 1:colcon.colcon_core.environment:checking '/home/david/limbo/install/limbo_description/bin'
[0.323s] Level 1:colcon.colcon_core.environment:checking '/home/david/limbo/install/limbo_description/lib/pkgconfig/limbo_description.pc'
[0.323s] Level 1:colcon.colcon_core.environment:checking '/home/david/limbo/install/limbo_description/lib/python3.12/site-packages'
[0.323s] Level 1:colcon.colcon_core.environment:checking '/home/david/limbo/install/limbo_description/bin'
[0.323s] INFO:colcon.colcon_core.shell:Creating package script '/home/david/limbo/install/limbo_description/share/limbo_description/package.ps1'
[0.325s] INFO:colcon.colcon_core.shell:Creating package descriptor '/home/david/limbo/install/limbo_description/share/limbo_description/package.dsv'
[0.326s] INFO:colcon.colcon_core.shell:Creating package script '/home/david/limbo/install/limbo_description/share/limbo_description/package.sh'
[0.327s] INFO:colcon.colcon_core.shell:Creating package script '/home/david/limbo/install/limbo_description/share/limbo_description/package.bash'
[0.327s] INFO:colcon.colcon_core.shell:Creating package script '/home/david/limbo/install/limbo_description/share/limbo_description/package.zsh'
[0.328s] Level 1:colcon.colcon_core.environment:create_file_with_runtime_dependencies(/home/david/limbo/install/limbo_description/share/colcon-core/packages/limbo_description)
[0.329s] Level 1:colcon.colcon_core.environment:create_environment_scripts_only(limbo_description)
[0.329s] Level 1:colcon.colcon_core.environment:checking '/home/david/limbo/install/limbo_description' for CMake module files
[0.330s] Level 1:colcon.colcon_core.environment:checking '/home/david/limbo/install/limbo_description' for CMake config files
[0.330s] Level 1:colcon.colcon_core.shell:create_environment_hook('limbo_description', 'cmake_prefix_path')
[0.331s] INFO:colcon.colcon_core.shell:Creating environment hook '/home/david/limbo/install/limbo_description/share/limbo_description/hook/cmake_prefix_path.ps1'
[0.331s] INFO:colcon.colcon_core.shell:Creating environment descriptor '/home/david/limbo/install/limbo_description/share/limbo_description/hook/cmake_prefix_path.dsv'
[0.332s] INFO:colcon.colcon_core.shell:Creating environment hook '/home/david/limbo/install/limbo_description/share/limbo_description/hook/cmake_prefix_path.sh'
[0.333s] Level 1:colcon.colcon_core.environment:checking '/home/david/limbo/install/limbo_description/bin'
[0.333s] Level 1:colcon.colcon_core.environment:checking '/home/david/limbo/install/limbo_description/lib/pkgconfig/limbo_description.pc'
[0.333s] Level 1:colcon.colcon_core.environment:checking '/home/david/limbo/install/limbo_description/lib/python3.12/site-packages'
[0.334s] Level 1:colcon.colcon_core.environment:checking '/home/david/limbo/install/limbo_description/bin'
[0.334s] INFO:colcon.colcon_core.shell:Creating package script '/home/david/limbo/install/limbo_description/share/limbo_description/package.ps1'
[0.335s] INFO:colcon.colcon_core.shell:Creating package descriptor '/home/david/limbo/install/limbo_description/share/limbo_description/package.dsv'
[0.335s] INFO:colcon.colcon_core.shell:Creating package script '/home/david/limbo/install/limbo_description/share/limbo_description/package.sh'
[0.336s] INFO:colcon.colcon_core.shell:Creating package script '/home/david/limbo/install/limbo_description/share/limbo_description/package.bash'
[0.337s] INFO:colcon.colcon_core.shell:Creating package script '/home/david/limbo/install/limbo_description/share/limbo_description/package.zsh'
[0.338s] Level 1:colcon.colcon_core.environment:create_file_with_runtime_dependencies(/home/david/limbo/install/limbo_description/share/colcon-core/packages/limbo_description)
[0.338s] Level 1:colcon.colcon_core.environment:create_environment_scripts_only(limbo_bringup)
[0.338s] Level 1:colcon.colcon_core.environment:checking '/home/david/limbo/install/limbo_bringup' for CMake module files
[0.339s] Level 1:colcon.colcon_core.environment:checking '/home/david/limbo/install/limbo_bringup' for CMake config files
[0.342s] Level 1:colcon.colcon_core.shell:create_environment_hook('limbo_bringup', 'cmake_prefix_path')
[0.342s] INFO:colcon.colcon_core.shell:Creating environment hook '/home/david/limbo/install/limbo_bringup/share/limbo_bringup/hook/cmake_prefix_path.ps1'
[0.344s] INFO:colcon.colcon_core.shell:Creating environment descriptor '/home/david/limbo/install/limbo_bringup/share/limbo_bringup/hook/cmake_prefix_path.dsv'
[0.345s] INFO:colcon.colcon_core.shell:Creating environment hook '/home/david/limbo/install/limbo_bringup/share/limbo_bringup/hook/cmake_prefix_path.sh'
[0.346s] Level 1:colcon.colcon_core.environment:checking '/home/david/limbo/install/limbo_bringup/bin'
[0.346s] Level 1:colcon.colcon_core.environment:checking '/home/david/limbo/install/limbo_bringup/lib/pkgconfig/limbo_bringup.pc'
[0.346s] Level 1:colcon.colcon_core.environment:checking '/home/david/limbo/install/limbo_bringup/lib/python3.12/site-packages'
[0.347s] Level 1:colcon.colcon_core.environment:checking '/home/david/limbo/install/limbo_bringup/bin'
[0.347s] INFO:colcon.colcon_core.shell:Creating package script '/home/david/limbo/install/limbo_bringup/share/limbo_bringup/package.ps1'
[0.348s] INFO:colcon.colcon_core.shell:Creating package descriptor '/home/david/limbo/install/limbo_bringup/share/limbo_bringup/package.dsv'
[0.349s] INFO:colcon.colcon_core.shell:Creating package script '/home/david/limbo/install/limbo_bringup/share/limbo_bringup/package.sh'
[0.349s] INFO:colcon.colcon_core.shell:Creating package script '/home/david/limbo/install/limbo_bringup/share/limbo_bringup/package.bash'
[0.350s] INFO:colcon.colcon_core.shell:Creating package script '/home/david/limbo/install/limbo_bringup/share/limbo_bringup/package.zsh'
[0.351s] Level 1:colcon.colcon_core.environment:create_file_with_runtime_dependencies(/home/david/limbo/install/limbo_bringup/share/colcon-core/packages/limbo_bringup)
[0.351s] Level 1:colcon.colcon_core.environment:create_environment_scripts_only(limbo_bringup)
[0.352s] Level 1:colcon.colcon_core.environment:checking '/home/david/limbo/install/limbo_bringup' for CMake module files
[0.352s] Level 1:colcon.colcon_core.environment:checking '/home/david/limbo/install/limbo_bringup' for CMake config files
[0.353s] Level 1:colcon.colcon_core.shell:create_environment_hook('limbo_bringup', 'cmake_prefix_path')
[0.353s] INFO:colcon.colcon_core.shell:Creating environment hook '/home/david/limbo/install/limbo_bringup/share/limbo_bringup/hook/cmake_prefix_path.ps1'
[0.354s] INFO:colcon.colcon_core.shell:Creating environment descriptor '/home/david/limbo/install/limbo_bringup/share/limbo_bringup/hook/cmake_prefix_path.dsv'
[0.354s] INFO:colcon.colcon_core.shell:Creating environment hook '/home/david/limbo/install/limbo_bringup/share/limbo_bringup/hook/cmake_prefix_path.sh'
[0.355s] Level 1:colcon.colcon_core.environment:checking '/home/david/limbo/install/limbo_bringup/bin'
[0.355s] Level 1:colcon.colcon_core.environment:checking '/home/david/limbo/install/limbo_bringup/lib/pkgconfig/limbo_bringup.pc'
[0.356s] Level 1:colcon.colcon_core.environment:checking '/home/david/limbo/install/limbo_bringup/lib/python3.12/site-packages'
[0.356s] Level 1:colcon.colcon_core.environment:checking '/home/david/limbo/install/limbo_bringup/bin'
[0.356s] INFO:colcon.colcon_core.shell:Creating package script '/home/david/limbo/install/limbo_bringup/share/limbo_bringup/package.ps1'
[0.357s] INFO:colcon.colcon_core.shell:Creating package descriptor '/home/david/limbo/install/limbo_bringup/share/limbo_bringup/package.dsv'
[0.358s] INFO:colcon.colcon_core.shell:Creating package script '/home/david/limbo/install/limbo_bringup/share/limbo_bringup/package.sh'
[0.359s] INFO:colcon.colcon_core.shell:Creating package script '/home/david/limbo/install/limbo_bringup/share/limbo_bringup/package.bash'
[0.359s] INFO:colcon.colcon_core.shell:Creating package script '/home/david/limbo/install/limbo_bringup/share/limbo_bringup/package.zsh'
[0.360s] Level 1:colcon.colcon_core.environment:create_file_with_runtime_dependencies(/home/david/limbo/install/limbo_bringup/share/colcon-core/packages/limbo_bringup)
[0.361s] Level 1:colcon.colcon_core.environment:create_environment_scripts_only(limbo_navigation)
[0.361s] Level 1:colcon.colcon_core.environment:checking '/home/david/limbo/install/limbo_navigation' for CMake module files
[0.362s] Level 1:colcon.colcon_core.environment:checking '/home/david/limbo/install/limbo_navigation' for CMake config files
[0.362s] Level 1:colcon.colcon_core.shell:create_environment_hook('limbo_navigation', 'cmake_prefix_path')
[0.362s] INFO:colcon.colcon_core.shell:Creating environment hook '/home/david/limbo/install/limbo_navigation/share/limbo_navigation/hook/cmake_prefix_path.ps1'
[0.363s] INFO:colcon.colcon_core.shell:Creating environment descriptor '/home/david/limbo/install/limbo_navigation/share/limbo_navigation/hook/cmake_prefix_path.dsv'
[0.364s] INFO:colcon.colcon_core.shell:Creating environment hook '/home/david/limbo/install/limbo_navigation/share/limbo_navigation/hook/cmake_prefix_path.sh'
[0.365s] Level 1:colcon.colcon_core.environment:checking '/home/david/limbo/install/limbo_navigation/bin'
[0.365s] Level 1:colcon.colcon_core.environment:checking '/home/david/limbo/install/limbo_navigation/lib/pkgconfig/limbo_navigation.pc'
[0.365s] Level 1:colcon.colcon_core.environment:checking '/home/david/limbo/install/limbo_navigation/lib/python3.12/site-packages'
[0.365s] Level 1:colcon.colcon_core.environment:checking '/home/david/limbo/install/limbo_navigation/bin'
[0.366s] INFO:colcon.colcon_core.shell:Creating package script '/home/david/limbo/install/limbo_navigation/share/limbo_navigation/package.ps1'
[0.367s] INFO:colcon.colcon_core.shell:Creating package descriptor '/home/david/limbo/install/limbo_navigation/share/limbo_navigation/package.dsv'
[0.367s] INFO:colcon.colcon_core.shell:Creating package script '/home/david/limbo/install/limbo_navigation/share/limbo_navigation/package.sh'
[0.368s] INFO:colcon.colcon_core.shell:Creating package script '/home/david/limbo/install/limbo_navigation/share/limbo_navigation/package.bash'
[0.369s] INFO:colcon.colcon_core.shell:Creating package script '/home/david/limbo/install/limbo_navigation/share/limbo_navigation/package.zsh'
[0.369s] Level 1:colcon.colcon_core.environment:create_file_with_runtime_dependencies(/home/david/limbo/install/limbo_navigation/share/colcon-core/packages/limbo_navigation)
[0.370s] Level 1:colcon.colcon_core.environment:create_environment_scripts_only(limbo_navigation)
[0.370s] Level 1:colcon.colcon_core.environment:checking '/home/david/limbo/install/limbo_navigation' for CMake module files
[0.371s] Level 1:colcon.colcon_core.environment:checking '/home/david/limbo/install/limbo_navigation' for CMake config files
[0.372s] Level 1:colcon.colcon_core.shell:create_environment_hook('limbo_navigation', 'cmake_prefix_path')
[0.372s] INFO:colcon.colcon_core.shell:Creating environment hook '/home/david/limbo/install/limbo_navigation/share/limbo_navigation/hook/cmake_prefix_path.ps1'
[0.373s] INFO:colcon.colcon_core.shell:Creating environment descriptor '/home/david/limbo/install/limbo_navigation/share/limbo_navigation/hook/cmake_prefix_path.dsv'
[0.374s] INFO:colcon.colcon_core.shell:Creating environment hook '/home/david/limbo/install/limbo_navigation/share/limbo_navigation/hook/cmake_prefix_path.sh'
[0.375s] Level 1:colcon.colcon_core.environment:checking '/home/david/limbo/install/limbo_navigation/bin'
[0.376s] Level 1:colcon.colcon_core.environment:checking '/home/david/limbo/install/limbo_navigation/lib/pkgconfig/limbo_navigation.pc'
[0.376s] Level 1:colcon.colcon_core.environment:checking '/home/david/limbo/install/limbo_navigation/lib/python3.12/site-packages'
[0.376s] Level 1:colcon.colcon_core.environment:checking '/home/david/limbo/install/limbo_navigation/bin'
[0.376s] INFO:colcon.colcon_core.shell:Creating package script '/home/david/limbo/install/limbo_navigation/share/limbo_navigation/package.ps1'
[0.377s] DEBUG:colcon.colcon_core.event_handler.log_command:Invoked command in '/home/david/limbo/build/limbo_bringup' returned '0': CMAKE_PREFIX_PATH=${CMAKE_PREFIX_PATH}:/opt/ros/jazzy DEBUGINFOD_URLS=https://debuginfod.ubuntu.com /usr/bin/cmake --install /home/david/limbo/build/limbo_bringup
[0.378s] INFO:colcon.colcon_core.shell:Creating package descriptor '/home/david/limbo/install/limbo_navigation/share/limbo_navigation/package.dsv'
[0.378s] DEBUG:colcon.colcon_core.event_handler.log_command:Invoked command in '/home/david/limbo/build/limbo_navigation' returned '0': CMAKE_PREFIX_PATH=${CMAKE_PREFIX_PATH}:/opt/ros/jazzy DEBUGINFOD_URLS=https://debuginfod.ubuntu.com /usr/bin/cmake --install /home/david/limbo/build/limbo_navigation
[0.379s] INFO:colcon.colcon_core.shell:Creating package script '/home/david/limbo/install/limbo_navigation/share/limbo_navigation/package.sh'
[0.380s] INFO:colcon.colcon_core.shell:Creating package script '/home/david/limbo/install/limbo_navigation/share/limbo_navigation/package.bash'
[0.381s] INFO:colcon.colcon_core.shell:Creating package script '/home/david/limbo/install/limbo_navigation/share/limbo_navigation/package.zsh'
[0.381s] Level 1:colcon.colcon_core.environment:create_file_with_runtime_dependencies(/home/david/limbo/install/limbo_navigation/share/colcon-core/packages/limbo_navigation)
[0.382s] Level 1:colcon.colcon_core.environment:create_environment_scripts_only(limbo_simulation)
[0.382s] Level 1:colcon.colcon_core.environment:checking '/home/david/limbo/install/limbo_simulation' for CMake module files
[0.383s] Level 1:colcon.colcon_core.environment:checking '/home/david/limbo/install/limbo_simulation' for CMake config files
[0.383s] DEBUG:colcon.colcon_core.event_handler.log_command:Invoked command in '/home/david/limbo/build/limbo_simulation' returned '0': CMAKE_PREFIX_PATH=${CMAKE_PREFIX_PATH}:/opt/ros/jazzy DEBUGINFOD_URLS=https://debuginfod.ubuntu.com /usr/bin/cmake --install /home/david/limbo/build/limbo_simulation
[0.383s] Level 1:colcon.colcon_core.shell:create_environment_hook('limbo_simulation', 'cmake_prefix_path')
[0.383s] INFO:colcon.colcon_core.shell:Creating environment hook '/home/david/limbo/install/limbo_simulation/share/limbo_simulation/hook/cmake_prefix_path.ps1'
[0.384s] INFO:colcon.colcon_core.shell:Creating environment descriptor '/home/david/limbo/install/limbo_simulation/share/limbo_simulation/hook/cmake_prefix_path.dsv'
[0.384s] INFO:colcon.colcon_core.shell:Creating environment hook '/home/david/limbo/install/limbo_simulation/share/limbo_simulation/hook/cmake_prefix_path.sh'
[0.385s] Level 1:colcon.colcon_core.environment:checking '/home/david/limbo/install/limbo_simulation/bin'
[0.385s] Level 1:colcon.colcon_core.environment:checking '/home/david/limbo/install/limbo_simulation/lib/pkgconfig/limbo_simulation.pc'
[0.385s] Level 1:colcon.colcon_core.environment:checking '/home/david/limbo/install/limbo_simulation/lib/python3.12/site-packages'
[0.386s] Level 1:colcon.colcon_core.environment:checking '/home/david/limbo/install/limbo_simulation/bin'
[0.386s] INFO:colcon.colcon_core.shell:Creating package script '/home/david/limbo/install/limbo_simulation/share/limbo_simulation/package.ps1'
[0.386s] INFO:colcon.colcon_core.shell:Creating package descriptor '/home/david/limbo/install/limbo_simulation/share/limbo_simulation/package.dsv'
[0.387s] INFO:colcon.colcon_core.shell:Creating package script '/home/david/limbo/install/limbo_simulation/share/limbo_simulation/package.sh'
[0.387s] INFO:colcon.colcon_core.shell:Creating package script '/home/david/limbo/install/limbo_simulation/share/limbo_simulation/package.bash'
[0.388s] INFO:colcon.colcon_core.shell:Creating package script '/home/david/limbo/install/limbo_simulation/share/limbo_simulation/package.zsh'
[0.389s] Level 1:colcon.colcon_core.environment:create_file_with_runtime_dependencies(/home/david/limbo/install/limbo_simulation/share/colcon-core/packages/limbo_simulation)
[0.389s] Level 1:colcon.colcon_core.environment:create_environment_scripts_only(limbo_simulation)
[0.389s] Level 1:colcon.colcon_core.environment:checking '/home/david/limbo/install/limbo_simulation' for CMake module files
[0.390s] Level 1:colcon.colcon_core.environment:checking '/home/david/limbo/install/limbo_simulation' for CMake config files
[0.390s] Level 1:colcon.colcon_core.shell:create_environment_hook('limbo_simulation', 'cmake_prefix_path')
[0.390s] INFO:colcon.colcon_core.shell:Creating environment hook '/home/david/limbo/install/limbo_simulation/share/limbo_simulation/hook/cmake_prefix_path.ps1'
[0.390s] INFO:colcon.colcon_core.shell:Creating environment descriptor '/home/david/limbo/install/limbo_simulation/share/limbo_simulation/hook/cmake_prefix_path.dsv'
[0.391s] INFO:colcon.colcon_core.shell:Creating environment hook '/home/david/limbo/install/limbo_simulation/share/limbo_simulation/hook/cmake_prefix_path.sh'
[0.392s] Level 1:colcon.colcon_core.environment:checking '/home/david/limbo/install/limbo_simulation/bin'
[0.392s] Level 1:colcon.colcon_core.environment:checking '/home/david/limbo/install/limbo_simulation/lib/pkgconfig/limbo_simulation.pc'
[0.392s] Level 1:colcon.colcon_core.environment:checking '/home/david/limbo/install/limbo_simulation/lib/python3.12/site-packages'
[0.392s] Level 1:colcon.colcon_core.environment:checking '/home/david/limbo/install/limbo_simulation/bin'
[0.392s] INFO:colcon.colcon_core.shell:Creating package script '/home/david/limbo/install/limbo_simulation/share/limbo_simulation/package.ps1'
[0.393s] INFO:colcon.colcon_core.shell:Creating package descriptor '/home/david/limbo/install/limbo_simulation/share/limbo_simulation/package.dsv'
[0.394s] INFO:colcon.colcon_core.shell:Creating package script '/home/david/limbo/install/limbo_simulation/share/limbo_simulation/package.sh'
[0.394s] INFO:colcon.colcon_core.shell:Creating package script '/home/david/limbo/install/limbo_simulation/share/limbo_simulation/package.bash'
[0.395s] INFO:colcon.colcon_core.shell:Creating package script '/home/david/limbo/install/limbo_simulation/share/limbo_simulation/package.zsh'
[0.395s] Level 1:colcon.colcon_core.environment:create_file_with_runtime_dependencies(/home/david/limbo/install/limbo_simulation/share/colcon-core/packages/limbo_simulation)
[0.396s] DEBUG:colcon.colcon_parallel_executor.executor.parallel:closing loop
[0.396s] DEBUG:colcon.colcon_parallel_executor.executor.parallel:loop closed
[0.396s] DEBUG:colcon.colcon_parallel_executor.executor.parallel:run_until_complete finished with '0'
[0.396s] DEBUG:colcon.colcon_core.event_reactor:joining thread
[0.400s] INFO:colcon.colcon_core.plugin_system:Skipping extension 'colcon_notification.desktop_notification.terminal_notifier': Not used on non-Darwin systems
[0.400s] INFO:colcon.colcon_core.plugin_system:Skipping extension 'colcon_notification.desktop_notification.win32': Not used on non-Windows systems
[0.400s] INFO:colcon.colcon_notification.desktop_notification:Sending desktop notification using 'notify2'
[0.414s] DEBUG:colcon.colcon_core.event_reactor:joined thread
[0.414s] INFO:colcon.colcon_core.shell:Creating prefix script '/home/david/limbo/install/local_setup.ps1'
[0.415s] INFO:colcon.colcon_core.shell:Creating prefix util module '/home/david/limbo/install/_local_setup_util_ps1.py'
[0.416s] INFO:colcon.colcon_core.shell:Creating prefix chain script '/home/david/limbo/install/setup.ps1'
[0.418s] INFO:colcon.colcon_core.shell:Creating prefix script '/home/david/limbo/install/local_setup.sh'
[0.418s] INFO:colcon.colcon_core.shell:Creating prefix util module '/home/david/limbo/install/_local_setup_util_sh.py'
[0.419s] INFO:colcon.colcon_core.shell:Creating prefix chain script '/home/david/limbo/install/setup.sh'
[0.420s] INFO:colcon.colcon_core.shell:Creating prefix script '/home/david/limbo/install/local_setup.bash'
[0.420s] INFO:colcon.colcon_core.shell:Creating prefix chain script '/home/david/limbo/install/setup.bash'
[0.421s] INFO:colcon.colcon_core.shell:Creating prefix script '/home/david/limbo/install/local_setup.zsh'
[0.422s] INFO:colcon.colcon_core.shell:Creating prefix chain script '/home/david/limbo/install/setup.zsh'
