[0.091s] DEBUG:colcon:Command line arguments: ['/usr/bin/colcon', 'build']
[0.091s] DEBUG:colcon:Parsed command line arguments: Namespace(log_base=None, log_level=None, verb_name='build', build_base='build', install_base='install', merge_install=False, symlink_install=False, test_result_base=None, continue_on_error=False, executor='parallel', parallel_workers=12, event_handlers=None, ignore_user_meta=False, metas=['./colcon.meta'], base_paths=['.'], packages_ignore=None, packages_ignore_regex=None, paths=None, packages_up_to=None, packages_up_to_regex=None, packages_above=None, packages_above_and_dependencies=None, packages_above_depth=None, packages_select_by_dep=None, packages_skip_by_dep=None, packages_skip_up_to=None, packages_select_build_failed=False, packages_skip_build_finished=False, packages_select_test_failures=False, packages_skip_test_passed=False, packages_select=None, packages_skip=None, packages_select_regex=None, packages_skip_regex=None, packages_start=None, packages_end=None, allow_overriding=[], cmake_args=None, cmake_target=None, cmake_target_skip_unavailable=False, cmake_clean_cache=False, cmake_clean_first=False, cmake_force_configure=False, ament_cmake_args=None, catkin_cmake_args=None, catkin_skip_building_tests=False, mixin_files=None, mixin=None, verb_parser=<colcon_mixin.mixin.mixin_argument.MixinArgumentDecorator object at 0x70a2a3599a60>, verb_extension=<colcon_core.verb.build.BuildVerb object at 0x70a2a3599850>, main=<bound method BuildVerb.main of <colcon_core.verb.build.BuildVerb object at 0x70a2a3599850>>, mixin_verb=('build',))
[0.119s] Level 1:colcon.colcon_core.package_discovery:discover_packages(colcon_meta) check parameters
[0.119s] Level 1:colcon.colcon_core.package_discovery:discover_packages(recursive) check parameters
[0.119s] Level 1:colcon.colcon_core.package_discovery:discover_packages(ignore) check parameters
[0.119s] Level 1:colcon.colcon_core.package_discovery:discover_packages(path) check parameters
[0.119s] Level 1:colcon.colcon_core.package_discovery:discover_packages(colcon_meta) discover
[0.119s] Level 1:colcon.colcon_core.package_discovery:discover_packages(recursive) discover
[0.119s] INFO:colcon.colcon_core.package_discovery:Crawling recursively for packages in '/home/david/limbo'
[0.120s] Level 1:colcon.colcon_core.package_identification:_identify(.) by extensions ['ignore', 'ignore_ament_install']
[0.120s] Level 1:colcon.colcon_core.package_identification:_identify(.) by extension 'ignore'
[0.120s] Level 1:colcon.colcon_core.package_identification:_identify(.) by extension 'ignore_ament_install'
[0.120s] Level 1:colcon.colcon_core.package_identification:_identify(.) by extensions ['colcon_pkg']
[0.120s] Level 1:colcon.colcon_core.package_identification:_identify(.) by extension 'colcon_pkg'
[0.120s] Level 1:colcon.colcon_core.package_identification:_identify(.) by extensions ['colcon_meta']
[0.120s] Level 1:colcon.colcon_core.package_identification:_identify(.) by extension 'colcon_meta'
[0.120s] Level 1:colcon.colcon_core.package_identification:_identify(.) by extensions ['ros']
[0.120s] Level 1:colcon.colcon_core.package_identification:_identify(.) by extension 'ros'
[0.139s] Level 1:colcon.colcon_core.package_identification:_identify(.) by extensions ['cmake', 'python']
[0.139s] Level 1:colcon.colcon_core.package_identification:_identify(.) by extension 'cmake'
[0.139s] Level 1:colcon.colcon_core.package_identification:_identify(.) by extension 'python'
[0.139s] Level 1:colcon.colcon_core.package_identification:_identify(.) by extensions ['python_setup_py']
[0.139s] Level 1:colcon.colcon_core.package_identification:_identify(.) by extension 'python_setup_py'
[0.139s] Level 1:colcon.colcon_core.package_identification:_identify(build) by extensions ['ignore', 'ignore_ament_install']
[0.139s] Level 1:colcon.colcon_core.package_identification:_identify(build) by extension 'ignore'
[0.139s] Level 1:colcon.colcon_core.package_identification:_identify(build) ignored
[0.139s] Level 1:colcon.colcon_core.package_identification:_identify(install) by extensions ['ignore', 'ignore_ament_install']
[0.139s] Level 1:colcon.colcon_core.package_identification:_identify(install) by extension 'ignore'
[0.139s] Level 1:colcon.colcon_core.package_identification:_identify(install) ignored
[0.139s] Level 1:colcon.colcon_core.package_identification:_identify(log) by extensions ['ignore', 'ignore_ament_install']
[0.139s] Level 1:colcon.colcon_core.package_identification:_identify(log) by extension 'ignore'
[0.139s] Level 1:colcon.colcon_core.package_identification:_identify(log) ignored
[0.139s] Level 1:colcon.colcon_core.package_identification:_identify(src) by extensions ['ignore', 'ignore_ament_install']
[0.140s] Level 1:colcon.colcon_core.package_identification:_identify(src) by extension 'ignore'
[0.140s] Level 1:colcon.colcon_core.package_identification:_identify(src) by extension 'ignore_ament_install'
[0.140s] Level 1:colcon.colcon_core.package_identification:_identify(src) by extensions ['colcon_pkg']
[0.140s] Level 1:colcon.colcon_core.package_identification:_identify(src) by extension 'colcon_pkg'
[0.140s] Level 1:colcon.colcon_core.package_identification:_identify(src) by extensions ['colcon_meta']
[0.140s] Level 1:colcon.colcon_core.package_identification:_identify(src) by extension 'colcon_meta'
[0.140s] Level 1:colcon.colcon_core.package_identification:_identify(src) by extensions ['ros']
[0.140s] Level 1:colcon.colcon_core.package_identification:_identify(src) by extension 'ros'
[0.140s] Level 1:colcon.colcon_core.package_identification:_identify(src) by extensions ['cmake', 'python']
[0.140s] Level 1:colcon.colcon_core.package_identification:_identify(src) by extension 'cmake'
[0.140s] Level 1:colcon.colcon_core.package_identification:_identify(src) by extension 'python'
[0.140s] Level 1:colcon.colcon_core.package_identification:_identify(src) by extensions ['python_setup_py']
[0.140s] Level 1:colcon.colcon_core.package_identification:_identify(src) by extension 'python_setup_py'
[0.140s] Level 1:colcon.colcon_core.package_identification:_identify(src/build) by extensions ['ignore', 'ignore_ament_install']
[0.140s] Level 1:colcon.colcon_core.package_identification:_identify(src/build) by extension 'ignore'
[0.140s] Level 1:colcon.colcon_core.package_identification:_identify(src/build) ignored
[0.140s] Level 1:colcon.colcon_core.package_identification:_identify(src/install) by extensions ['ignore', 'ignore_ament_install']
[0.140s] Level 1:colcon.colcon_core.package_identification:_identify(src/install) by extension 'ignore'
[0.140s] Level 1:colcon.colcon_core.package_identification:_identify(src/install) ignored
[0.140s] Level 1:colcon.colcon_core.package_identification:_identify(src/limbo_bringup) by extensions ['ignore', 'ignore_ament_install']
[0.140s] Level 1:colcon.colcon_core.package_identification:_identify(src/limbo_bringup) by extension 'ignore'
[0.141s] Level 1:colcon.colcon_core.package_identification:_identify(src/limbo_bringup) by extension 'ignore_ament_install'
[0.141s] Level 1:colcon.colcon_core.package_identification:_identify(src/limbo_bringup) by extensions ['colcon_pkg']
[0.141s] Level 1:colcon.colcon_core.package_identification:_identify(src/limbo_bringup) by extension 'colcon_pkg'
[0.141s] Level 1:colcon.colcon_core.package_identification:_identify(src/limbo_bringup) by extensions ['colcon_meta']
[0.141s] Level 1:colcon.colcon_core.package_identification:_identify(src/limbo_bringup) by extension 'colcon_meta'
[0.141s] Level 1:colcon.colcon_core.package_identification:_identify(src/limbo_bringup) by extensions ['ros']
[0.141s] Level 1:colcon.colcon_core.package_identification:_identify(src/limbo_bringup) by extension 'ros'
[0.153s] DEBUG:colcon.colcon_core.package_identification:Package 'src/limbo_bringup' with type 'ros.ament_cmake' and name 'limbo_bringup'
[0.154s] Level 1:colcon.colcon_core.package_identification:_identify(src/limbo_description) by extensions ['ignore', 'ignore_ament_install']
[0.154s] Level 1:colcon.colcon_core.package_identification:_identify(src/limbo_description) by extension 'ignore'
[0.154s] Level 1:colcon.colcon_core.package_identification:_identify(src/limbo_description) by extension 'ignore_ament_install'
[0.154s] Level 1:colcon.colcon_core.package_identification:_identify(src/limbo_description) by extensions ['colcon_pkg']
[0.154s] Level 1:colcon.colcon_core.package_identification:_identify(src/limbo_description) by extension 'colcon_pkg'
[0.154s] Level 1:colcon.colcon_core.package_identification:_identify(src/limbo_description) by extensions ['colcon_meta']
[0.154s] Level 1:colcon.colcon_core.package_identification:_identify(src/limbo_description) by extension 'colcon_meta'
[0.154s] Level 1:colcon.colcon_core.package_identification:_identify(src/limbo_description) by extensions ['ros']
[0.154s] Level 1:colcon.colcon_core.package_identification:_identify(src/limbo_description) by extension 'ros'
[0.155s] DEBUG:colcon.colcon_core.package_identification:Package 'src/limbo_description' with type 'ros.ament_cmake' and name 'limbo_description'
[0.155s] Level 1:colcon.colcon_core.package_identification:_identify(src/limbo_navigation) by extensions ['ignore', 'ignore_ament_install']
[0.155s] Level 1:colcon.colcon_core.package_identification:_identify(src/limbo_navigation) by extension 'ignore'
[0.155s] Level 1:colcon.colcon_core.package_identification:_identify(src/limbo_navigation) by extension 'ignore_ament_install'
[0.155s] Level 1:colcon.colcon_core.package_identification:_identify(src/limbo_navigation) by extensions ['colcon_pkg']
[0.155s] Level 1:colcon.colcon_core.package_identification:_identify(src/limbo_navigation) by extension 'colcon_pkg'
[0.155s] Level 1:colcon.colcon_core.package_identification:_identify(src/limbo_navigation) by extensions ['colcon_meta']
[0.155s] Level 1:colcon.colcon_core.package_identification:_identify(src/limbo_navigation) by extension 'colcon_meta'
[0.155s] Level 1:colcon.colcon_core.package_identification:_identify(src/limbo_navigation) by extensions ['ros']
[0.155s] Level 1:colcon.colcon_core.package_identification:_identify(src/limbo_navigation) by extension 'ros'
[0.155s] DEBUG:colcon.colcon_core.package_identification:Package 'src/limbo_navigation' with type 'ros.ament_cmake' and name 'limbo_navigation'
[0.155s] Level 1:colcon.colcon_core.package_identification:_identify(src/limbo_simulation) by extensions ['ignore', 'ignore_ament_install']
[0.156s] Level 1:colcon.colcon_core.package_identification:_identify(src/limbo_simulation) by extension 'ignore'
[0.156s] Level 1:colcon.colcon_core.package_identification:_identify(src/limbo_simulation) by extension 'ignore_ament_install'
[0.156s] Level 1:colcon.colcon_core.package_identification:_identify(src/limbo_simulation) by extensions ['colcon_pkg']
[0.156s] Level 1:colcon.colcon_core.package_identification:_identify(src/limbo_simulation) by extension 'colcon_pkg'
[0.156s] Level 1:colcon.colcon_core.package_identification:_identify(src/limbo_simulation) by extensions ['colcon_meta']
[0.156s] Level 1:colcon.colcon_core.package_identification:_identify(src/limbo_simulation) by extension 'colcon_meta'
[0.156s] Level 1:colcon.colcon_core.package_identification:_identify(src/limbo_simulation) by extensions ['ros']
[0.156s] Level 1:colcon.colcon_core.package_identification:_identify(src/limbo_simulation) by extension 'ros'
[0.156s] DEBUG:colcon.colcon_core.package_identification:Package 'src/limbo_simulation' with type 'ros.ament_cmake' and name 'limbo_simulation'
[0.156s] Level 1:colcon.colcon_core.package_identification:_identify(src/log) by extensions ['ignore', 'ignore_ament_install']
[0.156s] Level 1:colcon.colcon_core.package_identification:_identify(src/log) by extension 'ignore'
[0.156s] Level 1:colcon.colcon_core.package_identification:_identify(src/log) ignored
[0.156s] Level 1:colcon.colcon_core.package_discovery:discover_packages(recursive) using defaults
[0.157s] Level 1:colcon.colcon_core.package_discovery:discover_packages(ignore) discover
[0.157s] Level 1:colcon.colcon_core.package_discovery:discover_packages(ignore) using defaults
[0.157s] Level 1:colcon.colcon_core.package_discovery:discover_packages(path) discover
[0.157s] Level 1:colcon.colcon_core.package_discovery:discover_packages(path) using defaults
[0.171s] Level 1:colcon.colcon_core.package_discovery:discover_packages(prefix_path) check parameters
[0.171s] Level 1:colcon.colcon_core.package_discovery:discover_packages(prefix_path) discover
[0.173s] DEBUG:colcon.colcon_installed_package_information.package_discovery:Found 402 installed packages in /opt/ros/jazzy
[0.174s] Level 1:colcon.colcon_core.package_discovery:discover_packages(prefix_path) using defaults
[0.216s] Level 5:colcon.colcon_core.verb:set package 'limbo_bringup' build argument 'cmake_args' from command line to 'None'
[0.216s] Level 5:colcon.colcon_core.verb:set package 'limbo_bringup' build argument 'cmake_target' from command line to 'None'
[0.216s] Level 5:colcon.colcon_core.verb:set package 'limbo_bringup' build argument 'cmake_target_skip_unavailable' from command line to 'False'
[0.216s] Level 5:colcon.colcon_core.verb:set package 'limbo_bringup' build argument 'cmake_clean_cache' from command line to 'False'
[0.216s] Level 5:colcon.colcon_core.verb:set package 'limbo_bringup' build argument 'cmake_clean_first' from command line to 'False'
[0.216s] Level 5:colcon.colcon_core.verb:set package 'limbo_bringup' build argument 'cmake_force_configure' from command line to 'False'
[0.216s] Level 5:colcon.colcon_core.verb:set package 'limbo_bringup' build argument 'ament_cmake_args' from command line to 'None'
[0.216s] Level 5:colcon.colcon_core.verb:set package 'limbo_bringup' build argument 'catkin_cmake_args' from command line to 'None'
[0.216s] Level 5:colcon.colcon_core.verb:set package 'limbo_bringup' build argument 'catkin_skip_building_tests' from command line to 'False'
[0.217s] DEBUG:colcon.colcon_core.verb:Building package 'limbo_bringup' with the following arguments: {'ament_cmake_args': None, 'build_base': '/home/david/limbo/build/limbo_bringup', 'catkin_cmake_args': None, 'catkin_skip_building_tests': False, 'cmake_args': None, 'cmake_clean_cache': False, 'cmake_clean_first': False, 'cmake_force_configure': False, 'cmake_target': None, 'cmake_target_skip_unavailable': False, 'install_base': '/home/david/limbo/install/limbo_bringup', 'merge_install': False, 'path': '/home/david/limbo/src/limbo_bringup', 'symlink_install': False, 'test_result_base': None}
[0.217s] Level 5:colcon.colcon_core.verb:set package 'limbo_description' build argument 'cmake_args' from command line to 'None'
[0.217s] Level 5:colcon.colcon_core.verb:set package 'limbo_description' build argument 'cmake_target' from command line to 'None'
[0.217s] Level 5:colcon.colcon_core.verb:set package 'limbo_description' build argument 'cmake_target_skip_unavailable' from command line to 'False'
[0.217s] Level 5:colcon.colcon_core.verb:set package 'limbo_description' build argument 'cmake_clean_cache' from command line to 'False'
[0.217s] Level 5:colcon.colcon_core.verb:set package 'limbo_description' build argument 'cmake_clean_first' from command line to 'False'
[0.217s] Level 5:colcon.colcon_core.verb:set package 'limbo_description' build argument 'cmake_force_configure' from command line to 'False'
[0.217s] Level 5:colcon.colcon_core.verb:set package 'limbo_description' build argument 'ament_cmake_args' from command line to 'None'
[0.217s] Level 5:colcon.colcon_core.verb:set package 'limbo_description' build argument 'catkin_cmake_args' from command line to 'None'
[0.217s] Level 5:colcon.colcon_core.verb:set package 'limbo_description' build argument 'catkin_skip_building_tests' from command line to 'False'
[0.217s] DEBUG:colcon.colcon_core.verb:Building package 'limbo_description' with the following arguments: {'ament_cmake_args': None, 'build_base': '/home/david/limbo/build/limbo_description', 'catkin_cmake_args': None, 'catkin_skip_building_tests': False, 'cmake_args': None, 'cmake_clean_cache': False, 'cmake_clean_first': False, 'cmake_force_configure': False, 'cmake_target': None, 'cmake_target_skip_unavailable': False, 'install_base': '/home/david/limbo/install/limbo_description', 'merge_install': False, 'path': '/home/david/limbo/src/limbo_description', 'symlink_install': False, 'test_result_base': None}
[0.217s] Level 5:colcon.colcon_core.verb:set package 'limbo_navigation' build argument 'cmake_args' from command line to 'None'
[0.217s] Level 5:colcon.colcon_core.verb:set package 'limbo_navigation' build argument 'cmake_target' from command line to 'None'
[0.217s] Level 5:colcon.colcon_core.verb:set package 'limbo_navigation' build argument 'cmake_target_skip_unavailable' from command line to 'False'
[0.217s] Level 5:colcon.colcon_core.verb:set package 'limbo_navigation' build argument 'cmake_clean_cache' from command line to 'False'
[0.217s] Level 5:colcon.colcon_core.verb:set package 'limbo_navigation' build argument 'cmake_clean_first' from command line to 'False'
[0.217s] Level 5:colcon.colcon_core.verb:set package 'limbo_navigation' build argument 'cmake_force_configure' from command line to 'False'
[0.218s] Level 5:colcon.colcon_core.verb:set package 'limbo_navigation' build argument 'ament_cmake_args' from command line to 'None'
[0.218s] Level 5:colcon.colcon_core.verb:set package 'limbo_navigation' build argument 'catkin_cmake_args' from command line to 'None'
[0.218s] Level 5:colcon.colcon_core.verb:set package 'limbo_navigation' build argument 'catkin_skip_building_tests' from command line to 'False'
[0.218s] DEBUG:colcon.colcon_core.verb:Building package 'limbo_navigation' with the following arguments: {'ament_cmake_args': None, 'build_base': '/home/david/limbo/build/limbo_navigation', 'catkin_cmake_args': None, 'catkin_skip_building_tests': False, 'cmake_args': None, 'cmake_clean_cache': False, 'cmake_clean_first': False, 'cmake_force_configure': False, 'cmake_target': None, 'cmake_target_skip_unavailable': False, 'install_base': '/home/david/limbo/install/limbo_navigation', 'merge_install': False, 'path': '/home/david/limbo/src/limbo_navigation', 'symlink_install': False, 'test_result_base': None}
[0.218s] Level 5:colcon.colcon_core.verb:set package 'limbo_simulation' build argument 'cmake_args' from command line to 'None'
[0.218s] Level 5:colcon.colcon_core.verb:set package 'limbo_simulation' build argument 'cmake_target' from command line to 'None'
[0.218s] Level 5:colcon.colcon_core.verb:set package 'limbo_simulation' build argument 'cmake_target_skip_unavailable' from command line to 'False'
[0.218s] Level 5:colcon.colcon_core.verb:set package 'limbo_simulation' build argument 'cmake_clean_cache' from command line to 'False'
[0.218s] Level 5:colcon.colcon_core.verb:set package 'limbo_simulation' build argument 'cmake_clean_first' from command line to 'False'
[0.218s] Level 5:colcon.colcon_core.verb:set package 'limbo_simulation' build argument 'cmake_force_configure' from command line to 'False'
[0.218s] Level 5:colcon.colcon_core.verb:set package 'limbo_simulation' build argument 'ament_cmake_args' from command line to 'None'
[0.218s] Level 5:colcon.colcon_core.verb:set package 'limbo_simulation' build argument 'catkin_cmake_args' from command line to 'None'
[0.218s] Level 5:colcon.colcon_core.verb:set package 'limbo_simulation' build argument 'catkin_skip_building_tests' from command line to 'False'
[0.218s] DEBUG:colcon.colcon_core.verb:Building package 'limbo_simulation' with the following arguments: {'ament_cmake_args': None, 'build_base': '/home/david/limbo/build/limbo_simulation', 'catkin_cmake_args': None, 'catkin_skip_building_tests': False, 'cmake_args': None, 'cmake_clean_cache': False, 'cmake_clean_first': False, 'cmake_force_configure': False, 'cmake_target': None, 'cmake_target_skip_unavailable': False, 'install_base': '/home/david/limbo/install/limbo_simulation', 'merge_install': False, 'path': '/home/david/limbo/src/limbo_simulation', 'symlink_install': False, 'test_result_base': None}
[0.218s] INFO:colcon.colcon_core.executor:Executing jobs using 'parallel' executor
[0.219s] DEBUG:colcon.colcon_parallel_executor.executor.parallel:run_until_complete
[0.219s] INFO:colcon.colcon_ros.task.ament_cmake.build:Building ROS package in '/home/david/limbo/src/limbo_bringup' with build type 'ament_cmake'
[0.219s] INFO:colcon.colcon_cmake.task.cmake.build:Building CMake package in '/home/david/limbo/src/limbo_bringup'
[0.221s] INFO:colcon.colcon_core.plugin_system:Skipping extension 'colcon_core.shell.bat': Not used on non-Windows systems
[0.221s] INFO:colcon.colcon_core.shell:Skip shell extension 'powershell' for command environment: Not usable outside of PowerShell
[0.221s] DEBUG:colcon.colcon_core.shell:Skip shell extension 'dsv' for command environment
[0.225s] INFO:colcon.colcon_ros.task.ament_cmake.build:Building ROS package in '/home/david/limbo/src/limbo_description' with build type 'ament_cmake'
[0.225s] INFO:colcon.colcon_cmake.task.cmake.build:Building CMake package in '/home/david/limbo/src/limbo_description'
[0.225s] INFO:colcon.colcon_core.shell:Skip shell extension 'powershell' for command environment: Not usable outside of PowerShell
[0.226s] DEBUG:colcon.colcon_core.shell:Skip shell extension 'dsv' for command environment
[0.228s] INFO:colcon.colcon_ros.task.ament_cmake.build:Building ROS package in '/home/david/limbo/src/limbo_navigation' with build type 'ament_cmake'
[0.228s] INFO:colcon.colcon_cmake.task.cmake.build:Building CMake package in '/home/david/limbo/src/limbo_navigation'
[0.228s] INFO:colcon.colcon_core.shell:Skip shell extension 'powershell' for command environment: Not usable outside of PowerShell
[0.228s] DEBUG:colcon.colcon_core.shell:Skip shell extension 'dsv' for command environment
[0.231s] INFO:colcon.colcon_ros.task.ament_cmake.build:Building ROS package in '/home/david/limbo/src/limbo_simulation' with build type 'ament_cmake'
[0.231s] INFO:colcon.colcon_cmake.task.cmake.build:Building CMake package in '/home/david/limbo/src/limbo_simulation'
[0.231s] INFO:colcon.colcon_core.shell:Skip shell extension 'powershell' for command environment: Not usable outside of PowerShell
[0.231s] DEBUG:colcon.colcon_core.shell:Skip shell extension 'dsv' for command environment
[0.236s] DEBUG:colcon.colcon_core.event_handler.log_command:Invoking command in '/home/david/limbo/build/limbo_bringup': CMAKE_PREFIX_PATH=${CMAKE_PREFIX_PATH}:/opt/ros/jazzy DEBUGINFOD_URLS=https://debuginfod.ubuntu.com /usr/bin/cmake /home/david/limbo/src/limbo_bringup -DCMAKE_INSTALL_PREFIX=/home/david/limbo/install/limbo_bringup
[0.239s] DEBUG:colcon.colcon_core.event_handler.log_command:Invoking command in '/home/david/limbo/build/limbo_description': CMAKE_PREFIX_PATH=${CMAKE_PREFIX_PATH}:/opt/ros/jazzy DEBUGINFOD_URLS=https://debuginfod.ubuntu.com /usr/bin/cmake /home/david/limbo/src/limbo_description -DCMAKE_INSTALL_PREFIX=/home/david/limbo/install/limbo_description
[0.242s] DEBUG:colcon.colcon_core.event_handler.log_command:Invoking command in '/home/david/limbo/build/limbo_navigation': CMAKE_PREFIX_PATH=${CMAKE_PREFIX_PATH}:/opt/ros/jazzy DEBUGINFOD_URLS=https://debuginfod.ubuntu.com /usr/bin/cmake /home/david/limbo/src/limbo_navigation -DCMAKE_INSTALL_PREFIX=/home/david/limbo/install/limbo_navigation
[0.244s] DEBUG:colcon.colcon_core.event_handler.log_command:Invoking command in '/home/david/limbo/build/limbo_simulation': CMAKE_PREFIX_PATH=${CMAKE_PREFIX_PATH}:/opt/ros/jazzy DEBUGINFOD_URLS=https://debuginfod.ubuntu.com /usr/bin/cmake /home/david/limbo/src/limbo_simulation -DCMAKE_INSTALL_PREFIX=/home/david/limbo/install/limbo_simulation
[1.655s] DEBUG:colcon.colcon_core.event_handler.log_command:Invoked command in '/home/david/limbo/build/limbo_description' returned '0': CMAKE_PREFIX_PATH=${CMAKE_PREFIX_PATH}:/opt/ros/jazzy DEBUGINFOD_URLS=https://debuginfod.ubuntu.com /usr/bin/cmake /home/david/limbo/src/limbo_description -DCMAKE_INSTALL_PREFIX=/home/david/limbo/install/limbo_description
[1.656s] DEBUG:colcon.colcon_core.event_handler.log_command:Invoking command in '/home/david/limbo/build/limbo_description': CMAKE_PREFIX_PATH=${CMAKE_PREFIX_PATH}:/opt/ros/jazzy DEBUGINFOD_URLS=https://debuginfod.ubuntu.com /usr/bin/cmake --build /home/david/limbo/build/limbo_description -- -j12 -l12
[1.656s] DEBUG:colcon.colcon_core.event_handler.log_command:Invoked command in '/home/david/limbo/build/limbo_bringup' returned '0': CMAKE_PREFIX_PATH=${CMAKE_PREFIX_PATH}:/opt/ros/jazzy DEBUGINFOD_URLS=https://debuginfod.ubuntu.com /usr/bin/cmake /home/david/limbo/src/limbo_bringup -DCMAKE_INSTALL_PREFIX=/home/david/limbo/install/limbo_bringup
[1.657s] DEBUG:colcon.colcon_core.event_handler.log_command:Invoking command in '/home/david/limbo/build/limbo_bringup': CMAKE_PREFIX_PATH=${CMAKE_PREFIX_PATH}:/opt/ros/jazzy DEBUGINFOD_URLS=https://debuginfod.ubuntu.com /usr/bin/cmake --build /home/david/limbo/build/limbo_bringup -- -j12 -l12
[1.657s] DEBUG:colcon.colcon_core.event_handler.log_command:Invoked command in '/home/david/limbo/build/limbo_navigation' returned '0': CMAKE_PREFIX_PATH=${CMAKE_PREFIX_PATH}:/opt/ros/jazzy DEBUGINFOD_URLS=https://debuginfod.ubuntu.com /usr/bin/cmake /home/david/limbo/src/limbo_navigation -DCMAKE_INSTALL_PREFIX=/home/david/limbo/install/limbo_navigation
[1.658s] DEBUG:colcon.colcon_core.event_handler.log_command:Invoking command in '/home/david/limbo/build/limbo_navigation': CMAKE_PREFIX_PATH=${CMAKE_PREFIX_PATH}:/opt/ros/jazzy DEBUGINFOD_URLS=https://debuginfod.ubuntu.com /usr/bin/cmake --build /home/david/limbo/build/limbo_navigation -- -j12 -l12
[1.658s] DEBUG:colcon.colcon_core.event_handler.log_command:Invoked command in '/home/david/limbo/build/limbo_simulation' returned '0': CMAKE_PREFIX_PATH=${CMAKE_PREFIX_PATH}:/opt/ros/jazzy DEBUGINFOD_URLS=https://debuginfod.ubuntu.com /usr/bin/cmake /home/david/limbo/src/limbo_simulation -DCMAKE_INSTALL_PREFIX=/home/david/limbo/install/limbo_simulation
[1.659s] DEBUG:colcon.colcon_core.event_handler.log_command:Invoking command in '/home/david/limbo/build/limbo_simulation': CMAKE_PREFIX_PATH=${CMAKE_PREFIX_PATH}:/opt/ros/jazzy DEBUGINFOD_URLS=https://debuginfod.ubuntu.com /usr/bin/cmake --build /home/david/limbo/build/limbo_simulation -- -j12 -l12
[1.685s] DEBUG:colcon.colcon_core.event_handler.log_command:Invoked command in '/home/david/limbo/build/limbo_description' returned '0': CMAKE_PREFIX_PATH=${CMAKE_PREFIX_PATH}:/opt/ros/jazzy DEBUGINFOD_URLS=https://debuginfod.ubuntu.com /usr/bin/cmake --build /home/david/limbo/build/limbo_description -- -j12 -l12
[1.692s] DEBUG:colcon.colcon_core.event_handler.log_command:Invoking command in '/home/david/limbo/build/limbo_description': CMAKE_PREFIX_PATH=${CMAKE_PREFIX_PATH}:/opt/ros/jazzy DEBUGINFOD_URLS=https://debuginfod.ubuntu.com /usr/bin/cmake --install /home/david/limbo/build/limbo_description
[1.693s] DEBUG:colcon.colcon_core.event_handler.log_command:Invoked command in '/home/david/limbo/build/limbo_bringup' returned '0': CMAKE_PREFIX_PATH=${CMAKE_PREFIX_PATH}:/opt/ros/jazzy DEBUGINFOD_URLS=https://debuginfod.ubuntu.com /usr/bin/cmake --build /home/david/limbo/build/limbo_bringup -- -j12 -l12
[1.694s] DEBUG:colcon.colcon_core.event_handler.log_command:Invoking command in '/home/david/limbo/build/limbo_bringup': CMAKE_PREFIX_PATH=${CMAKE_PREFIX_PATH}:/opt/ros/jazzy DEBUGINFOD_URLS=https://debuginfod.ubuntu.com /usr/bin/cmake --install /home/david/limbo/build/limbo_bringup
[1.694s] DEBUG:colcon.colcon_core.event_handler.log_command:Invoked command in '/home/david/limbo/build/limbo_navigation' returned '0': CMAKE_PREFIX_PATH=${CMAKE_PREFIX_PATH}:/opt/ros/jazzy DEBUGINFOD_URLS=https://debuginfod.ubuntu.com /usr/bin/cmake --build /home/david/limbo/build/limbo_navigation -- -j12 -l12
[1.695s] DEBUG:colcon.colcon_core.event_handler.log_command:Invoking command in '/home/david/limbo/build/limbo_navigation': CMAKE_PREFIX_PATH=${CMAKE_PREFIX_PATH}:/opt/ros/jazzy DEBUGINFOD_URLS=https://debuginfod.ubuntu.com /usr/bin/cmake --install /home/david/limbo/build/limbo_navigation
[1.696s] DEBUG:colcon.colcon_core.event_handler.log_command:Invoked command in '/home/david/limbo/build/limbo_simulation' returned '0': CMAKE_PREFIX_PATH=${CMAKE_PREFIX_PATH}:/opt/ros/jazzy DEBUGINFOD_URLS=https://debuginfod.ubuntu.com /usr/bin/cmake --build /home/david/limbo/build/limbo_simulation -- -j12 -l12
[1.697s] DEBUG:colcon.colcon_core.event_handler.log_command:Invoking command in '/home/david/limbo/build/limbo_simulation': CMAKE_PREFIX_PATH=${CMAKE_PREFIX_PATH}:/opt/ros/jazzy DEBUGINFOD_URLS=https://debuginfod.ubuntu.com /usr/bin/cmake --install /home/david/limbo/build/limbo_simulation
[1.702s] Level 1:colcon.colcon_core.environment:create_environment_scripts_only(limbo_description)
[1.705s] DEBUG:colcon.colcon_core.event_handler.log_command:Invoked command in '/home/david/limbo/build/limbo_description' returned '0': CMAKE_PREFIX_PATH=${CMAKE_PREFIX_PATH}:/opt/ros/jazzy DEBUGINFOD_URLS=https://debuginfod.ubuntu.com /usr/bin/cmake --install /home/david/limbo/build/limbo_description
[1.722s] Level 1:colcon.colcon_core.environment:checking '/home/david/limbo/install/limbo_description' for CMake module files
[1.722s] Level 1:colcon.colcon_core.environment:checking '/home/david/limbo/install/limbo_description' for CMake config files
[1.722s] Level 1:colcon.colcon_core.shell:create_environment_hook('limbo_description', 'cmake_prefix_path')
[1.723s] INFO:colcon.colcon_core.shell:Creating environment hook '/home/david/limbo/install/limbo_description/share/limbo_description/hook/cmake_prefix_path.ps1'
[1.724s] INFO:colcon.colcon_core.shell:Creating environment descriptor '/home/david/limbo/install/limbo_description/share/limbo_description/hook/cmake_prefix_path.dsv'
[1.726s] INFO:colcon.colcon_core.shell:Creating environment hook '/home/david/limbo/install/limbo_description/share/limbo_description/hook/cmake_prefix_path.sh'
[1.727s] Level 1:colcon.colcon_core.environment:checking '/home/david/limbo/install/limbo_description/bin'
[1.728s] Level 1:colcon.colcon_core.environment:checking '/home/david/limbo/install/limbo_description/lib/pkgconfig/limbo_description.pc'
[1.728s] Level 1:colcon.colcon_core.environment:checking '/home/david/limbo/install/limbo_description/lib/python3.12/site-packages'
[1.728s] Level 1:colcon.colcon_core.environment:checking '/home/david/limbo/install/limbo_description/bin'
[1.728s] INFO:colcon.colcon_core.shell:Creating package script '/home/david/limbo/install/limbo_description/share/limbo_description/package.ps1'
[1.730s] INFO:colcon.colcon_core.shell:Creating package descriptor '/home/david/limbo/install/limbo_description/share/limbo_description/package.dsv'
[1.731s] INFO:colcon.colcon_core.shell:Creating package script '/home/david/limbo/install/limbo_description/share/limbo_description/package.sh'
[1.733s] INFO:colcon.colcon_core.shell:Creating package script '/home/david/limbo/install/limbo_description/share/limbo_description/package.bash'
[1.734s] INFO:colcon.colcon_core.shell:Creating package script '/home/david/limbo/install/limbo_description/share/limbo_description/package.zsh'
[1.735s] Level 1:colcon.colcon_core.environment:create_file_with_runtime_dependencies(/home/david/limbo/install/limbo_description/share/colcon-core/packages/limbo_description)
[1.736s] Level 1:colcon.colcon_core.environment:create_environment_scripts_only(limbo_description)
[1.736s] Level 1:colcon.colcon_core.environment:checking '/home/david/limbo/install/limbo_description' for CMake module files
[1.737s] Level 1:colcon.colcon_core.environment:checking '/home/david/limbo/install/limbo_description' for CMake config files
[1.737s] Level 1:colcon.colcon_core.shell:create_environment_hook('limbo_description', 'cmake_prefix_path')
[1.737s] INFO:colcon.colcon_core.shell:Creating environment hook '/home/david/limbo/install/limbo_description/share/limbo_description/hook/cmake_prefix_path.ps1'
[1.737s] INFO:colcon.colcon_core.shell:Creating environment descriptor '/home/david/limbo/install/limbo_description/share/limbo_description/hook/cmake_prefix_path.dsv'
[1.738s] INFO:colcon.colcon_core.shell:Creating environment hook '/home/david/limbo/install/limbo_description/share/limbo_description/hook/cmake_prefix_path.sh'
[1.738s] Level 1:colcon.colcon_core.environment:checking '/home/david/limbo/install/limbo_description/bin'
[1.738s] Level 1:colcon.colcon_core.environment:checking '/home/david/limbo/install/limbo_description/lib/pkgconfig/limbo_description.pc'
[1.739s] Level 1:colcon.colcon_core.environment:checking '/home/david/limbo/install/limbo_description/lib/python3.12/site-packages'
[1.739s] Level 1:colcon.colcon_core.environment:checking '/home/david/limbo/install/limbo_description/bin'
[1.739s] INFO:colcon.colcon_core.shell:Creating package script '/home/david/limbo/install/limbo_description/share/limbo_description/package.ps1'
[1.740s] INFO:colcon.colcon_core.shell:Creating package descriptor '/home/david/limbo/install/limbo_description/share/limbo_description/package.dsv'
[1.740s] INFO:colcon.colcon_core.shell:Creating package script '/home/david/limbo/install/limbo_description/share/limbo_description/package.sh'
[1.741s] INFO:colcon.colcon_core.shell:Creating package script '/home/david/limbo/install/limbo_description/share/limbo_description/package.bash'
[1.741s] INFO:colcon.colcon_core.shell:Creating package script '/home/david/limbo/install/limbo_description/share/limbo_description/package.zsh'
[1.742s] Level 1:colcon.colcon_core.environment:create_file_with_runtime_dependencies(/home/david/limbo/install/limbo_description/share/colcon-core/packages/limbo_description)
[1.742s] Level 1:colcon.colcon_core.environment:create_environment_scripts_only(limbo_bringup)
[1.743s] Level 1:colcon.colcon_core.environment:checking '/home/david/limbo/install/limbo_bringup' for CMake module files
[1.743s] DEBUG:colcon.colcon_core.event_handler.log_command:Invoked command in '/home/david/limbo/build/limbo_bringup' returned '0': CMAKE_PREFIX_PATH=${CMAKE_PREFIX_PATH}:/opt/ros/jazzy DEBUGINFOD_URLS=https://debuginfod.ubuntu.com /usr/bin/cmake --install /home/david/limbo/build/limbo_bringup
[1.743s] Level 1:colcon.colcon_core.environment:checking '/home/david/limbo/install/limbo_bringup' for CMake config files
[1.744s] Level 1:colcon.colcon_core.shell:create_environment_hook('limbo_bringup', 'cmake_prefix_path')
[1.744s] INFO:colcon.colcon_core.shell:Creating environment hook '/home/david/limbo/install/limbo_bringup/share/limbo_bringup/hook/cmake_prefix_path.ps1'
[1.744s] INFO:colcon.colcon_core.shell:Creating environment descriptor '/home/david/limbo/install/limbo_bringup/share/limbo_bringup/hook/cmake_prefix_path.dsv'
[1.744s] INFO:colcon.colcon_core.shell:Creating environment hook '/home/david/limbo/install/limbo_bringup/share/limbo_bringup/hook/cmake_prefix_path.sh'
[1.745s] Level 1:colcon.colcon_core.environment:checking '/home/david/limbo/install/limbo_bringup/bin'
[1.745s] Level 1:colcon.colcon_core.environment:checking '/home/david/limbo/install/limbo_bringup/lib/pkgconfig/limbo_bringup.pc'
[1.745s] Level 1:colcon.colcon_core.environment:checking '/home/david/limbo/install/limbo_bringup/lib/python3.12/site-packages'
[1.745s] Level 1:colcon.colcon_core.environment:checking '/home/david/limbo/install/limbo_bringup/bin'
[1.746s] INFO:colcon.colcon_core.shell:Creating package script '/home/david/limbo/install/limbo_bringup/share/limbo_bringup/package.ps1'
[1.746s] INFO:colcon.colcon_core.shell:Creating package descriptor '/home/david/limbo/install/limbo_bringup/share/limbo_bringup/package.dsv'
[1.746s] INFO:colcon.colcon_core.shell:Creating package script '/home/david/limbo/install/limbo_bringup/share/limbo_bringup/package.sh'
[1.747s] INFO:colcon.colcon_core.shell:Creating package script '/home/david/limbo/install/limbo_bringup/share/limbo_bringup/package.bash'
[1.747s] INFO:colcon.colcon_core.shell:Creating package script '/home/david/limbo/install/limbo_bringup/share/limbo_bringup/package.zsh'
[1.747s] Level 1:colcon.colcon_core.environment:create_file_with_runtime_dependencies(/home/david/limbo/install/limbo_bringup/share/colcon-core/packages/limbo_bringup)
[1.748s] Level 1:colcon.colcon_core.environment:create_environment_scripts_only(limbo_bringup)
[1.748s] Level 1:colcon.colcon_core.environment:checking '/home/david/limbo/install/limbo_bringup' for CMake module files
[1.749s] Level 1:colcon.colcon_core.environment:checking '/home/david/limbo/install/limbo_bringup' for CMake config files
[1.749s] Level 1:colcon.colcon_core.shell:create_environment_hook('limbo_bringup', 'cmake_prefix_path')
[1.749s] INFO:colcon.colcon_core.shell:Creating environment hook '/home/david/limbo/install/limbo_bringup/share/limbo_bringup/hook/cmake_prefix_path.ps1'
[1.750s] INFO:colcon.colcon_core.shell:Creating environment descriptor '/home/david/limbo/install/limbo_bringup/share/limbo_bringup/hook/cmake_prefix_path.dsv'
[1.750s] INFO:colcon.colcon_core.shell:Creating environment hook '/home/david/limbo/install/limbo_bringup/share/limbo_bringup/hook/cmake_prefix_path.sh'
[1.751s] Level 1:colcon.colcon_core.environment:checking '/home/david/limbo/install/limbo_bringup/bin'
[1.751s] Level 1:colcon.colcon_core.environment:checking '/home/david/limbo/install/limbo_bringup/lib/pkgconfig/limbo_bringup.pc'
[1.751s] Level 1:colcon.colcon_core.environment:checking '/home/david/limbo/install/limbo_bringup/lib/python3.12/site-packages'
[1.751s] Level 1:colcon.colcon_core.environment:checking '/home/david/limbo/install/limbo_bringup/bin'
[1.751s] INFO:colcon.colcon_core.shell:Creating package script '/home/david/limbo/install/limbo_bringup/share/limbo_bringup/package.ps1'
[1.752s] INFO:colcon.colcon_core.shell:Creating package descriptor '/home/david/limbo/install/limbo_bringup/share/limbo_bringup/package.dsv'
[1.753s] INFO:colcon.colcon_core.shell:Creating package script '/home/david/limbo/install/limbo_bringup/share/limbo_bringup/package.sh'
[1.753s] INFO:colcon.colcon_core.shell:Creating package script '/home/david/limbo/install/limbo_bringup/share/limbo_bringup/package.bash'
[1.753s] INFO:colcon.colcon_core.shell:Creating package script '/home/david/limbo/install/limbo_bringup/share/limbo_bringup/package.zsh'
[1.754s] Level 1:colcon.colcon_core.environment:create_file_with_runtime_dependencies(/home/david/limbo/install/limbo_bringup/share/colcon-core/packages/limbo_bringup)
[1.754s] Level 1:colcon.colcon_core.environment:create_environment_scripts_only(limbo_navigation)
[1.754s] Level 1:colcon.colcon_core.environment:checking '/home/david/limbo/install/limbo_navigation' for CMake module files
[1.755s] DEBUG:colcon.colcon_core.event_handler.log_command:Invoked command in '/home/david/limbo/build/limbo_navigation' returned '0': CMAKE_PREFIX_PATH=${CMAKE_PREFIX_PATH}:/opt/ros/jazzy DEBUGINFOD_URLS=https://debuginfod.ubuntu.com /usr/bin/cmake --install /home/david/limbo/build/limbo_navigation
[1.755s] Level 1:colcon.colcon_core.environment:checking '/home/david/limbo/install/limbo_navigation' for CMake config files
[1.755s] Level 1:colcon.colcon_core.shell:create_environment_hook('limbo_navigation', 'cmake_prefix_path')
[1.755s] INFO:colcon.colcon_core.shell:Creating environment hook '/home/david/limbo/install/limbo_navigation/share/limbo_navigation/hook/cmake_prefix_path.ps1'
[1.756s] INFO:colcon.colcon_core.shell:Creating environment descriptor '/home/david/limbo/install/limbo_navigation/share/limbo_navigation/hook/cmake_prefix_path.dsv'
[1.756s] INFO:colcon.colcon_core.shell:Creating environment hook '/home/david/limbo/install/limbo_navigation/share/limbo_navigation/hook/cmake_prefix_path.sh'
[1.756s] Level 1:colcon.colcon_core.environment:checking '/home/david/limbo/install/limbo_navigation/bin'
[1.756s] Level 1:colcon.colcon_core.environment:checking '/home/david/limbo/install/limbo_navigation/lib/pkgconfig/limbo_navigation.pc'
[1.756s] Level 1:colcon.colcon_core.environment:checking '/home/david/limbo/install/limbo_navigation/lib/python3.12/site-packages'
[1.757s] Level 1:colcon.colcon_core.environment:checking '/home/david/limbo/install/limbo_navigation/bin'
[1.757s] INFO:colcon.colcon_core.shell:Creating package script '/home/david/limbo/install/limbo_navigation/share/limbo_navigation/package.ps1'
[1.757s] INFO:colcon.colcon_core.shell:Creating package descriptor '/home/david/limbo/install/limbo_navigation/share/limbo_navigation/package.dsv'
[1.758s] INFO:colcon.colcon_core.shell:Creating package script '/home/david/limbo/install/limbo_navigation/share/limbo_navigation/package.sh'
[1.758s] INFO:colcon.colcon_core.shell:Creating package script '/home/david/limbo/install/limbo_navigation/share/limbo_navigation/package.bash'
[1.758s] INFO:colcon.colcon_core.shell:Creating package script '/home/david/limbo/install/limbo_navigation/share/limbo_navigation/package.zsh'
[1.759s] Level 1:colcon.colcon_core.environment:create_file_with_runtime_dependencies(/home/david/limbo/install/limbo_navigation/share/colcon-core/packages/limbo_navigation)
[1.759s] Level 1:colcon.colcon_core.environment:create_environment_scripts_only(limbo_navigation)
[1.759s] Level 1:colcon.colcon_core.environment:checking '/home/david/limbo/install/limbo_navigation' for CMake module files
[1.759s] Level 1:colcon.colcon_core.environment:checking '/home/david/limbo/install/limbo_navigation' for CMake config files
[1.759s] Level 1:colcon.colcon_core.shell:create_environment_hook('limbo_navigation', 'cmake_prefix_path')
[1.760s] INFO:colcon.colcon_core.shell:Creating environment hook '/home/david/limbo/install/limbo_navigation/share/limbo_navigation/hook/cmake_prefix_path.ps1'
[1.760s] INFO:colcon.colcon_core.shell:Creating environment descriptor '/home/david/limbo/install/limbo_navigation/share/limbo_navigation/hook/cmake_prefix_path.dsv'
[1.760s] INFO:colcon.colcon_core.shell:Creating environment hook '/home/david/limbo/install/limbo_navigation/share/limbo_navigation/hook/cmake_prefix_path.sh'
[1.761s] Level 1:colcon.colcon_core.environment:checking '/home/david/limbo/install/limbo_navigation/bin'
[1.761s] Level 1:colcon.colcon_core.environment:checking '/home/david/limbo/install/limbo_navigation/lib/pkgconfig/limbo_navigation.pc'
[1.761s] Level 1:colcon.colcon_core.environment:checking '/home/david/limbo/install/limbo_navigation/lib/python3.12/site-packages'
[1.762s] Level 1:colcon.colcon_core.environment:checking '/home/david/limbo/install/limbo_navigation/bin'
[1.762s] INFO:colcon.colcon_core.shell:Creating package script '/home/david/limbo/install/limbo_navigation/share/limbo_navigation/package.ps1'
[1.762s] INFO:colcon.colcon_core.shell:Creating package descriptor '/home/david/limbo/install/limbo_navigation/share/limbo_navigation/package.dsv'
[1.763s] INFO:colcon.colcon_core.shell:Creating package script '/home/david/limbo/install/limbo_navigation/share/limbo_navigation/package.sh'
[1.763s] INFO:colcon.colcon_core.shell:Creating package script '/home/david/limbo/install/limbo_navigation/share/limbo_navigation/package.bash'
[1.764s] INFO:colcon.colcon_core.shell:Creating package script '/home/david/limbo/install/limbo_navigation/share/limbo_navigation/package.zsh'
[1.764s] Level 1:colcon.colcon_core.environment:create_file_with_runtime_dependencies(/home/david/limbo/install/limbo_navigation/share/colcon-core/packages/limbo_navigation)
[1.765s] Level 1:colcon.colcon_core.environment:create_environment_scripts_only(limbo_simulation)
[1.765s] Level 1:colcon.colcon_core.environment:checking '/home/david/limbo/install/limbo_simulation' for CMake module files
[1.765s] DEBUG:colcon.colcon_core.event_handler.log_command:Invoked command in '/home/david/limbo/build/limbo_simulation' returned '0': CMAKE_PREFIX_PATH=${CMAKE_PREFIX_PATH}:/opt/ros/jazzy DEBUGINFOD_URLS=https://debuginfod.ubuntu.com /usr/bin/cmake --install /home/david/limbo/build/limbo_simulation
[1.766s] Level 1:colcon.colcon_core.environment:checking '/home/david/limbo/install/limbo_simulation' for CMake config files
[1.766s] Level 1:colcon.colcon_core.shell:create_environment_hook('limbo_simulation', 'cmake_prefix_path')
[1.766s] INFO:colcon.colcon_core.shell:Creating environment hook '/home/david/limbo/install/limbo_simulation/share/limbo_simulation/hook/cmake_prefix_path.ps1'
[1.766s] INFO:colcon.colcon_core.shell:Creating environment descriptor '/home/david/limbo/install/limbo_simulation/share/limbo_simulation/hook/cmake_prefix_path.dsv'
[1.766s] INFO:colcon.colcon_core.shell:Creating environment hook '/home/david/limbo/install/limbo_simulation/share/limbo_simulation/hook/cmake_prefix_path.sh'
[1.767s] Level 1:colcon.colcon_core.environment:checking '/home/david/limbo/install/limbo_simulation/bin'
[1.767s] Level 1:colcon.colcon_core.environment:checking '/home/david/limbo/install/limbo_simulation/lib/pkgconfig/limbo_simulation.pc'
[1.767s] Level 1:colcon.colcon_core.environment:checking '/home/david/limbo/install/limbo_simulation/lib/python3.12/site-packages'
[1.767s] Level 1:colcon.colcon_core.environment:checking '/home/david/limbo/install/limbo_simulation/bin'
[1.767s] INFO:colcon.colcon_core.shell:Creating package script '/home/david/limbo/install/limbo_simulation/share/limbo_simulation/package.ps1'
[1.768s] INFO:colcon.colcon_core.shell:Creating package descriptor '/home/david/limbo/install/limbo_simulation/share/limbo_simulation/package.dsv'
[1.769s] INFO:colcon.colcon_core.shell:Creating package script '/home/david/limbo/install/limbo_simulation/share/limbo_simulation/package.sh'
[1.769s] INFO:colcon.colcon_core.shell:Creating package script '/home/david/limbo/install/limbo_simulation/share/limbo_simulation/package.bash'
[1.769s] INFO:colcon.colcon_core.shell:Creating package script '/home/david/limbo/install/limbo_simulation/share/limbo_simulation/package.zsh'
[1.769s] Level 1:colcon.colcon_core.environment:create_file_with_runtime_dependencies(/home/david/limbo/install/limbo_simulation/share/colcon-core/packages/limbo_simulation)
[1.770s] Level 1:colcon.colcon_core.environment:create_environment_scripts_only(limbo_simulation)
[1.770s] Level 1:colcon.colcon_core.environment:checking '/home/david/limbo/install/limbo_simulation' for CMake module files
[1.770s] Level 1:colcon.colcon_core.environment:checking '/home/david/limbo/install/limbo_simulation' for CMake config files
[1.771s] Level 1:colcon.colcon_core.shell:create_environment_hook('limbo_simulation', 'cmake_prefix_path')
[1.771s] INFO:colcon.colcon_core.shell:Creating environment hook '/home/david/limbo/install/limbo_simulation/share/limbo_simulation/hook/cmake_prefix_path.ps1'
[1.771s] INFO:colcon.colcon_core.shell:Creating environment descriptor '/home/david/limbo/install/limbo_simulation/share/limbo_simulation/hook/cmake_prefix_path.dsv'
[1.772s] INFO:colcon.colcon_core.shell:Creating environment hook '/home/david/limbo/install/limbo_simulation/share/limbo_simulation/hook/cmake_prefix_path.sh'
[1.772s] Level 1:colcon.colcon_core.environment:checking '/home/david/limbo/install/limbo_simulation/bin'
[1.772s] Level 1:colcon.colcon_core.environment:checking '/home/david/limbo/install/limbo_simulation/lib/pkgconfig/limbo_simulation.pc'
[1.773s] Level 1:colcon.colcon_core.environment:checking '/home/david/limbo/install/limbo_simulation/lib/python3.12/site-packages'
[1.773s] Level 1:colcon.colcon_core.environment:checking '/home/david/limbo/install/limbo_simulation/bin'
[1.773s] INFO:colcon.colcon_core.shell:Creating package script '/home/david/limbo/install/limbo_simulation/share/limbo_simulation/package.ps1'
[1.774s] INFO:colcon.colcon_core.shell:Creating package descriptor '/home/david/limbo/install/limbo_simulation/share/limbo_simulation/package.dsv'
[1.774s] INFO:colcon.colcon_core.shell:Creating package script '/home/david/limbo/install/limbo_simulation/share/limbo_simulation/package.sh'
[1.775s] INFO:colcon.colcon_core.shell:Creating package script '/home/david/limbo/install/limbo_simulation/share/limbo_simulation/package.bash'
[1.775s] INFO:colcon.colcon_core.shell:Creating package script '/home/david/limbo/install/limbo_simulation/share/limbo_simulation/package.zsh'
[1.776s] Level 1:colcon.colcon_core.environment:create_file_with_runtime_dependencies(/home/david/limbo/install/limbo_simulation/share/colcon-core/packages/limbo_simulation)
[1.776s] DEBUG:colcon.colcon_parallel_executor.executor.parallel:closing loop
[1.776s] DEBUG:colcon.colcon_parallel_executor.executor.parallel:loop closed
[1.776s] DEBUG:colcon.colcon_parallel_executor.executor.parallel:run_until_complete finished with '0'
[1.777s] DEBUG:colcon.colcon_core.event_reactor:joining thread
[1.781s] INFO:colcon.colcon_core.plugin_system:Skipping extension 'colcon_notification.desktop_notification.terminal_notifier': Not used on non-Darwin systems
[1.781s] INFO:colcon.colcon_core.plugin_system:Skipping extension 'colcon_notification.desktop_notification.win32': Not used on non-Windows systems
[1.781s] INFO:colcon.colcon_notification.desktop_notification:Sending desktop notification using 'notify2'
[1.794s] DEBUG:colcon.colcon_core.event_reactor:joined thread
[1.794s] INFO:colcon.colcon_core.shell:Creating prefix script '/home/david/limbo/install/local_setup.ps1'
[1.795s] INFO:colcon.colcon_core.shell:Creating prefix util module '/home/david/limbo/install/_local_setup_util_ps1.py'
[1.796s] INFO:colcon.colcon_core.shell:Creating prefix chain script '/home/david/limbo/install/setup.ps1'
[1.797s] INFO:colcon.colcon_core.shell:Creating prefix script '/home/david/limbo/install/local_setup.sh'
[1.798s] INFO:colcon.colcon_core.shell:Creating prefix util module '/home/david/limbo/install/_local_setup_util_sh.py'
[1.799s] INFO:colcon.colcon_core.shell:Creating prefix chain script '/home/david/limbo/install/setup.sh'
[1.800s] INFO:colcon.colcon_core.shell:Creating prefix script '/home/david/limbo/install/local_setup.bash'
[1.800s] INFO:colcon.colcon_core.shell:Creating prefix chain script '/home/david/limbo/install/setup.bash'
[1.801s] INFO:colcon.colcon_core.shell:Creating prefix script '/home/david/limbo/install/local_setup.zsh'
[1.802s] INFO:colcon.colcon_core.shell:Creating prefix chain script '/home/david/limbo/install/setup.zsh'
