[0.020s] Invoking command in '/home/david/limbo/build/limbo_bringup': CMAKE_PREFIX_PATH=${CMAKE_PREFIX_PATH}:/opt/ros/jazzy DEBUGINFOD_URLS=https://debuginfod.ubuntu.com /usr/bin/cmake --build /home/david/limbo/build/limbo_bringup -- -j12 -l12
[0.050s] Invoked command in '/home/david/limbo/build/limbo_bringup' returned '0': CMAKE_PREFIX_PATH=${CMAKE_PREFIX_PATH}:/opt/ros/jazzy DEBUGINFOD_URLS=https://debuginfod.ubuntu.com /usr/bin/cmake --build /home/david/limbo/build/limbo_bringup -- -j12 -l12
[0.057s] Invoking command in '/home/david/limbo/build/limbo_bringup': CMAKE_PREFIX_PATH=${CMAKE_PREFIX_PATH}:/opt/ros/jazzy DEBUGINFOD_URLS=https://debuginfod.ubuntu.com /usr/bin/cmake --install /home/david/limbo/build/limbo_bringup
[0.063s] -- Install configuration: ""
[0.063s] -- Up-to-date: /home/david/limbo/install/limbo_bringup/share/limbo_bringup/launch
[0.064s] -- Up-to-date: /home/david/limbo/install/limbo_bringup/share/ament_index/resource_index/package_run_dependencies/limbo_bringup
[0.064s] -- Up-to-date: /home/david/limbo/install/limbo_bringup/share/ament_index/resource_index/parent_prefix_path/limbo_bringup
[0.064s] -- Up-to-date: /home/david/limbo/install/limbo_bringup/share/limbo_bringup/environment/ament_prefix_path.sh
[0.064s] -- Up-to-date: /home/david/limbo/install/limbo_bringup/share/limbo_bringup/environment/ament_prefix_path.dsv
[0.064s] -- Up-to-date: /home/david/limbo/install/limbo_bringup/share/limbo_bringup/environment/path.sh
[0.064s] -- Up-to-date: /home/david/limbo/install/limbo_bringup/share/limbo_bringup/environment/path.dsv
[0.064s] -- Up-to-date: /home/david/limbo/install/limbo_bringup/share/limbo_bringup/local_setup.bash
[0.064s] -- Up-to-date: /home/david/limbo/install/limbo_bringup/share/limbo_bringup/local_setup.sh
[0.064s] -- Up-to-date: /home/david/limbo/install/limbo_bringup/share/limbo_bringup/local_setup.zsh
[0.064s] -- Up-to-date: /home/david/limbo/install/limbo_bringup/share/limbo_bringup/local_setup.dsv
[0.065s] -- Installing: /home/david/limbo/install/limbo_bringup/share/limbo_bringup/package.dsv
[0.065s] -- Up-to-date: /home/david/limbo/install/limbo_bringup/share/ament_index/resource_index/packages/limbo_bringup
[0.065s] -- Up-to-date: /home/david/limbo/install/limbo_bringup/share/limbo_bringup/cmake/limbo_bringupConfig.cmake
[0.065s] -- Up-to-date: /home/david/limbo/install/limbo_bringup/share/limbo_bringup/cmake/limbo_bringupConfig-version.cmake
[0.065s] -- Up-to-date: /home/david/limbo/install/limbo_bringup/share/limbo_bringup/package.xml
[0.072s] Invoked command in '/home/david/limbo/build/limbo_bringup' returned '0': CMAKE_PREFIX_PATH=${CMAKE_PREFIX_PATH}:/opt/ros/jazzy DEBUGINFOD_URLS=https://debuginfod.ubuntu.com /usr/bin/cmake --install /home/david/limbo/build/limbo_bringup
