-- Install configuration: ""
-- Up-to-date: /home/david/limbo/install/limbo_navigation/share/limbo_navigation/config
-- Installing: /home/david/limbo/install/limbo_navigation/share/limbo_navigation/config/slam.yaml
-- Up-to-date: /home/david/limbo/install/limbo_navigation/share/limbo_navigation/maps
-- Up-to-date: /home/david/limbo/install/limbo_navigation/share/limbo_navigation/launch
-- Up-to-date: /home/david/limbo/install/limbo_navigation/share/limbo_navigation/rviz
-- Up-to-date: /home/david/limbo/install/limbo_navigation/share/ament_index/resource_index/package_run_dependencies/limbo_navigation
-- Up-to-date: /home/david/limbo/install/limbo_navigation/share/ament_index/resource_index/parent_prefix_path/limbo_navigation
-- Up-to-date: /home/david/limbo/install/limbo_navigation/share/limbo_navigation/environment/ament_prefix_path.sh
-- Up-to-date: /home/david/limbo/install/limbo_navigation/share/limbo_navigation/environment/ament_prefix_path.dsv
-- Up-to-date: /home/david/limbo/install/limbo_navigation/share/limbo_navigation/environment/path.sh
-- Up-to-date: /home/david/limbo/install/limbo_navigation/share/limbo_navigation/environment/path.dsv
-- Up-to-date: /home/david/limbo/install/limbo_navigation/share/limbo_navigation/local_setup.bash
-- Up-to-date: /home/david/limbo/install/limbo_navigation/share/limbo_navigation/local_setup.sh
-- Up-to-date: /home/david/limbo/install/limbo_navigation/share/limbo_navigation/local_setup.zsh
-- Up-to-date: /home/david/limbo/install/limbo_navigation/share/limbo_navigation/local_setup.dsv
-- Installing: /home/david/limbo/install/limbo_navigation/share/limbo_navigation/package.dsv
-- Up-to-date: /home/david/limbo/install/limbo_navigation/share/ament_index/resource_index/packages/limbo_navigation
-- Up-to-date: /home/david/limbo/install/limbo_navigation/share/limbo_navigation/cmake/limbo_navigationConfig.cmake
-- Up-to-date: /home/david/limbo/install/limbo_navigation/share/limbo_navigation/cmake/limbo_navigationConfig-version.cmake
-- Up-to-date: /home/david/limbo/install/limbo_navigation/share/limbo_navigation/package.xml
