[0.013s] Invoking command in '/home/david/limbo/build/limbo_navigation': DEBUGINFOD_URLS=https://debuginfod.ubuntu.com /usr/bin/cmake --build /home/david/limbo/build/limbo_navigation -- -j12 -l12
[0.051s] Invoked command in '/home/david/limbo/build/limbo_navigation' returned '0': DEBUGINFOD_URLS=https://debuginfod.ubuntu.com /usr/bin/cmake --build /home/david/limbo/build/limbo_navigation -- -j12 -l12
[0.052s] Invoking command in '/home/david/limbo/build/limbo_navigation': DEBUGINFOD_URLS=https://debuginfod.ubuntu.com /usr/bin/cmake --install /home/david/limbo/build/limbo_navigation
[0.070s] -- Install configuration: ""
[0.070s] -- Up-to-date: /home/david/limbo/install/limbo_navigation/share/limbo_navigation/config
[0.070s] -- Installing: /home/david/limbo/install/limbo_navigation/share/limbo_navigation/config/slam.yaml
[0.070s] -- Up-to-date: /home/david/limbo/install/limbo_navigation/share/limbo_navigation/maps
[0.071s] -- Up-to-date: /home/david/limbo/install/limbo_navigation/share/limbo_navigation/launch
[0.071s] -- Up-to-date: /home/david/limbo/install/limbo_navigation/share/limbo_navigation/rviz
[0.072s] -- Up-to-date: /home/david/limbo/install/limbo_navigation/share/ament_index/resource_index/package_run_dependencies/limbo_navigation
[0.074s] -- Up-to-date: /home/david/limbo/install/limbo_navigation/share/ament_index/resource_index/parent_prefix_path/limbo_navigation
[0.075s] -- Up-to-date: /home/david/limbo/install/limbo_navigation/share/limbo_navigation/environment/ament_prefix_path.sh
[0.075s] -- Up-to-date: /home/david/limbo/install/limbo_navigation/share/limbo_navigation/environment/ament_prefix_path.dsv
[0.075s] -- Up-to-date: /home/david/limbo/install/limbo_navigation/share/limbo_navigation/environment/path.sh
[0.075s] -- Up-to-date: /home/david/limbo/install/limbo_navigation/share/limbo_navigation/environment/path.dsv
[0.076s] -- Up-to-date: /home/david/limbo/install/limbo_navigation/share/limbo_navigation/local_setup.bash
[0.076s] -- Up-to-date: /home/david/limbo/install/limbo_navigation/share/limbo_navigation/local_setup.sh
[0.076s] -- Up-to-date: /home/david/limbo/install/limbo_navigation/share/limbo_navigation/local_setup.zsh
[0.077s] -- Up-to-date: /home/david/limbo/install/limbo_navigation/share/limbo_navigation/local_setup.dsv
[0.077s] -- Installing: /home/david/limbo/install/limbo_navigation/share/limbo_navigation/package.dsv
[0.082s] -- Up-to-date: /home/david/limbo/install/limbo_navigation/share/ament_index/resource_index/packages/limbo_navigation
[0.082s] -- Up-to-date: /home/david/limbo/install/limbo_navigation/share/limbo_navigation/cmake/limbo_navigationConfig.cmake
[0.082s] -- Up-to-date: /home/david/limbo/install/limbo_navigation/share/limbo_navigation/cmake/limbo_navigationConfig-version.cmake
[0.082s] -- Up-to-date: /home/david/limbo/install/limbo_navigation/share/limbo_navigation/package.xml
[0.122s] Invoked command in '/home/david/limbo/build/limbo_navigation' returned '0': DEBUGINFOD_URLS=https://debuginfod.ubuntu.com /usr/bin/cmake --install /home/david/limbo/build/limbo_navigation
