-- Install configuration: ""
-- Up-to-date: /home/david/limbo/install/limbo_simulation/share/limbo_simulation/worlds
-- Up-to-date: /home/david/limbo/install/limbo_simulation/share/limbo_simulation/config
-- Up-to-date: /home/david/limbo/install/limbo_simulation/share/limbo_simulation/config/bridge.yaml
-- Up-to-date: /home/david/limbo/install/limbo_simulation/share/limbo_simulation/launch
-- Installing: /home/david/limbo/install/limbo_simulation/share/limbo_simulation/launch/gazebo.launch.py
-- Up-to-date: /home/david/limbo/install/limbo_simulation/share/ament_index/resource_index/package_run_dependencies/limbo_simulation
-- Up-to-date: /home/david/limbo/install/limbo_simulation/share/ament_index/resource_index/parent_prefix_path/limbo_simulation
-- Up-to-date: /home/david/limbo/install/limbo_simulation/share/limbo_simulation/environment/ament_prefix_path.sh
-- Up-to-date: /home/david/limbo/install/limbo_simulation/share/limbo_simulation/environment/ament_prefix_path.dsv
-- Up-to-date: /home/david/limbo/install/limbo_simulation/share/limbo_simulation/environment/path.sh
-- Up-to-date: /home/david/limbo/install/limbo_simulation/share/limbo_simulation/environment/path.dsv
-- Up-to-date: /home/david/limbo/install/limbo_simulation/share/limbo_simulation/local_setup.bash
-- Up-to-date: /home/david/limbo/install/limbo_simulation/share/limbo_simulation/local_setup.sh
-- Up-to-date: /home/david/limbo/install/limbo_simulation/share/limbo_simulation/local_setup.zsh
-- Up-to-date: /home/david/limbo/install/limbo_simulation/share/limbo_simulation/local_setup.dsv
-- Installing: /home/david/limbo/install/limbo_simulation/share/limbo_simulation/package.dsv
-- Up-to-date: /home/david/limbo/install/limbo_simulation/share/ament_index/resource_index/packages/limbo_simulation
-- Up-to-date: /home/david/limbo/install/limbo_simulation/share/limbo_simulation/cmake/limbo_simulationConfig.cmake
-- Up-to-date: /home/david/limbo/install/limbo_simulation/share/limbo_simulation/cmake/limbo_simulationConfig-version.cmake
-- Up-to-date: /home/david/limbo/install/limbo_simulation/share/limbo_simulation/package.xml
