-- The C compiler identification is GNU 13.3.0
-- The CXX compiler identification is GNU 13.3.0
-- Detecting C compiler ABI info
-- Detecting C compiler ABI info - done
-- Check for working C compiler: /usr/bin/cc - skipped
-- Detecting C compile features
-- Detecting C compile features - done
-- Detecting CXX compiler ABI info
-- Detecting CXX compiler ABI info - done
-- Check for working CXX compiler: /usr/bin/c++ - skipped
-- Detecting CXX compile features
-- Detecting CXX compile features - done
-- Found ament_cmake: 2.5.6 (/opt/ros/jazzy/share/ament_cmake/cmake)
-- Found Python3: /usr/bin/python3 (found version "3.12.3") found components: Interpreter 
-- Found ament_lint_auto: 0.17.5 (/opt/ros/jazzy/share/ament_lint_auto/cmake)
-- Added test 'lint_cmake' to check CMake code style
-- Added test 'xmllint' to check XML markup files
-- Configuring done (1.3s)
-- Generating done (0.0s)
-- Build files have been written to: /home/david/limbo/build/limbo_navigation
-- Install configuration: ""
-- Installing: /home/david/limbo/install/limbo_navigation/share/ament_index/resource_index/package_run_dependencies/limbo_navigation
-- Installing: /home/david/limbo/install/limbo_navigation/share/ament_index/resource_index/parent_prefix_path/limbo_navigation
-- Installing: /home/david/limbo/install/limbo_navigation/share/limbo_navigation/environment/ament_prefix_path.sh
-- Installing: /home/david/limbo/install/limbo_navigation/share/limbo_navigation/environment/ament_prefix_path.dsv
-- Installing: /home/david/limbo/install/limbo_navigation/share/limbo_navigation/environment/path.sh
-- Installing: /home/david/limbo/install/limbo_navigation/share/limbo_navigation/environment/path.dsv
-- Installing: /home/david/limbo/install/limbo_navigation/share/limbo_navigation/local_setup.bash
-- Installing: /home/david/limbo/install/limbo_navigation/share/limbo_navigation/local_setup.sh
-- Installing: /home/david/limbo/install/limbo_navigation/share/limbo_navigation/local_setup.zsh
-- Installing: /home/david/limbo/install/limbo_navigation/share/limbo_navigation/local_setup.dsv
-- Installing: /home/david/limbo/install/limbo_navigation/share/limbo_navigation/package.dsv
-- Installing: /home/david/limbo/install/limbo_navigation/share/ament_index/resource_index/packages/limbo_navigation
-- Installing: /home/david/limbo/install/limbo_navigation/share/limbo_navigation/cmake/limbo_navigationConfig.cmake
-- Installing: /home/david/limbo/install/limbo_navigation/share/limbo_navigation/cmake/limbo_navigationConfig-version.cmake
-- Installing: /home/david/limbo/install/limbo_navigation/share/limbo_navigation/package.xml
