[0.013s] Invoking command in '/home/david/limbo/build/limbo_navigation': CMAKE_PREFIX_PATH=${CMAKE_PREFIX_PATH}:/opt/ros/jazzy DEBUGINFOD_URLS=https://debuginfod.ubuntu.com /usr/bin/cmake /home/david/limbo/src/limbo_navigation -DCMAKE_INSTALL_PREFIX=/home/david/limbo/install/limbo_navigation
[0.388s] -- The C compiler identification is GNU 13.3.0
[0.628s] -- The CXX compiler identification is GNU 13.3.0
[0.659s] -- Detecting C compiler ABI info
[0.777s] -- Detecting C compiler ABI info - done
[0.785s] -- Check for working C compiler: /usr/bin/cc - skipped
[0.786s] -- Detecting C compile features
[0.788s] -- Detecting C compile features - done
[0.798s] -- Detecting CXX compiler ABI info
[0.881s] -- Detecting CXX compiler ABI info - done
[0.892s] -- Check for working CXX compiler: /usr/bin/c++ - skipped
[0.893s] -- Detecting CXX compile features
[0.893s] -- Detecting CXX compile features - done
[0.927s] -- Found ament_cmake: 2.5.6 (/opt/ros/jazzy/share/ament_cmake/cmake)
[1.081s] -- Found Python3: /usr/bin/python3 (found version "3.12.3") found components: Interpreter 
[1.262s] -- Found ament_lint_auto: 0.17.5 (/opt/ros/jazzy/share/ament_lint_auto/cmake)
[1.401s] -- Added test 'lint_cmake' to check CMake code style
[1.404s] -- Added test 'xmllint' to check XML markup files
[1.408s] -- Configuring done (1.3s)
[1.414s] -- Generating done (0.0s)
[1.419s] -- Build files have been written to: /home/david/limbo/build/limbo_navigation
[1.429s] Invoked command in '/home/david/limbo/build/limbo_navigation' returned '0': CMAKE_PREFIX_PATH=${CMAKE_PREFIX_PATH}:/opt/ros/jazzy DEBUGINFOD_URLS=https://debuginfod.ubuntu.com /usr/bin/cmake /home/david/limbo/src/limbo_navigation -DCMAKE_INSTALL_PREFIX=/home/david/limbo/install/limbo_navigation
[1.429s] Invoking command in '/home/david/limbo/build/limbo_navigation': CMAKE_PREFIX_PATH=${CMAKE_PREFIX_PATH}:/opt/ros/jazzy DEBUGINFOD_URLS=https://debuginfod.ubuntu.com /usr/bin/cmake --build /home/david/limbo/build/limbo_navigation -- -j12 -l12
[1.466s] Invoked command in '/home/david/limbo/build/limbo_navigation' returned '0': CMAKE_PREFIX_PATH=${CMAKE_PREFIX_PATH}:/opt/ros/jazzy DEBUGINFOD_URLS=https://debuginfod.ubuntu.com /usr/bin/cmake --build /home/david/limbo/build/limbo_navigation -- -j12 -l12
[1.466s] Invoking command in '/home/david/limbo/build/limbo_navigation': CMAKE_PREFIX_PATH=${CMAKE_PREFIX_PATH}:/opt/ros/jazzy DEBUGINFOD_URLS=https://debuginfod.ubuntu.com /usr/bin/cmake --install /home/david/limbo/build/limbo_navigation
[1.473s] -- Install configuration: ""
[1.474s] -- Installing: /home/david/limbo/install/limbo_navigation/share/ament_index/resource_index/package_run_dependencies/limbo_navigation
[1.474s] -- Installing: /home/david/limbo/install/limbo_navigation/share/ament_index/resource_index/parent_prefix_path/limbo_navigation
[1.475s] -- Installing: /home/david/limbo/install/limbo_navigation/share/limbo_navigation/environment/ament_prefix_path.sh
[1.475s] -- Installing: /home/david/limbo/install/limbo_navigation/share/limbo_navigation/environment/ament_prefix_path.dsv
[1.475s] -- Installing: /home/david/limbo/install/limbo_navigation/share/limbo_navigation/environment/path.sh
[1.475s] -- Installing: /home/david/limbo/install/limbo_navigation/share/limbo_navigation/environment/path.dsv
[1.475s] -- Installing: /home/david/limbo/install/limbo_navigation/share/limbo_navigation/local_setup.bash
[1.476s] -- Installing: /home/david/limbo/install/limbo_navigation/share/limbo_navigation/local_setup.sh
[1.476s] -- Installing: /home/david/limbo/install/limbo_navigation/share/limbo_navigation/local_setup.zsh
[1.476s] -- Installing: /home/david/limbo/install/limbo_navigation/share/limbo_navigation/local_setup.dsv
[1.476s] -- Installing: /home/david/limbo/install/limbo_navigation/share/limbo_navigation/package.dsv
[1.476s] -- Installing: /home/david/limbo/install/limbo_navigation/share/ament_index/resource_index/packages/limbo_navigation
[1.476s] -- Installing: /home/david/limbo/install/limbo_navigation/share/limbo_navigation/cmake/limbo_navigationConfig.cmake
[1.476s] -- Installing: /home/david/limbo/install/limbo_navigation/share/limbo_navigation/cmake/limbo_navigationConfig-version.cmake
[1.476s] -- Installing: /home/david/limbo/install/limbo_navigation/share/limbo_navigation/package.xml
[1.526s] Invoked command in '/home/david/limbo/build/limbo_navigation' returned '0': CMAKE_PREFIX_PATH=${CMAKE_PREFIX_PATH}:/opt/ros/jazzy DEBUGINFOD_URLS=https://debuginfod.ubuntu.com /usr/bin/cmake --install /home/david/limbo/build/limbo_navigation
