[0.017s] Invoking command in '/home/david/limbo/build/limbo_description': CMAKE_PREFIX_PATH=${CMAKE_PREFIX_PATH}:/opt/ros/jazzy DEBUGINFOD_URLS=https://debuginfod.ubuntu.com /usr/bin/cmake --build /home/david/limbo/build/limbo_description -- -j12 -l12
[0.035s] -- Found ament_cmake: 2.5.6 (/opt/ros/jazzy/share/ament_cmake/cmake)
[0.223s] -- Found ament_lint_auto: 0.17.5 (/opt/ros/jazzy/share/ament_lint_auto/cmake)
[0.313s] -- Added test 'lint_cmake' to check CMake code style
[0.314s] -- Added test 'xmllint' to check XML markup files
[0.315s] -- Configuring done (0.3s)
[0.319s] -- Generating done (0.0s)
[0.321s] -- Build files have been written to: /home/david/limbo/build/limbo_description
[0.339s] Invoked command in '/home/david/limbo/build/limbo_description' returned '0': CMAKE_PREFIX_PATH=${CMAKE_PREFIX_PATH}:/opt/ros/jazzy DEBUGINFOD_URLS=https://debuginfod.ubuntu.com /usr/bin/cmake --build /home/david/limbo/build/limbo_description -- -j12 -l12
[0.346s] Invoking command in '/home/david/limbo/build/limbo_description': CMAKE_PREFIX_PATH=${CMAKE_PREFIX_PATH}:/opt/ros/jazzy DEBUGINFOD_URLS=https://debuginfod.ubuntu.com /usr/bin/cmake --install /home/david/limbo/build/limbo_description
[0.353s] -- Install configuration: ""
[0.354s] -- Installing: /home/david/limbo/install/limbo_description/share/limbo_description/urdf
[0.354s] -- Installing: /home/david/limbo/install/limbo_description/share/limbo_description/meshes
[0.354s] -- Installing: /home/david/limbo/install/limbo_description/share/limbo_description/launch
[0.354s] -- Installing: /home/david/limbo/install/limbo_description/share/limbo_description/rviz
[0.355s] -- Up-to-date: /home/david/limbo/install/limbo_description/share/ament_index/resource_index/package_run_dependencies/limbo_description
[0.355s] -- Up-to-date: /home/david/limbo/install/limbo_description/share/ament_index/resource_index/parent_prefix_path/limbo_description
[0.355s] -- Up-to-date: /home/david/limbo/install/limbo_description/share/limbo_description/environment/ament_prefix_path.sh
[0.355s] -- Up-to-date: /home/david/limbo/install/limbo_description/share/limbo_description/environment/ament_prefix_path.dsv
[0.355s] -- Up-to-date: /home/david/limbo/install/limbo_description/share/limbo_description/environment/path.sh
[0.356s] -- Up-to-date: /home/david/limbo/install/limbo_description/share/limbo_description/environment/path.dsv
[0.356s] -- Up-to-date: /home/david/limbo/install/limbo_description/share/limbo_description/local_setup.bash
[0.357s] -- Up-to-date: /home/david/limbo/install/limbo_description/share/limbo_description/local_setup.sh
[0.357s] -- Up-to-date: /home/david/limbo/install/limbo_description/share/limbo_description/local_setup.zsh
[0.357s] -- Up-to-date: /home/david/limbo/install/limbo_description/share/limbo_description/local_setup.dsv
[0.359s] -- Up-to-date: /home/david/limbo/install/limbo_description/share/limbo_description/package.dsv
[0.360s] -- Up-to-date: /home/david/limbo/install/limbo_description/share/ament_index/resource_index/packages/limbo_description
[0.360s] -- Up-to-date: /home/david/limbo/install/limbo_description/share/limbo_description/cmake/limbo_descriptionConfig.cmake
[0.360s] -- Up-to-date: /home/david/limbo/install/limbo_description/share/limbo_description/cmake/limbo_descriptionConfig-version.cmake
[0.361s] -- Up-to-date: /home/david/limbo/install/limbo_description/share/limbo_description/package.xml
[0.365s] Invoked command in '/home/david/limbo/build/limbo_description' returned '0': CMAKE_PREFIX_PATH=${CMAKE_PREFIX_PATH}:/opt/ros/jazzy DEBUGINFOD_URLS=https://debuginfod.ubuntu.com /usr/bin/cmake --install /home/david/limbo/build/limbo_description
