[0.016s] Invoking command in '/home/david/limbo/build/limbo_bringup': CMAKE_PREFIX_PATH=${CMAKE_PREFIX_PATH}:/opt/ros/jazzy DEBUGINFOD_URLS=https://debuginfod.ubuntu.com /usr/bin/cmake /home/david/limbo/src/limbo_bringup -DCMAKE_INSTALL_PREFIX=/home/david/limbo/install/limbo_bringup
[0.396s] -- The C compiler identification is GNU 13.3.0
[0.638s] -- The CXX compiler identification is GNU 13.3.0
[0.669s] -- Detecting C compiler ABI info
[0.787s] -- Detecting C compiler ABI info - done
[0.795s] -- Check for working C compiler: /usr/bin/cc - skipped
[0.796s] -- Detecting C compile features
[0.797s] -- Detecting C compile features - done
[0.807s] -- Detecting CXX compiler ABI info
[0.890s] -- Detecting CXX compiler ABI info - done
[0.898s] -- Check for working CXX compiler: /usr/bin/c++ - skipped
[0.899s] -- Detecting CXX compile features
[0.899s] -- Detecting CXX compile features - done
[0.936s] -- Found ament_cmake: 2.5.6 (/opt/ros/jazzy/share/ament_cmake/cmake)
[1.079s] -- Found Python3: /usr/bin/python3 (found version "3.12.3") found components: Interpreter 
[1.270s] -- Found ament_lint_auto: 0.17.5 (/opt/ros/jazzy/share/ament_lint_auto/cmake)
[1.410s] -- Added test 'lint_cmake' to check CMake code style
[1.413s] -- Added test 'xmllint' to check XML markup files
[1.417s] -- Configuring done (1.3s)
[1.423s] -- Generating done (0.0s)
[1.428s] -- Build files have been written to: /home/david/limbo/build/limbo_bringup
[1.437s] Invoked command in '/home/david/limbo/build/limbo_bringup' returned '0': CMAKE_PREFIX_PATH=${CMAKE_PREFIX_PATH}:/opt/ros/jazzy DEBUGINFOD_URLS=https://debuginfod.ubuntu.com /usr/bin/cmake /home/david/limbo/src/limbo_bringup -DCMAKE_INSTALL_PREFIX=/home/david/limbo/install/limbo_bringup
[1.438s] Invoking command in '/home/david/limbo/build/limbo_bringup': CMAKE_PREFIX_PATH=${CMAKE_PREFIX_PATH}:/opt/ros/jazzy DEBUGINFOD_URLS=https://debuginfod.ubuntu.com /usr/bin/cmake --build /home/david/limbo/build/limbo_bringup -- -j12 -l12
[1.474s] Invoked command in '/home/david/limbo/build/limbo_bringup' returned '0': CMAKE_PREFIX_PATH=${CMAKE_PREFIX_PATH}:/opt/ros/jazzy DEBUGINFOD_URLS=https://debuginfod.ubuntu.com /usr/bin/cmake --build /home/david/limbo/build/limbo_bringup -- -j12 -l12
[1.475s] Invoking command in '/home/david/limbo/build/limbo_bringup': CMAKE_PREFIX_PATH=${CMAKE_PREFIX_PATH}:/opt/ros/jazzy DEBUGINFOD_URLS=https://debuginfod.ubuntu.com /usr/bin/cmake --install /home/david/limbo/build/limbo_bringup
[1.480s] -- Install configuration: ""
[1.480s] -- Installing: /home/david/limbo/install/limbo_bringup/share/ament_index/resource_index/package_run_dependencies/limbo_bringup
[1.481s] -- Installing: /home/david/limbo/install/limbo_bringup/share/ament_index/resource_index/parent_prefix_path/limbo_bringup
[1.481s] -- Installing: /home/david/limbo/install/limbo_bringup/share/limbo_bringup/environment/ament_prefix_path.sh
[1.481s] -- Installing: /home/david/limbo/install/limbo_bringup/share/limbo_bringup/environment/ament_prefix_path.dsv
[1.482s] -- Installing: /home/david/limbo/install/limbo_bringup/share/limbo_bringup/environment/path.sh
[1.482s] -- Installing: /home/david/limbo/install/limbo_bringup/share/limbo_bringup/environment/path.dsv
[1.482s] -- Installing: /home/david/limbo/install/limbo_bringup/share/limbo_bringup/local_setup.bash
[1.483s] -- Installing: /home/david/limbo/install/limbo_bringup/share/limbo_bringup/local_setup.sh
[1.483s] -- Installing: /home/david/limbo/install/limbo_bringup/share/limbo_bringup/local_setup.zsh
[1.483s] -- Installing: /home/david/limbo/install/limbo_bringup/share/limbo_bringup/local_setup.dsv
[1.484s] -- Installing: /home/david/limbo/install/limbo_bringup/share/limbo_bringup/package.dsv
[1.484s] -- Installing: /home/david/limbo/install/limbo_bringup/share/ament_index/resource_index/packages/limbo_bringup
[1.485s] -- Installing: /home/david/limbo/install/limbo_bringup/share/limbo_bringup/cmake/limbo_bringupConfig.cmake
[1.485s] -- Installing: /home/david/limbo/install/limbo_bringup/share/limbo_bringup/cmake/limbo_bringupConfig-version.cmake
[1.485s] -- Installing: /home/david/limbo/install/limbo_bringup/share/limbo_bringup/package.xml
[1.524s] Invoked command in '/home/david/limbo/build/limbo_bringup' returned '0': CMAKE_PREFIX_PATH=${CMAKE_PREFIX_PATH}:/opt/ros/jazzy DEBUGINFOD_URLS=https://debuginfod.ubuntu.com /usr/bin/cmake --install /home/david/limbo/build/limbo_bringup
